[2025-10-10T22:23:06.422+0000] {local_task_job_runner.py:120} INFO - ::group::Pre task execution logs
[2025-10-10T22:23:06.462+0000] {taskinstance.py:2076} INFO - Dependencies all met for dep_context=non-requeueable deps ti=<TaskInstance: minio_to_snowflake.load_snowflake scheduled__2025-10-10T22:17:00+00:00 [queued]>
[2025-10-10T22:23:06.472+0000] {taskinstance.py:2076} INFO - Dependencies all met for dep_context=requeueable deps ti=<TaskInstance: minio_to_snowflake.load_snowflake scheduled__2025-10-10T22:17:00+00:00 [queued]>
[2025-10-10T22:23:06.473+0000] {taskinstance.py:2306} INFO - Starting attempt 1 of 2
[2025-10-10T22:23:06.489+0000] {taskinstance.py:2330} INFO - Executing <Task(PythonOperator): load_snowflake> on 2025-10-10 22:17:00+00:00
[2025-10-10T22:23:06.502+0000] {standard_task_runner.py:90} INFO - Running: ['***', 'tasks', 'run', 'minio_to_snowflake', 'load_snowflake', 'scheduled__2025-10-10T22:17:00+00:00', '--job-id', '152', '--raw', '--subdir', 'DAGS_FOLDER/minio_to_snowflake.py', '--cfg-path', '/tmp/tmpetys20hw']
[2025-10-10T22:23:06.506+0000] {standard_task_runner.py:91} INFO - Job 152: Subtask load_snowflake
[2025-10-10T22:23:06.507+0000] {logging_mixin.py:188} WARNING - /home/***/.local/lib/python3.12/site-packages/***/task/task_runner/standard_task_runner.py:62 DeprecationWarning: This process (pid=30732) is multi-threaded, use of fork() may lead to deadlocks in the child.
[2025-10-10T22:23:06.508+0000] {standard_task_runner.py:64} INFO - Started process 30745 to run task
[2025-10-10T22:23:06.573+0000] {task_command.py:426} INFO - Running <TaskInstance: minio_to_snowflake.load_snowflake scheduled__2025-10-10T22:17:00+00:00 [running]> on host e78fd7c8819f
[2025-10-10T22:23:06.667+0000] {taskinstance.py:2648} INFO - Exporting env vars: AIRFLOW_CTX_DAG_OWNER='***' AIRFLOW_CTX_DAG_ID='minio_to_snowflake' AIRFLOW_CTX_TASK_ID='load_snowflake' AIRFLOW_CTX_EXECUTION_DATE='2025-10-10T22:17:00+00:00' AIRFLOW_CTX_TRY_NUMBER='1' AIRFLOW_CTX_DAG_RUN_ID='scheduled__2025-10-10T22:17:00+00:00'
[2025-10-10T22:23:06.669+0000] {taskinstance.py:430} INFO - ::endgroup::
[2025-10-10T22:23:06.711+0000] {connection.py:408} INFO - Snowflake Connector for Python Version: 3.11.0, Python Version: 3.12.4, Platform: Linux-5.15.167.4-microsoft-standard-WSL2-x86_64-with-glibc2.36
[2025-10-10T22:23:06.713+0000] {connection.py:1258} INFO - This connection is in OCSP Fail Open Mode. TLS Certificates would be checked for validity and revocation status. Any other Certificate Revocation related exceptions or OCSP Responder failures would be disregarded in favor of connectivity.
[2025-10-10T22:23:08.059+0000] {logging_mixin.py:188} INFO - Uploaded /tmp/minio_downloads/1760097974.json to Snowflake stage
[2025-10-10T22:23:08.209+0000] {logging_mixin.py:188} INFO - Uploaded /tmp/minio_downloads/1760097983.json to Snowflake stage
[2025-10-10T22:23:08.382+0000] {logging_mixin.py:188} INFO - Uploaded /tmp/minio_downloads/1760097992.json to Snowflake stage
[2025-10-10T22:23:08.562+0000] {logging_mixin.py:188} INFO - Uploaded /tmp/minio_downloads/1760098000.json to Snowflake stage
[2025-10-10T22:23:08.716+0000] {logging_mixin.py:188} INFO - Uploaded /tmp/minio_downloads/1760098010.json to Snowflake stage
[2025-10-10T22:23:09.270+0000] {logging_mixin.py:188} INFO - Uploaded /tmp/minio_downloads/1760098020.json to Snowflake stage
[2025-10-10T22:23:09.428+0000] {logging_mixin.py:188} INFO - Uploaded /tmp/minio_downloads/1760098029.json to Snowflake stage
[2025-10-10T22:23:09.737+0000] {logging_mixin.py:188} INFO - Uploaded /tmp/minio_downloads/1760098038.json to Snowflake stage
[2025-10-10T22:23:09.886+0000] {logging_mixin.py:188} INFO - Uploaded /tmp/minio_downloads/1760098047.json to Snowflake stage
[2025-10-10T22:23:10.114+0000] {logging_mixin.py:188} INFO - Uploaded /tmp/minio_downloads/1760098056.json to Snowflake stage
[2025-10-10T22:23:10.278+0000] {logging_mixin.py:188} INFO - Uploaded /tmp/minio_downloads/1760098064.json to Snowflake stage
[2025-10-10T22:23:10.453+0000] {logging_mixin.py:188} INFO - Uploaded /tmp/minio_downloads/1760098073.json to Snowflake stage
[2025-10-10T22:23:10.607+0000] {logging_mixin.py:188} INFO - Uploaded /tmp/minio_downloads/1760098082.json to Snowflake stage
[2025-10-10T22:23:10.780+0000] {logging_mixin.py:188} INFO - Uploaded /tmp/minio_downloads/1760098091.json to Snowflake stage
[2025-10-10T22:23:10.963+0000] {logging_mixin.py:188} INFO - Uploaded /tmp/minio_downloads/1760098101.json to Snowflake stage
[2025-10-10T22:23:11.118+0000] {logging_mixin.py:188} INFO - Uploaded /tmp/minio_downloads/1760098110.json to Snowflake stage
[2025-10-10T22:23:11.267+0000] {logging_mixin.py:188} INFO - Uploaded /tmp/minio_downloads/1760098119.json to Snowflake stage
[2025-10-10T22:23:11.424+0000] {logging_mixin.py:188} INFO - Uploaded /tmp/minio_downloads/1760098127.json to Snowflake stage
[2025-10-10T22:23:11.584+0000] {logging_mixin.py:188} INFO - Uploaded /tmp/minio_downloads/1760098137.json to Snowflake stage
[2025-10-10T22:23:11.741+0000] {logging_mixin.py:188} INFO - Uploaded /tmp/minio_downloads/1760098145.json to Snowflake stage
[2025-10-10T22:23:11.898+0000] {logging_mixin.py:188} INFO - Uploaded /tmp/minio_downloads/1760098154.json to Snowflake stage
[2025-10-10T22:23:12.048+0000] {logging_mixin.py:188} INFO - Uploaded /tmp/minio_downloads/1760098163.json to Snowflake stage
[2025-10-10T22:23:12.203+0000] {logging_mixin.py:188} INFO - Uploaded /tmp/minio_downloads/1760098403.json to Snowflake stage
[2025-10-10T22:23:12.370+0000] {logging_mixin.py:188} INFO - Uploaded /tmp/minio_downloads/1760098412.json to Snowflake stage
[2025-10-10T22:23:12.516+0000] {logging_mixin.py:188} INFO - Uploaded /tmp/minio_downloads/1760098422.json to Snowflake stage
[2025-10-10T22:23:13.111+0000] {logging_mixin.py:188} INFO - Uploaded /tmp/minio_downloads/1760098432.json to Snowflake stage
[2025-10-10T22:23:13.285+0000] {logging_mixin.py:188} INFO - Uploaded /tmp/minio_downloads/1760098441.json to Snowflake stage
[2025-10-10T22:23:13.446+0000] {logging_mixin.py:188} INFO - Uploaded /tmp/minio_downloads/1760098451.json to Snowflake stage
[2025-10-10T22:23:13.588+0000] {logging_mixin.py:188} INFO - Uploaded /tmp/minio_downloads/1760098461.json to Snowflake stage
[2025-10-10T22:23:13.780+0000] {logging_mixin.py:188} INFO - Uploaded /tmp/minio_downloads/1760098470.json to Snowflake stage
[2025-10-10T22:23:14.126+0000] {logging_mixin.py:188} INFO - Uploaded /tmp/minio_downloads/1760098480.json to Snowflake stage
[2025-10-10T22:23:14.444+0000] {logging_mixin.py:188} INFO - Uploaded /tmp/minio_downloads/1760098489.json to Snowflake stage
[2025-10-10T22:23:14.598+0000] {logging_mixin.py:188} INFO - Uploaded /tmp/minio_downloads/1760098499.json to Snowflake stage
[2025-10-10T22:23:14.854+0000] {logging_mixin.py:188} INFO - Uploaded /tmp/minio_downloads/1760098508.json to Snowflake stage
[2025-10-10T22:23:15.368+0000] {logging_mixin.py:188} INFO - Uploaded /tmp/minio_downloads/1760098517.json to Snowflake stage
[2025-10-10T22:23:15.632+0000] {logging_mixin.py:188} INFO - Uploaded /tmp/minio_downloads/1760098527.json to Snowflake stage
[2025-10-10T22:23:15.791+0000] {logging_mixin.py:188} INFO - Uploaded /tmp/minio_downloads/1760098536.json to Snowflake stage
[2025-10-10T22:23:15.983+0000] {logging_mixin.py:188} INFO - Uploaded /tmp/minio_downloads/1760098546.json to Snowflake stage
[2025-10-10T22:23:16.235+0000] {logging_mixin.py:188} INFO - Uploaded /tmp/minio_downloads/1760098556.json to Snowflake stage
[2025-10-10T22:23:16.481+0000] {logging_mixin.py:188} INFO - Uploaded /tmp/minio_downloads/1760098566.json to Snowflake stage
[2025-10-11T08:21:06.753+0000] {connectionpool.py:824} WARNING - Retrying (Retry(total=0, connect=None, read=None, redirect=None, status=None)) after connection broken by 'NewConnectionError('<snowflake.connector.vendored.urllib3.connection.HTTPSConnection object at 0x7f73e9f5c560>: Failed to establish a new connection: [Errno -5] No address associated with hostname')': /queries/v1/query-request?requestId=688f7f03-7379-40fa-bfd2-ca0d9beba60f&clientStartTime=1760134996482&retryCount=1&retryReason=None&request_guid=0dc532fd-993e-4f8c-93d0-6599725eae85
[2025-10-11T08:21:16.818+0000] {connectionpool.py:824} WARNING - Retrying (Retry(total=0, connect=None, read=None, redirect=None, status=None)) after connection broken by 'NewConnectionError('<snowflake.connector.vendored.urllib3.connection.HTTPSConnection object at 0x7f73e9f5e000>: Failed to establish a new connection: [Errno -5] No address associated with hostname')': /queries/v1/query-request?requestId=688f7f03-7379-40fa-bfd2-ca0d9beba60f&clientStartTime=1760134996482&retryCount=2&retryReason=None&request_guid=3e65ac1d-a08d-49c9-84f3-a11c9fe3492a
[2025-10-11T08:21:28.848+0000] {connectionpool.py:824} WARNING - Retrying (Retry(total=0, connect=None, read=None, redirect=None, status=None)) after connection broken by 'NewConnectionError('<snowflake.connector.vendored.urllib3.connection.HTTPSConnection object at 0x7f73e9f5f7d0>: Failed to establish a new connection: [Errno -5] No address associated with hostname')': /queries/v1/query-request?requestId=688f7f03-7379-40fa-bfd2-ca0d9beba60f&clientStartTime=1760134996482&retryCount=3&retryReason=None&request_guid=35d37a76-1c37-4528-8f85-fc4b1492fa07
[2025-10-11T08:21:38.876+0000] {connectionpool.py:824} WARNING - Retrying (Retry(total=0, connect=None, read=None, redirect=None, status=None)) after connection broken by 'NewConnectionError('<snowflake.connector.vendored.urllib3.connection.HTTPSConnection object at 0x7f73e9f5f440>: Failed to establish a new connection: [Errno -5] No address associated with hostname')': /queries/v1/query-request?requestId=688f7f03-7379-40fa-bfd2-ca0d9beba60f&clientStartTime=1760134996482&retryCount=4&retryReason=None&request_guid=3ef36b4c-5cda-4013-87eb-39a2eb837fbb
[2025-10-11T08:22:00.981+0000] {connectionpool.py:824} WARNING - Retrying (Retry(total=0, connect=None, read=None, redirect=None, status=None)) after connection broken by 'NewConnectionError('<snowflake.connector.vendored.urllib3.connection.HTTPSConnection object at 0x7f73e9f5c770>: Failed to establish a new connection: [Errno -5] No address associated with hostname')': /queries/v1/query-request?requestId=688f7f03-7379-40fa-bfd2-ca0d9beba60f&clientStartTime=1760134996482&retryCount=5&retryReason=None&request_guid=41031937-d156-4d6b-9f04-210c94d23ebe
[2025-10-11T08:22:01.892+0000] {taskinstance.py:441} INFO - ::group::Post task execution logs
[2025-10-11T08:22:01.895+0000] {taskinstance.py:2905} ERROR - Task failed with exception
Traceback (most recent call last):
  File "/home/airflow/.local/lib/python3.12/site-packages/snowflake/connector/network.py", line 755, in _post_request
    ret = self._renew_session()
          ^^^^^^^^^^^^^^^^^^^^^
  File "/home/airflow/.local/lib/python3.12/site-packages/snowflake/connector/network.py", line 529, in _renew_session
    return self._token_request(REQUEST_TYPE_RENEW)
           ^^^^^^^^^^^^^^^^^^^^^^^^^^^^^^^^^^^^^^^
  File "/home/airflow/.local/lib/python3.12/site-packages/snowflake/connector/network.py", line 584, in _token_request
    raise ReauthenticationRequest(
snowflake.connector.network.ReauthenticationRequest: 390114 (08001): None: Authentication token has expired.  The user must authenticate again.

During handling of the above exception, another exception occurred:

Traceback (most recent call last):
  File "/home/airflow/.local/lib/python3.12/site-packages/airflow/models/taskinstance.py", line 465, in _execute_task
    result = _execute_callable(context=context, **execute_callable_kwargs)
             ^^^^^^^^^^^^^^^^^^^^^^^^^^^^^^^^^^^^^^^^^^^^^^^^^^^^^^^^^^^^^
  File "/home/airflow/.local/lib/python3.12/site-packages/airflow/models/taskinstance.py", line 432, in _execute_callable
    return execute_callable(context=context, **execute_callable_kwargs)
           ^^^^^^^^^^^^^^^^^^^^^^^^^^^^^^^^^^^^^^^^^^^^^^^^^^^^^^^^^^^^
  File "/home/airflow/.local/lib/python3.12/site-packages/airflow/models/baseoperator.py", line 401, in wrapper
    return func(self, *args, **kwargs)
           ^^^^^^^^^^^^^^^^^^^^^^^^^^^
  File "/home/airflow/.local/lib/python3.12/site-packages/airflow/operators/python.py", line 235, in execute
    return_value = self.execute_callable()
                   ^^^^^^^^^^^^^^^^^^^^^^^
  File "/home/airflow/.local/lib/python3.12/site-packages/airflow/operators/python.py", line 252, in execute_callable
    return self.python_callable(*self.op_args, **self.op_kwargs)
           ^^^^^^^^^^^^^^^^^^^^^^^^^^^^^^^^^^^^^^^^^^^^^^^^^^^^^
  File "/opt/airflow/dags/minio_to_snowflake.py", line 56, in load_to_snowflake
    cur.execute(f"PUT file://{f} @%bronze_stock_quotes_raw")
  File "/home/airflow/.local/lib/python3.12/site-packages/snowflake/connector/cursor.py", line 977, in execute
    ret = self._execute_helper(query, **kwargs)
          ^^^^^^^^^^^^^^^^^^^^^^^^^^^^^^^^^^^^^
  File "/home/airflow/.local/lib/python3.12/site-packages/snowflake/connector/cursor.py", line 694, in _execute_helper
    ret = self._connection.cmd_query(
          ^^^^^^^^^^^^^^^^^^^^^^^^^^^
  File "/home/airflow/.local/lib/python3.12/site-packages/snowflake/connector/connection.py", line 1328, in cmd_query
    ret = self.rest.request(
          ^^^^^^^^^^^^^^^^^^
  File "/home/airflow/.local/lib/python3.12/site-packages/snowflake/connector/network.py", line 493, in request
    return self._post_request(
           ^^^^^^^^^^^^^^^^^^^
  File "/home/airflow/.local/lib/python3.12/site-packages/snowflake/connector/network.py", line 758, in _post_request
    raise ex.cause
snowflake.connector.errors.ProgrammingError: 390114 (08001): None: Authentication token has expired.  The user must authenticate again.
[2025-10-11T08:22:01.947+0000] {taskinstance.py:1206} INFO - Marking task as UP_FOR_RETRY. dag_id=minio_to_snowflake, task_id=load_snowflake, run_id=scheduled__2025-10-10T22:17:00+00:00, execution_date=20251010T221700, start_date=20251010T222306, end_date=20251011T082201
[2025-10-11T08:22:02.191+0000] {standard_task_runner.py:110} ERROR - Failed to execute job 152 for task load_snowflake (390114 (08001): None: Authentication token has expired.  The user must authenticate again.; 30745)
[2025-10-11T08:22:02.288+0000] {local_task_job_runner.py:243} INFO - Task exited with return code 1
[2025-10-11T08:22:02.353+0000] {taskinstance.py:3503} INFO - 0 downstream tasks scheduled from follow-on schedule check
[2025-10-11T08:22:02.358+0000] {local_task_job_runner.py:222} INFO - ::endgroup::
