[2025-10-13T14:57:42.507+0000] {local_task_job_runner.py:120} INFO - ::group::Pre task execution logs
[2025-10-13T14:57:42.534+0000] {taskinstance.py:2076} INFO - Dependencies all met for dep_context=non-requeueable deps ti=<TaskInstance: minio_to_snowflake.load_snowflake scheduled__2025-10-13T14:53:00+00:00 [queued]>
[2025-10-13T14:57:42.542+0000] {taskinstance.py:2076} INFO - Dependencies all met for dep_context=requeueable deps ti=<TaskInstance: minio_to_snowflake.load_snowflake scheduled__2025-10-13T14:53:00+00:00 [queued]>
[2025-10-13T14:57:42.543+0000] {taskinstance.py:2306} INFO - Starting attempt 1 of 2
[2025-10-13T14:57:42.557+0000] {taskinstance.py:2330} INFO - Executing <Task(PythonOperator): load_snowflake> on 2025-10-13 14:53:00+00:00
[2025-10-13T14:57:42.568+0000] {standard_task_runner.py:90} INFO - Running: ['***', 'tasks', 'run', 'minio_to_snowflake', 'load_snowflake', 'scheduled__2025-10-13T14:53:00+00:00', '--job-id', '1490', '--raw', '--subdir', 'DAGS_FOLDER/minio_to_snowflake.py', '--cfg-path', '/tmp/tmpw5xpqkbf']
[2025-10-13T14:57:42.570+0000] {standard_task_runner.py:91} INFO - Job 1490: Subtask load_snowflake
[2025-10-13T14:57:42.571+0000] {logging_mixin.py:188} WARNING - /home/***/.local/lib/python3.12/site-packages/***/task/task_runner/standard_task_runner.py:62 DeprecationWarning: This process (pid=41729) is multi-threaded, use of fork() may lead to deadlocks in the child.
[2025-10-13T14:57:42.572+0000] {standard_task_runner.py:64} INFO - Started process 41742 to run task
[2025-10-13T14:57:42.620+0000] {task_command.py:426} INFO - Running <TaskInstance: minio_to_snowflake.load_snowflake scheduled__2025-10-13T14:53:00+00:00 [running]> on host e78fd7c8819f
[2025-10-13T14:57:42.709+0000] {taskinstance.py:2648} INFO - Exporting env vars: AIRFLOW_CTX_DAG_OWNER='***' AIRFLOW_CTX_DAG_ID='minio_to_snowflake' AIRFLOW_CTX_TASK_ID='load_snowflake' AIRFLOW_CTX_EXECUTION_DATE='2025-10-13T14:53:00+00:00' AIRFLOW_CTX_TRY_NUMBER='1' AIRFLOW_CTX_DAG_RUN_ID='scheduled__2025-10-13T14:53:00+00:00'
[2025-10-13T14:57:42.711+0000] {taskinstance.py:430} INFO - ::endgroup::
[2025-10-13T14:57:42.736+0000] {connection.py:408} INFO - Snowflake Connector for Python Version: 3.11.0, Python Version: 3.12.4, Platform: Linux-5.15.167.4-microsoft-standard-WSL2-x86_64-with-glibc2.36
[2025-10-13T14:57:42.737+0000] {connection.py:1258} INFO - This connection is in OCSP Fail Open Mode. TLS Certificates would be checked for validity and revocation status. Any other Certificate Revocation related exceptions or OCSP Responder failures would be disregarded in favor of connectivity.
[2025-10-13T14:57:43.592+0000] {logging_mixin.py:188} INFO - Uploaded /tmp/minio_downloads/1760097974.json to Snowflake stage
[2025-10-13T14:57:43.708+0000] {logging_mixin.py:188} INFO - Uploaded /tmp/minio_downloads/1760097983.json to Snowflake stage
[2025-10-13T14:57:43.878+0000] {logging_mixin.py:188} INFO - Uploaded /tmp/minio_downloads/1760097992.json to Snowflake stage
[2025-10-13T14:57:44.495+0000] {logging_mixin.py:188} INFO - Uploaded /tmp/minio_downloads/1760098000.json to Snowflake stage
[2025-10-13T14:57:44.622+0000] {logging_mixin.py:188} INFO - Uploaded /tmp/minio_downloads/1760098010.json to Snowflake stage
[2025-10-13T14:57:44.746+0000] {logging_mixin.py:188} INFO - Uploaded /tmp/minio_downloads/1760098020.json to Snowflake stage
[2025-10-13T14:57:44.877+0000] {logging_mixin.py:188} INFO - Uploaded /tmp/minio_downloads/1760098029.json to Snowflake stage
[2025-10-13T14:57:45.028+0000] {logging_mixin.py:188} INFO - Uploaded /tmp/minio_downloads/1760098038.json to Snowflake stage
[2025-10-13T14:57:45.180+0000] {logging_mixin.py:188} INFO - Uploaded /tmp/minio_downloads/1760098047.json to Snowflake stage
[2025-10-13T14:57:45.290+0000] {logging_mixin.py:188} INFO - Uploaded /tmp/minio_downloads/1760098056.json to Snowflake stage
[2025-10-13T14:57:45.421+0000] {logging_mixin.py:188} INFO - Uploaded /tmp/minio_downloads/1760098064.json to Snowflake stage
[2025-10-13T14:57:45.540+0000] {logging_mixin.py:188} INFO - Uploaded /tmp/minio_downloads/1760098073.json to Snowflake stage
[2025-10-13T14:57:45.975+0000] {logging_mixin.py:188} INFO - Uploaded /tmp/minio_downloads/1760098082.json to Snowflake stage
[2025-10-13T14:57:46.346+0000] {logging_mixin.py:188} INFO - Uploaded /tmp/minio_downloads/1760098091.json to Snowflake stage
[2025-10-13T14:57:46.459+0000] {logging_mixin.py:188} INFO - Uploaded /tmp/minio_downloads/1760098101.json to Snowflake stage
[2025-10-13T14:57:46.609+0000] {logging_mixin.py:188} INFO - Uploaded /tmp/minio_downloads/1760098110.json to Snowflake stage
[2025-10-13T14:57:46.730+0000] {logging_mixin.py:188} INFO - Uploaded /tmp/minio_downloads/1760098119.json to Snowflake stage
[2025-10-13T14:57:46.849+0000] {logging_mixin.py:188} INFO - Uploaded /tmp/minio_downloads/1760098127.json to Snowflake stage
[2025-10-13T14:57:47.002+0000] {logging_mixin.py:188} INFO - Uploaded /tmp/minio_downloads/1760098137.json to Snowflake stage
[2025-10-13T14:57:47.119+0000] {logging_mixin.py:188} INFO - Uploaded /tmp/minio_downloads/1760098145.json to Snowflake stage
[2025-10-13T14:57:47.237+0000] {logging_mixin.py:188} INFO - Uploaded /tmp/minio_downloads/1760098154.json to Snowflake stage
[2025-10-13T14:57:47.423+0000] {logging_mixin.py:188} INFO - Uploaded /tmp/minio_downloads/1760098163.json to Snowflake stage
[2025-10-13T14:57:47.556+0000] {logging_mixin.py:188} INFO - Uploaded /tmp/minio_downloads/1760098403.json to Snowflake stage
[2025-10-13T14:57:47.669+0000] {logging_mixin.py:188} INFO - Uploaded /tmp/minio_downloads/1760098412.json to Snowflake stage
[2025-10-13T14:57:47.799+0000] {logging_mixin.py:188} INFO - Uploaded /tmp/minio_downloads/1760098422.json to Snowflake stage
[2025-10-13T14:57:47.943+0000] {logging_mixin.py:188} INFO - Uploaded /tmp/minio_downloads/1760098432.json to Snowflake stage
[2025-10-13T14:57:48.073+0000] {logging_mixin.py:188} INFO - Uploaded /tmp/minio_downloads/1760098441.json to Snowflake stage
[2025-10-13T14:57:48.244+0000] {logging_mixin.py:188} INFO - Uploaded /tmp/minio_downloads/1760098451.json to Snowflake stage
[2025-10-13T14:57:48.353+0000] {logging_mixin.py:188} INFO - Uploaded /tmp/minio_downloads/1760098461.json to Snowflake stage
[2025-10-13T14:57:48.557+0000] {logging_mixin.py:188} INFO - Uploaded /tmp/minio_downloads/1760098470.json to Snowflake stage
[2025-10-13T14:57:48.725+0000] {logging_mixin.py:188} INFO - Uploaded /tmp/minio_downloads/1760098480.json to Snowflake stage
[2025-10-13T14:57:48.855+0000] {logging_mixin.py:188} INFO - Uploaded /tmp/minio_downloads/1760098489.json to Snowflake stage
[2025-10-13T14:57:49.060+0000] {logging_mixin.py:188} INFO - Uploaded /tmp/minio_downloads/1760098499.json to Snowflake stage
[2025-10-13T14:57:49.258+0000] {logging_mixin.py:188} INFO - Uploaded /tmp/minio_downloads/1760098508.json to Snowflake stage
[2025-10-13T14:57:49.377+0000] {logging_mixin.py:188} INFO - Uploaded /tmp/minio_downloads/1760098517.json to Snowflake stage
[2025-10-13T14:57:49.509+0000] {logging_mixin.py:188} INFO - Uploaded /tmp/minio_downloads/1760098527.json to Snowflake stage
[2025-10-13T14:57:49.652+0000] {logging_mixin.py:188} INFO - Uploaded /tmp/minio_downloads/1760098536.json to Snowflake stage
[2025-10-13T14:57:49.810+0000] {logging_mixin.py:188} INFO - Uploaded /tmp/minio_downloads/1760098546.json to Snowflake stage
[2025-10-13T14:57:49.946+0000] {logging_mixin.py:188} INFO - Uploaded /tmp/minio_downloads/1760098556.json to Snowflake stage
[2025-10-13T14:57:50.054+0000] {logging_mixin.py:188} INFO - Uploaded /tmp/minio_downloads/1760098566.json to Snowflake stage
[2025-10-13T14:57:50.194+0000] {logging_mixin.py:188} INFO - Uploaded /tmp/minio_downloads/1760098575.json to Snowflake stage
[2025-10-13T14:57:50.311+0000] {logging_mixin.py:188} INFO - Uploaded /tmp/minio_downloads/1760098584.json to Snowflake stage
[2025-10-13T14:57:50.466+0000] {logging_mixin.py:188} INFO - Uploaded /tmp/minio_downloads/1760098594.json to Snowflake stage
[2025-10-13T14:57:51.615+0000] {logging_mixin.py:188} INFO - Uploaded /tmp/minio_downloads/1760098604.json to Snowflake stage
[2025-10-13T14:57:51.747+0000] {logging_mixin.py:188} INFO - Uploaded /tmp/minio_downloads/1760098614.json to Snowflake stage
[2025-10-13T14:57:51.868+0000] {logging_mixin.py:188} INFO - Uploaded /tmp/minio_downloads/1760098624.json to Snowflake stage
[2025-10-13T14:57:52.000+0000] {logging_mixin.py:188} INFO - Uploaded /tmp/minio_downloads/1760098634.json to Snowflake stage
[2025-10-13T14:57:52.132+0000] {logging_mixin.py:188} INFO - Uploaded /tmp/minio_downloads/1760098643.json to Snowflake stage
[2025-10-13T14:57:52.246+0000] {logging_mixin.py:188} INFO - Uploaded /tmp/minio_downloads/1760098653.json to Snowflake stage
[2025-10-13T14:57:52.371+0000] {logging_mixin.py:188} INFO - Uploaded /tmp/minio_downloads/1760098662.json to Snowflake stage
[2025-10-13T14:57:52.510+0000] {logging_mixin.py:188} INFO - Uploaded /tmp/minio_downloads/1760098672.json to Snowflake stage
[2025-10-13T14:57:52.633+0000] {logging_mixin.py:188} INFO - Uploaded /tmp/minio_downloads/1760098681.json to Snowflake stage
[2025-10-13T14:57:52.775+0000] {logging_mixin.py:188} INFO - Uploaded /tmp/minio_downloads/1760098691.json to Snowflake stage
[2025-10-13T14:57:52.891+0000] {logging_mixin.py:188} INFO - Uploaded /tmp/minio_downloads/1760098701.json to Snowflake stage
[2025-10-13T14:57:53.023+0000] {logging_mixin.py:188} INFO - Uploaded /tmp/minio_downloads/1760098710.json to Snowflake stage
[2025-10-13T14:57:53.149+0000] {logging_mixin.py:188} INFO - Uploaded /tmp/minio_downloads/1760098719.json to Snowflake stage
[2025-10-13T14:57:53.280+0000] {logging_mixin.py:188} INFO - Uploaded /tmp/minio_downloads/1760098728.json to Snowflake stage
[2025-10-13T14:57:53.399+0000] {logging_mixin.py:188} INFO - Uploaded /tmp/minio_downloads/1760098738.json to Snowflake stage
[2025-10-13T14:57:53.548+0000] {logging_mixin.py:188} INFO - Uploaded /tmp/minio_downloads/1760098747.json to Snowflake stage
[2025-10-13T14:57:53.661+0000] {logging_mixin.py:188} INFO - Uploaded /tmp/minio_downloads/1760098757.json to Snowflake stage
[2025-10-13T14:57:53.786+0000] {logging_mixin.py:188} INFO - Uploaded /tmp/minio_downloads/1760098767.json to Snowflake stage
[2025-10-13T14:57:53.936+0000] {logging_mixin.py:188} INFO - Uploaded /tmp/minio_downloads/1760098776.json to Snowflake stage
[2025-10-13T14:57:54.110+0000] {logging_mixin.py:188} INFO - Uploaded /tmp/minio_downloads/1760098785.json to Snowflake stage
[2025-10-13T14:57:54.246+0000] {logging_mixin.py:188} INFO - Uploaded /tmp/minio_downloads/1760098794.json to Snowflake stage
[2025-10-13T14:57:54.437+0000] {logging_mixin.py:188} INFO - Uploaded /tmp/minio_downloads/1760098804.json to Snowflake stage
[2025-10-13T14:57:54.577+0000] {logging_mixin.py:188} INFO - Uploaded /tmp/minio_downloads/1760098814.json to Snowflake stage
[2025-10-13T14:57:54.714+0000] {logging_mixin.py:188} INFO - Uploaded /tmp/minio_downloads/1760098823.json to Snowflake stage
[2025-10-13T14:57:54.829+0000] {logging_mixin.py:188} INFO - Uploaded /tmp/minio_downloads/1760098833.json to Snowflake stage
[2025-10-13T14:57:54.995+0000] {logging_mixin.py:188} INFO - Uploaded /tmp/minio_downloads/1760098842.json to Snowflake stage
[2025-10-13T14:57:55.125+0000] {logging_mixin.py:188} INFO - Uploaded /tmp/minio_downloads/1760098851.json to Snowflake stage
[2025-10-13T14:57:55.243+0000] {logging_mixin.py:188} INFO - Uploaded /tmp/minio_downloads/1760098860.json to Snowflake stage
[2025-10-13T14:57:55.359+0000] {logging_mixin.py:188} INFO - Uploaded /tmp/minio_downloads/1760098869.json to Snowflake stage
[2025-10-13T14:57:55.510+0000] {logging_mixin.py:188} INFO - Uploaded /tmp/minio_downloads/1760098878.json to Snowflake stage
[2025-10-13T14:57:55.638+0000] {logging_mixin.py:188} INFO - Uploaded /tmp/minio_downloads/1760098888.json to Snowflake stage
[2025-10-13T14:57:55.785+0000] {logging_mixin.py:188} INFO - Uploaded /tmp/minio_downloads/1760098897.json to Snowflake stage
[2025-10-13T14:57:56.680+0000] {logging_mixin.py:188} INFO - Uploaded /tmp/minio_downloads/1760098906.json to Snowflake stage
[2025-10-13T14:57:56.787+0000] {logging_mixin.py:188} INFO - Uploaded /tmp/minio_downloads/1760098915.json to Snowflake stage
[2025-10-13T14:57:56.926+0000] {logging_mixin.py:188} INFO - Uploaded /tmp/minio_downloads/1760098925.json to Snowflake stage
[2025-10-13T14:57:57.048+0000] {logging_mixin.py:188} INFO - Uploaded /tmp/minio_downloads/1760098934.json to Snowflake stage
[2025-10-13T14:57:57.164+0000] {logging_mixin.py:188} INFO - Uploaded /tmp/minio_downloads/1760098944.json to Snowflake stage
[2025-10-13T14:57:57.301+0000] {logging_mixin.py:188} INFO - Uploaded /tmp/minio_downloads/1760098954.json to Snowflake stage
[2025-10-13T14:57:57.459+0000] {logging_mixin.py:188} INFO - Uploaded /tmp/minio_downloads/1760098964.json to Snowflake stage
[2025-10-13T14:57:57.573+0000] {logging_mixin.py:188} INFO - Uploaded /tmp/minio_downloads/1760098973.json to Snowflake stage
[2025-10-13T14:57:57.692+0000] {logging_mixin.py:188} INFO - Uploaded /tmp/minio_downloads/1760098983.json to Snowflake stage
[2025-10-13T14:57:57.804+0000] {logging_mixin.py:188} INFO - Uploaded /tmp/minio_downloads/1760098992.json to Snowflake stage
[2025-10-13T14:57:57.929+0000] {logging_mixin.py:188} INFO - Uploaded /tmp/minio_downloads/1760099002.json to Snowflake stage
[2025-10-13T14:57:58.047+0000] {logging_mixin.py:188} INFO - Uploaded /tmp/minio_downloads/1760099012.json to Snowflake stage
[2025-10-13T14:57:58.157+0000] {logging_mixin.py:188} INFO - Uploaded /tmp/minio_downloads/1760099021.json to Snowflake stage
[2025-10-13T14:57:58.287+0000] {logging_mixin.py:188} INFO - Uploaded /tmp/minio_downloads/1760099030.json to Snowflake stage
[2025-10-13T14:57:58.445+0000] {logging_mixin.py:188} INFO - Uploaded /tmp/minio_downloads/1760099039.json to Snowflake stage
[2025-10-13T14:57:58.920+0000] {logging_mixin.py:188} INFO - Uploaded /tmp/minio_downloads/1760099049.json to Snowflake stage
[2025-10-13T14:57:59.253+0000] {logging_mixin.py:188} INFO - Uploaded /tmp/minio_downloads/1760099058.json to Snowflake stage
[2025-10-13T14:57:59.500+0000] {logging_mixin.py:188} INFO - Uploaded /tmp/minio_downloads/1760099068.json to Snowflake stage
[2025-10-13T14:57:59.696+0000] {logging_mixin.py:188} INFO - Uploaded /tmp/minio_downloads/1760099077.json to Snowflake stage
[2025-10-13T14:57:59.852+0000] {logging_mixin.py:188} INFO - Uploaded /tmp/minio_downloads/1760099086.json to Snowflake stage
[2025-10-13T14:57:59.980+0000] {logging_mixin.py:188} INFO - Uploaded /tmp/minio_downloads/1760099096.json to Snowflake stage
[2025-10-13T14:58:00.101+0000] {logging_mixin.py:188} INFO - Uploaded /tmp/minio_downloads/1760099105.json to Snowflake stage
[2025-10-13T14:58:00.238+0000] {logging_mixin.py:188} INFO - Uploaded /tmp/minio_downloads/1760099115.json to Snowflake stage
[2025-10-13T14:58:00.388+0000] {logging_mixin.py:188} INFO - Uploaded /tmp/minio_downloads/1760099125.json to Snowflake stage
[2025-10-13T14:58:00.521+0000] {logging_mixin.py:188} INFO - Uploaded /tmp/minio_downloads/1760099134.json to Snowflake stage
[2025-10-13T14:58:00.675+0000] {logging_mixin.py:188} INFO - Uploaded /tmp/minio_downloads/1760099144.json to Snowflake stage
[2025-10-13T14:58:00.824+0000] {logging_mixin.py:188} INFO - Uploaded /tmp/minio_downloads/1760099154.json to Snowflake stage
[2025-10-13T14:58:00.955+0000] {logging_mixin.py:188} INFO - Uploaded /tmp/minio_downloads/1760099163.json to Snowflake stage
[2025-10-13T14:58:01.087+0000] {logging_mixin.py:188} INFO - Uploaded /tmp/minio_downloads/1760099173.json to Snowflake stage
[2025-10-13T14:58:01.222+0000] {logging_mixin.py:188} INFO - Uploaded /tmp/minio_downloads/1760099183.json to Snowflake stage
[2025-10-13T14:58:01.371+0000] {logging_mixin.py:188} INFO - Uploaded /tmp/minio_downloads/1760099192.json to Snowflake stage
[2025-10-13T14:58:01.491+0000] {logging_mixin.py:188} INFO - Uploaded /tmp/minio_downloads/1760099201.json to Snowflake stage
[2025-10-13T14:58:01.624+0000] {logging_mixin.py:188} INFO - Uploaded /tmp/minio_downloads/1760099210.json to Snowflake stage
[2025-10-13T14:58:01.759+0000] {logging_mixin.py:188} INFO - Uploaded /tmp/minio_downloads/1760099220.json to Snowflake stage
[2025-10-13T14:58:01.893+0000] {logging_mixin.py:188} INFO - Uploaded /tmp/minio_downloads/1760099229.json to Snowflake stage
[2025-10-13T14:58:02.017+0000] {logging_mixin.py:188} INFO - Uploaded /tmp/minio_downloads/1760099238.json to Snowflake stage
[2025-10-13T14:58:02.829+0000] {logging_mixin.py:188} INFO - Uploaded /tmp/minio_downloads/1760099247.json to Snowflake stage
[2025-10-13T14:58:03.022+0000] {logging_mixin.py:188} INFO - Uploaded /tmp/minio_downloads/1760099256.json to Snowflake stage
[2025-10-13T14:58:03.136+0000] {logging_mixin.py:188} INFO - Uploaded /tmp/minio_downloads/1760099266.json to Snowflake stage
[2025-10-13T14:58:04.075+0000] {logging_mixin.py:188} INFO - Uploaded /tmp/minio_downloads/1760099275.json to Snowflake stage
[2025-10-13T14:58:04.189+0000] {logging_mixin.py:188} INFO - Uploaded /tmp/minio_downloads/1760099285.json to Snowflake stage
[2025-10-13T14:58:04.304+0000] {logging_mixin.py:188} INFO - Uploaded /tmp/minio_downloads/1760099294.json to Snowflake stage
[2025-10-13T14:58:04.427+0000] {logging_mixin.py:188} INFO - Uploaded /tmp/minio_downloads/1760099303.json to Snowflake stage
[2025-10-13T14:58:04.542+0000] {logging_mixin.py:188} INFO - Uploaded /tmp/minio_downloads/1760099312.json to Snowflake stage
[2025-10-13T14:58:04.745+0000] {logging_mixin.py:188} INFO - Uploaded /tmp/minio_downloads/1760099322.json to Snowflake stage
[2025-10-13T14:58:04.871+0000] {logging_mixin.py:188} INFO - Uploaded /tmp/minio_downloads/1760099331.json to Snowflake stage
[2025-10-13T14:58:05.048+0000] {logging_mixin.py:188} INFO - Uploaded /tmp/minio_downloads/1760099340.json to Snowflake stage
[2025-10-13T14:58:05.176+0000] {logging_mixin.py:188} INFO - Uploaded /tmp/minio_downloads/1760099349.json to Snowflake stage
[2025-10-13T14:58:05.296+0000] {logging_mixin.py:188} INFO - Uploaded /tmp/minio_downloads/1760099358.json to Snowflake stage
[2025-10-13T14:58:05.506+0000] {logging_mixin.py:188} INFO - Uploaded /tmp/minio_downloads/1760099368.json to Snowflake stage
[2025-10-13T14:58:05.665+0000] {logging_mixin.py:188} INFO - Uploaded /tmp/minio_downloads/1760099378.json to Snowflake stage
[2025-10-13T14:58:05.789+0000] {logging_mixin.py:188} INFO - Uploaded /tmp/minio_downloads/1760099387.json to Snowflake stage
[2025-10-13T14:58:05.913+0000] {logging_mixin.py:188} INFO - Uploaded /tmp/minio_downloads/1760099397.json to Snowflake stage
[2025-10-13T14:58:06.111+0000] {logging_mixin.py:188} INFO - Uploaded /tmp/minio_downloads/1760099406.json to Snowflake stage
[2025-10-13T14:58:06.230+0000] {logging_mixin.py:188} INFO - Uploaded /tmp/minio_downloads/1760099415.json to Snowflake stage
[2025-10-13T14:58:06.406+0000] {logging_mixin.py:188} INFO - Uploaded /tmp/minio_downloads/1760099425.json to Snowflake stage
[2025-10-13T14:58:06.586+0000] {logging_mixin.py:188} INFO - Uploaded /tmp/minio_downloads/1760099435.json to Snowflake stage
[2025-10-13T14:58:06.801+0000] {logging_mixin.py:188} INFO - Uploaded /tmp/minio_downloads/1760099444.json to Snowflake stage
[2025-10-13T14:58:06.918+0000] {logging_mixin.py:188} INFO - Uploaded /tmp/minio_downloads/1760099453.json to Snowflake stage
[2025-10-13T14:58:07.094+0000] {logging_mixin.py:188} INFO - Uploaded /tmp/minio_downloads/1760099463.json to Snowflake stage
[2025-10-13T14:58:07.247+0000] {logging_mixin.py:188} INFO - Uploaded /tmp/minio_downloads/1760099483.json to Snowflake stage
[2025-10-13T14:58:07.363+0000] {logging_mixin.py:188} INFO - Uploaded /tmp/minio_downloads/1760099493.json to Snowflake stage
[2025-10-13T14:58:07.626+0000] {logging_mixin.py:188} INFO - Uploaded /tmp/minio_downloads/1760099503.json to Snowflake stage
[2025-10-13T14:58:07.794+0000] {logging_mixin.py:188} INFO - Uploaded /tmp/minio_downloads/1760099513.json to Snowflake stage
[2025-10-13T14:58:07.932+0000] {logging_mixin.py:188} INFO - Uploaded /tmp/minio_downloads/1760099522.json to Snowflake stage
[2025-10-13T14:58:08.058+0000] {logging_mixin.py:188} INFO - Uploaded /tmp/minio_downloads/1760099532.json to Snowflake stage
[2025-10-13T14:58:08.273+0000] {logging_mixin.py:188} INFO - Uploaded /tmp/minio_downloads/1760099541.json to Snowflake stage
[2025-10-13T14:58:08.388+0000] {logging_mixin.py:188} INFO - Uploaded /tmp/minio_downloads/1760099550.json to Snowflake stage
[2025-10-13T14:58:08.579+0000] {logging_mixin.py:188} INFO - Uploaded /tmp/minio_downloads/1760099559.json to Snowflake stage
[2025-10-13T14:58:08.737+0000] {logging_mixin.py:188} INFO - Uploaded /tmp/minio_downloads/1760099568.json to Snowflake stage
[2025-10-13T14:58:08.942+0000] {logging_mixin.py:188} INFO - Uploaded /tmp/minio_downloads/1760099578.json to Snowflake stage
[2025-10-13T14:58:09.096+0000] {logging_mixin.py:188} INFO - Uploaded /tmp/minio_downloads/1760099588.json to Snowflake stage
[2025-10-13T14:58:09.227+0000] {logging_mixin.py:188} INFO - Uploaded /tmp/minio_downloads/1760099597.json to Snowflake stage
[2025-10-13T14:58:09.454+0000] {logging_mixin.py:188} INFO - Uploaded /tmp/minio_downloads/1760099606.json to Snowflake stage
[2025-10-13T14:58:09.649+0000] {logging_mixin.py:188} INFO - Uploaded /tmp/minio_downloads/1760099616.json to Snowflake stage
[2025-10-13T14:58:09.772+0000] {logging_mixin.py:188} INFO - Uploaded /tmp/minio_downloads/1760099625.json to Snowflake stage
[2025-10-13T14:58:10.006+0000] {logging_mixin.py:188} INFO - Uploaded /tmp/minio_downloads/1760099635.json to Snowflake stage
[2025-10-13T14:58:10.155+0000] {logging_mixin.py:188} INFO - Uploaded /tmp/minio_downloads/1760099645.json to Snowflake stage
[2025-10-13T14:58:10.275+0000] {logging_mixin.py:188} INFO - Uploaded /tmp/minio_downloads/1760099655.json to Snowflake stage
[2025-10-13T14:58:10.476+0000] {logging_mixin.py:188} INFO - Uploaded /tmp/minio_downloads/1760099664.json to Snowflake stage
[2025-10-13T14:58:10.859+0000] {logging_mixin.py:188} INFO - Uploaded /tmp/minio_downloads/1760099673.json to Snowflake stage
[2025-10-13T14:58:11.376+0000] {logging_mixin.py:188} INFO - Uploaded /tmp/minio_downloads/1760099682.json to Snowflake stage
[2025-10-13T14:58:11.633+0000] {logging_mixin.py:188} INFO - Uploaded /tmp/minio_downloads/1760099692.json to Snowflake stage
[2025-10-13T14:58:11.833+0000] {logging_mixin.py:188} INFO - Uploaded /tmp/minio_downloads/1760099701.json to Snowflake stage
[2025-10-13T14:58:12.038+0000] {logging_mixin.py:188} INFO - Uploaded /tmp/minio_downloads/1760099710.json to Snowflake stage
[2025-10-13T14:58:12.203+0000] {logging_mixin.py:188} INFO - Uploaded /tmp/minio_downloads/1760099719.json to Snowflake stage
[2025-10-13T14:58:12.364+0000] {logging_mixin.py:188} INFO - Uploaded /tmp/minio_downloads/1760099728.json to Snowflake stage
[2025-10-13T14:58:12.584+0000] {logging_mixin.py:188} INFO - Uploaded /tmp/minio_downloads/1760099737.json to Snowflake stage
[2025-10-13T14:58:12.751+0000] {logging_mixin.py:188} INFO - Uploaded /tmp/minio_downloads/1760099746.json to Snowflake stage
[2025-10-13T14:58:12.899+0000] {logging_mixin.py:188} INFO - Uploaded /tmp/minio_downloads/1760099756.json to Snowflake stage
[2025-10-13T14:58:13.023+0000] {logging_mixin.py:188} INFO - Uploaded /tmp/minio_downloads/1760099765.json to Snowflake stage
[2025-10-13T14:58:13.172+0000] {logging_mixin.py:188} INFO - Uploaded /tmp/minio_downloads/1760099775.json to Snowflake stage
[2025-10-13T14:58:13.293+0000] {logging_mixin.py:188} INFO - Uploaded /tmp/minio_downloads/1760099784.json to Snowflake stage
[2025-10-13T14:58:13.409+0000] {logging_mixin.py:188} INFO - Uploaded /tmp/minio_downloads/1760099793.json to Snowflake stage
[2025-10-13T14:58:13.581+0000] {logging_mixin.py:188} INFO - Uploaded /tmp/minio_downloads/1760099803.json to Snowflake stage
[2025-10-13T14:58:13.698+0000] {logging_mixin.py:188} INFO - Uploaded /tmp/minio_downloads/1760099812.json to Snowflake stage
[2025-10-13T14:58:13.844+0000] {logging_mixin.py:188} INFO - Uploaded /tmp/minio_downloads/1760099822.json to Snowflake stage
[2025-10-13T14:58:13.991+0000] {logging_mixin.py:188} INFO - Uploaded /tmp/minio_downloads/1760099832.json to Snowflake stage
[2025-10-13T14:58:14.116+0000] {logging_mixin.py:188} INFO - Uploaded /tmp/minio_downloads/1760099841.json to Snowflake stage
[2025-10-13T14:58:14.260+0000] {logging_mixin.py:188} INFO - Uploaded /tmp/minio_downloads/1760099850.json to Snowflake stage
[2025-10-13T14:58:15.056+0000] {logging_mixin.py:188} INFO - Uploaded /tmp/minio_downloads/1760099860.json to Snowflake stage
[2025-10-13T14:58:15.171+0000] {logging_mixin.py:188} INFO - Uploaded /tmp/minio_downloads/1760099869.json to Snowflake stage
[2025-10-13T14:58:15.285+0000] {logging_mixin.py:188} INFO - Uploaded /tmp/minio_downloads/1760099878.json to Snowflake stage
[2025-10-13T14:58:15.400+0000] {logging_mixin.py:188} INFO - Uploaded /tmp/minio_downloads/1760099887.json to Snowflake stage
[2025-10-13T14:58:15.565+0000] {logging_mixin.py:188} INFO - Uploaded /tmp/minio_downloads/1760099896.json to Snowflake stage
[2025-10-13T14:58:15.683+0000] {logging_mixin.py:188} INFO - Uploaded /tmp/minio_downloads/1760099905.json to Snowflake stage
[2025-10-13T14:58:15.800+0000] {logging_mixin.py:188} INFO - Uploaded /tmp/minio_downloads/1760099915.json to Snowflake stage
[2025-10-13T14:58:15.951+0000] {logging_mixin.py:188} INFO - Uploaded /tmp/minio_downloads/1760099925.json to Snowflake stage
[2025-10-13T14:58:16.066+0000] {logging_mixin.py:188} INFO - Uploaded /tmp/minio_downloads/1760099934.json to Snowflake stage
[2025-10-13T14:58:16.184+0000] {logging_mixin.py:188} INFO - Uploaded /tmp/minio_downloads/1760099943.json to Snowflake stage
[2025-10-13T14:58:16.307+0000] {logging_mixin.py:188} INFO - Uploaded /tmp/minio_downloads/1760099952.json to Snowflake stage
[2025-10-13T14:58:16.478+0000] {logging_mixin.py:188} INFO - Uploaded /tmp/minio_downloads/1760099962.json to Snowflake stage
[2025-10-13T14:58:16.586+0000] {logging_mixin.py:188} INFO - Uploaded /tmp/minio_downloads/1760099971.json to Snowflake stage
[2025-10-13T14:58:16.703+0000] {logging_mixin.py:188} INFO - Uploaded /tmp/minio_downloads/1760099980.json to Snowflake stage
[2025-10-13T14:58:16.915+0000] {logging_mixin.py:188} INFO - Uploaded /tmp/minio_downloads/1760099989.json to Snowflake stage
[2025-10-13T14:58:17.137+0000] {logging_mixin.py:188} INFO - Uploaded /tmp/minio_downloads/1760099999.json to Snowflake stage
[2025-10-13T14:58:17.250+0000] {logging_mixin.py:188} INFO - Uploaded /tmp/minio_downloads/1760100008.json to Snowflake stage
[2025-10-13T14:58:17.374+0000] {logging_mixin.py:188} INFO - Uploaded /tmp/minio_downloads/1760100017.json to Snowflake stage
[2025-10-13T14:58:17.588+0000] {logging_mixin.py:188} INFO - Uploaded /tmp/minio_downloads/1760100027.json to Snowflake stage
[2025-10-13T14:58:17.716+0000] {logging_mixin.py:188} INFO - Uploaded /tmp/minio_downloads/1760100036.json to Snowflake stage
[2025-10-13T14:58:18.354+0000] {logging_mixin.py:188} INFO - Uploaded /tmp/minio_downloads/1760100046.json to Snowflake stage
[2025-10-13T14:58:18.673+0000] {logging_mixin.py:188} INFO - Uploaded /tmp/minio_downloads/1760100055.json to Snowflake stage
[2025-10-13T14:58:18.835+0000] {logging_mixin.py:188} INFO - Uploaded /tmp/minio_downloads/1760100064.json to Snowflake stage
[2025-10-13T14:58:19.012+0000] {logging_mixin.py:188} INFO - Uploaded /tmp/minio_downloads/1760100074.json to Snowflake stage
[2025-10-13T14:58:19.214+0000] {logging_mixin.py:188} INFO - Uploaded /tmp/minio_downloads/1760100083.json to Snowflake stage
[2025-10-13T14:58:19.361+0000] {logging_mixin.py:188} INFO - Uploaded /tmp/minio_downloads/1760100092.json to Snowflake stage
[2025-10-13T14:58:19.528+0000] {logging_mixin.py:188} INFO - Uploaded /tmp/minio_downloads/1760100102.json to Snowflake stage
[2025-10-13T14:58:19.733+0000] {logging_mixin.py:188} INFO - Uploaded /tmp/minio_downloads/1760100112.json to Snowflake stage
[2025-10-13T14:58:19.852+0000] {logging_mixin.py:188} INFO - Uploaded /tmp/minio_downloads/1760100121.json to Snowflake stage
[2025-10-13T14:58:19.976+0000] {logging_mixin.py:188} INFO - Uploaded /tmp/minio_downloads/1760100130.json to Snowflake stage
[2025-10-13T14:58:20.524+0000] {logging_mixin.py:188} INFO - Uploaded /tmp/minio_downloads/1760100139.json to Snowflake stage
[2025-10-13T14:58:20.738+0000] {logging_mixin.py:188} INFO - Uploaded /tmp/minio_downloads/1760100149.json to Snowflake stage
[2025-10-13T14:58:20.865+0000] {logging_mixin.py:188} INFO - Uploaded /tmp/minio_downloads/1760100159.json to Snowflake stage
[2025-10-13T14:58:21.023+0000] {logging_mixin.py:188} INFO - Uploaded /tmp/minio_downloads/1760100168.json to Snowflake stage
[2025-10-13T14:58:21.202+0000] {logging_mixin.py:188} INFO - Uploaded /tmp/minio_downloads/1760100177.json to Snowflake stage
[2025-10-13T14:58:21.398+0000] {logging_mixin.py:188} INFO - Uploaded /tmp/minio_downloads/1760100186.json to Snowflake stage
[2025-10-13T14:58:21.550+0000] {logging_mixin.py:188} INFO - Uploaded /tmp/minio_downloads/1760100195.json to Snowflake stage
[2025-10-13T14:58:21.665+0000] {logging_mixin.py:188} INFO - Uploaded /tmp/minio_downloads/1760100205.json to Snowflake stage
[2025-10-13T14:58:21.786+0000] {logging_mixin.py:188} INFO - Uploaded /tmp/minio_downloads/1760100214.json to Snowflake stage
[2025-10-13T14:58:21.938+0000] {logging_mixin.py:188} INFO - Uploaded /tmp/minio_downloads/1760100224.json to Snowflake stage
[2025-10-13T14:58:22.122+0000] {logging_mixin.py:188} INFO - Uploaded /tmp/minio_downloads/1760100233.json to Snowflake stage
[2025-10-13T14:58:22.253+0000] {logging_mixin.py:188} INFO - Uploaded /tmp/minio_downloads/1760100243.json to Snowflake stage
[2025-10-13T14:58:22.375+0000] {logging_mixin.py:188} INFO - Uploaded /tmp/minio_downloads/1760100253.json to Snowflake stage
[2025-10-13T14:58:22.494+0000] {logging_mixin.py:188} INFO - Uploaded /tmp/minio_downloads/1760100262.json to Snowflake stage
[2025-10-13T14:58:22.694+0000] {logging_mixin.py:188} INFO - Uploaded /tmp/minio_downloads/1760100271.json to Snowflake stage
[2025-10-13T14:58:22.818+0000] {logging_mixin.py:188} INFO - Uploaded /tmp/minio_downloads/1760100280.json to Snowflake stage
[2025-10-13T14:58:22.956+0000] {logging_mixin.py:188} INFO - Uploaded /tmp/minio_downloads/1760100289.json to Snowflake stage
[2025-10-13T14:58:23.116+0000] {logging_mixin.py:188} INFO - Uploaded /tmp/minio_downloads/1760100299.json to Snowflake stage
[2025-10-13T14:58:23.251+0000] {logging_mixin.py:188} INFO - Uploaded /tmp/minio_downloads/1760100308.json to Snowflake stage
[2025-10-13T14:58:23.386+0000] {logging_mixin.py:188} INFO - Uploaded /tmp/minio_downloads/1760100317.json to Snowflake stage
[2025-10-13T14:58:23.505+0000] {logging_mixin.py:188} INFO - Uploaded /tmp/minio_downloads/1760100326.json to Snowflake stage
[2025-10-13T14:58:23.627+0000] {logging_mixin.py:188} INFO - Uploaded /tmp/minio_downloads/1760100335.json to Snowflake stage
[2025-10-13T14:58:23.762+0000] {logging_mixin.py:188} INFO - Uploaded /tmp/minio_downloads/1760100345.json to Snowflake stage
[2025-10-13T14:58:24.046+0000] {logging_mixin.py:188} INFO - Uploaded /tmp/minio_downloads/1760100354.json to Snowflake stage
[2025-10-13T14:58:24.176+0000] {logging_mixin.py:188} INFO - Uploaded /tmp/minio_downloads/1760100363.json to Snowflake stage
[2025-10-13T14:58:24.311+0000] {logging_mixin.py:188} INFO - Uploaded /tmp/minio_downloads/1760100373.json to Snowflake stage
[2025-10-13T14:58:24.508+0000] {logging_mixin.py:188} INFO - Uploaded /tmp/minio_downloads/1760100382.json to Snowflake stage
[2025-10-13T14:58:24.638+0000] {logging_mixin.py:188} INFO - Uploaded /tmp/minio_downloads/1760100391.json to Snowflake stage
[2025-10-13T14:58:24.763+0000] {logging_mixin.py:188} INFO - Uploaded /tmp/minio_downloads/1760100400.json to Snowflake stage
[2025-10-13T14:58:24.904+0000] {logging_mixin.py:188} INFO - Uploaded /tmp/minio_downloads/1760100409.json to Snowflake stage
[2025-10-13T14:58:25.020+0000] {logging_mixin.py:188} INFO - Uploaded /tmp/minio_downloads/1760100419.json to Snowflake stage
[2025-10-13T14:58:25.177+0000] {logging_mixin.py:188} INFO - Uploaded /tmp/minio_downloads/1760100428.json to Snowflake stage
[2025-10-13T14:58:25.312+0000] {logging_mixin.py:188} INFO - Uploaded /tmp/minio_downloads/1760100437.json to Snowflake stage
[2025-10-13T14:58:25.524+0000] {logging_mixin.py:188} INFO - Uploaded /tmp/minio_downloads/1760100446.json to Snowflake stage
[2025-10-13T14:58:25.684+0000] {logging_mixin.py:188} INFO - Uploaded /tmp/minio_downloads/1760100456.json to Snowflake stage
[2025-10-13T14:58:25.879+0000] {logging_mixin.py:188} INFO - Uploaded /tmp/minio_downloads/1760100464.json to Snowflake stage
[2025-10-13T14:58:26.071+0000] {logging_mixin.py:188} INFO - Uploaded /tmp/minio_downloads/1760100474.json to Snowflake stage
[2025-10-13T14:58:26.279+0000] {logging_mixin.py:188} INFO - Uploaded /tmp/minio_downloads/1760100484.json to Snowflake stage
[2025-10-13T14:58:26.475+0000] {logging_mixin.py:188} INFO - Uploaded /tmp/minio_downloads/1760100493.json to Snowflake stage
[2025-10-13T14:58:26.680+0000] {logging_mixin.py:188} INFO - Uploaded /tmp/minio_downloads/1760100502.json to Snowflake stage
[2025-10-13T14:58:26.832+0000] {logging_mixin.py:188} INFO - Uploaded /tmp/minio_downloads/1760100512.json to Snowflake stage
[2025-10-13T14:58:27.021+0000] {logging_mixin.py:188} INFO - Uploaded /tmp/minio_downloads/1760100521.json to Snowflake stage
[2025-10-13T14:58:27.229+0000] {logging_mixin.py:188} INFO - Uploaded /tmp/minio_downloads/1760100530.json to Snowflake stage
[2025-10-13T14:58:27.366+0000] {logging_mixin.py:188} INFO - Uploaded /tmp/minio_downloads/1760100539.json to Snowflake stage
[2025-10-13T14:58:27.528+0000] {logging_mixin.py:188} INFO - Uploaded /tmp/minio_downloads/1760100548.json to Snowflake stage
[2025-10-13T14:58:27.712+0000] {logging_mixin.py:188} INFO - Uploaded /tmp/minio_downloads/1760100558.json to Snowflake stage
[2025-10-13T14:58:27.849+0000] {logging_mixin.py:188} INFO - Uploaded /tmp/minio_downloads/1760100566.json to Snowflake stage
[2025-10-13T14:58:28.055+0000] {logging_mixin.py:188} INFO - Uploaded /tmp/minio_downloads/1760100576.json to Snowflake stage
[2025-10-13T14:58:28.178+0000] {logging_mixin.py:188} INFO - Uploaded /tmp/minio_downloads/1760100585.json to Snowflake stage
[2025-10-13T14:58:28.459+0000] {logging_mixin.py:188} INFO - Uploaded /tmp/minio_downloads/1760100594.json to Snowflake stage
[2025-10-13T14:58:28.630+0000] {logging_mixin.py:188} INFO - Uploaded /tmp/minio_downloads/1760100604.json to Snowflake stage
[2025-10-13T14:58:28.826+0000] {logging_mixin.py:188} INFO - Uploaded /tmp/minio_downloads/1760100613.json to Snowflake stage
[2025-10-13T14:58:29.036+0000] {logging_mixin.py:188} INFO - Uploaded /tmp/minio_downloads/1760100623.json to Snowflake stage
[2025-10-13T14:58:29.216+0000] {logging_mixin.py:188} INFO - Uploaded /tmp/minio_downloads/1760100633.json to Snowflake stage
[2025-10-13T14:58:29.423+0000] {logging_mixin.py:188} INFO - Uploaded /tmp/minio_downloads/1760100642.json to Snowflake stage
[2025-10-13T14:58:29.618+0000] {logging_mixin.py:188} INFO - Uploaded /tmp/minio_downloads/1760100652.json to Snowflake stage
[2025-10-13T14:58:29.768+0000] {logging_mixin.py:188} INFO - Uploaded /tmp/minio_downloads/1760100661.json to Snowflake stage
[2025-10-13T14:58:29.917+0000] {logging_mixin.py:188} INFO - Uploaded /tmp/minio_downloads/1760100671.json to Snowflake stage
[2025-10-13T14:58:30.027+0000] {logging_mixin.py:188} INFO - Uploaded /tmp/minio_downloads/1760100680.json to Snowflake stage
[2025-10-13T14:58:30.150+0000] {logging_mixin.py:188} INFO - Uploaded /tmp/minio_downloads/1760100689.json to Snowflake stage
[2025-10-13T14:58:30.295+0000] {logging_mixin.py:188} INFO - Uploaded /tmp/minio_downloads/1760100698.json to Snowflake stage
[2025-10-13T14:58:30.419+0000] {logging_mixin.py:188} INFO - Uploaded /tmp/minio_downloads/1760100708.json to Snowflake stage
[2025-10-13T14:58:30.581+0000] {logging_mixin.py:188} INFO - Uploaded /tmp/minio_downloads/1760100717.json to Snowflake stage
[2025-10-13T14:58:30.730+0000] {logging_mixin.py:188} INFO - Uploaded /tmp/minio_downloads/1760100726.json to Snowflake stage
[2025-10-13T14:58:30.890+0000] {logging_mixin.py:188} INFO - Uploaded /tmp/minio_downloads/1760100736.json to Snowflake stage
[2025-10-13T14:58:31.027+0000] {logging_mixin.py:188} INFO - Uploaded /tmp/minio_downloads/1760100745.json to Snowflake stage
[2025-10-13T14:58:31.153+0000] {logging_mixin.py:188} INFO - Uploaded /tmp/minio_downloads/1760100755.json to Snowflake stage
[2025-10-13T14:58:31.297+0000] {logging_mixin.py:188} INFO - Uploaded /tmp/minio_downloads/1760100764.json to Snowflake stage
[2025-10-13T14:58:31.420+0000] {logging_mixin.py:188} INFO - Uploaded /tmp/minio_downloads/1760100774.json to Snowflake stage
[2025-10-13T14:58:31.533+0000] {logging_mixin.py:188} INFO - Uploaded /tmp/minio_downloads/1760100783.json to Snowflake stage
[2025-10-13T14:58:31.664+0000] {logging_mixin.py:188} INFO - Uploaded /tmp/minio_downloads/1760100793.json to Snowflake stage
[2025-10-13T14:58:31.776+0000] {logging_mixin.py:188} INFO - Uploaded /tmp/minio_downloads/1760100802.json to Snowflake stage
[2025-10-13T14:58:31.894+0000] {logging_mixin.py:188} INFO - Uploaded /tmp/minio_downloads/1760100811.json to Snowflake stage
[2025-10-13T14:58:32.046+0000] {logging_mixin.py:188} INFO - Uploaded /tmp/minio_downloads/1760100820.json to Snowflake stage
[2025-10-13T14:58:32.169+0000] {logging_mixin.py:188} INFO - Uploaded /tmp/minio_downloads/1760100830.json to Snowflake stage
[2025-10-13T14:58:32.298+0000] {logging_mixin.py:188} INFO - Uploaded /tmp/minio_downloads/1760100840.json to Snowflake stage
[2025-10-13T14:58:32.412+0000] {logging_mixin.py:188} INFO - Uploaded /tmp/minio_downloads/1760100849.json to Snowflake stage
[2025-10-13T14:58:32.585+0000] {logging_mixin.py:188} INFO - Uploaded /tmp/minio_downloads/1760100858.json to Snowflake stage
[2025-10-13T14:58:32.697+0000] {logging_mixin.py:188} INFO - Uploaded /tmp/minio_downloads/1760100867.json to Snowflake stage
[2025-10-13T14:58:32.840+0000] {logging_mixin.py:188} INFO - Uploaded /tmp/minio_downloads/1760100876.json to Snowflake stage
[2025-10-13T14:58:33.093+0000] {logging_mixin.py:188} INFO - Uploaded /tmp/minio_downloads/1760100886.json to Snowflake stage
[2025-10-13T14:58:33.216+0000] {logging_mixin.py:188} INFO - Uploaded /tmp/minio_downloads/1760100896.json to Snowflake stage
[2025-10-13T14:58:33.330+0000] {logging_mixin.py:188} INFO - Uploaded /tmp/minio_downloads/1760100905.json to Snowflake stage
[2025-10-13T14:58:33.461+0000] {logging_mixin.py:188} INFO - Uploaded /tmp/minio_downloads/1760100915.json to Snowflake stage
[2025-10-13T14:58:33.593+0000] {logging_mixin.py:188} INFO - Uploaded /tmp/minio_downloads/1760100924.json to Snowflake stage
[2025-10-13T14:58:33.708+0000] {logging_mixin.py:188} INFO - Uploaded /tmp/minio_downloads/1760100933.json to Snowflake stage
[2025-10-13T14:58:33.848+0000] {logging_mixin.py:188} INFO - Uploaded /tmp/minio_downloads/1760100943.json to Snowflake stage
[2025-10-13T14:58:33.967+0000] {logging_mixin.py:188} INFO - Uploaded /tmp/minio_downloads/1760100953.json to Snowflake stage
[2025-10-13T14:58:34.091+0000] {logging_mixin.py:188} INFO - Uploaded /tmp/minio_downloads/1760100962.json to Snowflake stage
[2025-10-13T14:58:34.219+0000] {logging_mixin.py:188} INFO - Uploaded /tmp/minio_downloads/1760100972.json to Snowflake stage
[2025-10-13T14:58:34.352+0000] {logging_mixin.py:188} INFO - Uploaded /tmp/minio_downloads/1760100981.json to Snowflake stage
[2025-10-13T14:58:34.473+0000] {logging_mixin.py:188} INFO - Uploaded /tmp/minio_downloads/1760100991.json to Snowflake stage
[2025-10-13T14:58:34.585+0000] {logging_mixin.py:188} INFO - Uploaded /tmp/minio_downloads/1760101001.json to Snowflake stage
[2025-10-13T14:58:34.711+0000] {logging_mixin.py:188} INFO - Uploaded /tmp/minio_downloads/1760101010.json to Snowflake stage
[2025-10-13T14:58:34.848+0000] {logging_mixin.py:188} INFO - Uploaded /tmp/minio_downloads/1760101020.json to Snowflake stage
[2025-10-13T14:58:34.973+0000] {logging_mixin.py:188} INFO - Uploaded /tmp/minio_downloads/1760101030.json to Snowflake stage
[2025-10-13T14:58:35.093+0000] {logging_mixin.py:188} INFO - Uploaded /tmp/minio_downloads/1760101039.json to Snowflake stage
[2025-10-13T14:58:35.225+0000] {logging_mixin.py:188} INFO - Uploaded /tmp/minio_downloads/1760101048.json to Snowflake stage
[2025-10-13T14:58:35.358+0000] {logging_mixin.py:188} INFO - Uploaded /tmp/minio_downloads/1760101057.json to Snowflake stage
[2025-10-13T14:58:35.478+0000] {logging_mixin.py:188} INFO - Uploaded /tmp/minio_downloads/1760101067.json to Snowflake stage
[2025-10-13T14:58:35.616+0000] {logging_mixin.py:188} INFO - Uploaded /tmp/minio_downloads/1760101076.json to Snowflake stage
[2025-10-13T14:58:35.742+0000] {logging_mixin.py:188} INFO - Uploaded /tmp/minio_downloads/1760101086.json to Snowflake stage
[2025-10-13T14:58:36.104+0000] {logging_mixin.py:188} INFO - Uploaded /tmp/minio_downloads/1760101096.json to Snowflake stage
[2025-10-13T14:58:36.226+0000] {logging_mixin.py:188} INFO - Uploaded /tmp/minio_downloads/1760101106.json to Snowflake stage
[2025-10-13T14:58:36.362+0000] {logging_mixin.py:188} INFO - Uploaded /tmp/minio_downloads/1760101115.json to Snowflake stage
[2025-10-13T14:58:36.472+0000] {logging_mixin.py:188} INFO - Uploaded /tmp/minio_downloads/1760101125.json to Snowflake stage
[2025-10-13T14:58:36.607+0000] {logging_mixin.py:188} INFO - Uploaded /tmp/minio_downloads/1760101134.json to Snowflake stage
[2025-10-13T14:58:36.736+0000] {logging_mixin.py:188} INFO - Uploaded /tmp/minio_downloads/1760101144.json to Snowflake stage
[2025-10-13T14:58:36.871+0000] {logging_mixin.py:188} INFO - Uploaded /tmp/minio_downloads/1760101153.json to Snowflake stage
[2025-10-13T14:58:36.987+0000] {logging_mixin.py:188} INFO - Uploaded /tmp/minio_downloads/1760101163.json to Snowflake stage
[2025-10-13T14:58:37.119+0000] {logging_mixin.py:188} INFO - Uploaded /tmp/minio_downloads/1760101172.json to Snowflake stage
[2025-10-13T14:58:37.253+0000] {logging_mixin.py:188} INFO - Uploaded /tmp/minio_downloads/1760101181.json to Snowflake stage
[2025-10-13T14:58:37.393+0000] {logging_mixin.py:188} INFO - Uploaded /tmp/minio_downloads/1760101190.json to Snowflake stage
[2025-10-13T14:58:37.529+0000] {logging_mixin.py:188} INFO - Uploaded /tmp/minio_downloads/1760101200.json to Snowflake stage
[2025-10-13T14:58:37.678+0000] {logging_mixin.py:188} INFO - Uploaded /tmp/minio_downloads/1760101210.json to Snowflake stage
[2025-10-13T14:58:38.037+0000] {logging_mixin.py:188} INFO - Uploaded /tmp/minio_downloads/1760101220.json to Snowflake stage
[2025-10-13T14:58:38.470+0000] {logging_mixin.py:188} INFO - Uploaded /tmp/minio_downloads/1760101229.json to Snowflake stage
[2025-10-13T14:58:38.605+0000] {logging_mixin.py:188} INFO - Uploaded /tmp/minio_downloads/1760101239.json to Snowflake stage
[2025-10-13T14:58:38.752+0000] {logging_mixin.py:188} INFO - Uploaded /tmp/minio_downloads/1760101249.json to Snowflake stage
[2025-10-13T14:58:38.876+0000] {logging_mixin.py:188} INFO - Uploaded /tmp/minio_downloads/1760101259.json to Snowflake stage
[2025-10-13T14:58:39.017+0000] {logging_mixin.py:188} INFO - Uploaded /tmp/minio_downloads/1760101268.json to Snowflake stage
[2025-10-13T14:58:39.301+0000] {logging_mixin.py:188} INFO - Uploaded /tmp/minio_downloads/1760101278.json to Snowflake stage
[2025-10-13T14:58:39.667+0000] {logging_mixin.py:188} INFO - Uploaded /tmp/minio_downloads/1760101287.json to Snowflake stage
[2025-10-13T14:58:39.968+0000] {logging_mixin.py:188} INFO - Uploaded /tmp/minio_downloads/1760101296.json to Snowflake stage
[2025-10-13T14:58:40.147+0000] {logging_mixin.py:188} INFO - Uploaded /tmp/minio_downloads/1760101306.json to Snowflake stage
[2025-10-13T14:58:40.776+0000] {logging_mixin.py:188} INFO - Uploaded /tmp/minio_downloads/1760101316.json to Snowflake stage
[2025-10-13T14:58:40.901+0000] {logging_mixin.py:188} INFO - Uploaded /tmp/minio_downloads/1760101325.json to Snowflake stage
[2025-10-13T14:58:41.035+0000] {logging_mixin.py:188} INFO - Uploaded /tmp/minio_downloads/1760101335.json to Snowflake stage
[2025-10-13T14:58:41.359+0000] {logging_mixin.py:188} INFO - Uploaded /tmp/minio_downloads/1760101344.json to Snowflake stage
[2025-10-13T14:58:41.559+0000] {logging_mixin.py:188} INFO - Uploaded /tmp/minio_downloads/1760101354.json to Snowflake stage
[2025-10-13T14:58:41.706+0000] {logging_mixin.py:188} INFO - Uploaded /tmp/minio_downloads/1760101363.json to Snowflake stage
[2025-10-13T14:58:41.858+0000] {logging_mixin.py:188} INFO - Uploaded /tmp/minio_downloads/1760101373.json to Snowflake stage
[2025-10-13T14:58:41.978+0000] {logging_mixin.py:188} INFO - Uploaded /tmp/minio_downloads/1760101382.json to Snowflake stage
[2025-10-13T14:58:42.229+0000] {logging_mixin.py:188} INFO - Uploaded /tmp/minio_downloads/1760101391.json to Snowflake stage
[2025-10-13T14:58:42.343+0000] {logging_mixin.py:188} INFO - Uploaded /tmp/minio_downloads/1760101401.json to Snowflake stage
[2025-10-13T14:58:42.488+0000] {logging_mixin.py:188} INFO - Uploaded /tmp/minio_downloads/1760101410.json to Snowflake stage
[2025-10-13T14:58:42.630+0000] {logging_mixin.py:188} INFO - Uploaded /tmp/minio_downloads/1760101421.json to Snowflake stage
[2025-10-13T14:58:42.754+0000] {logging_mixin.py:188} INFO - Uploaded /tmp/minio_downloads/1760101430.json to Snowflake stage
[2025-10-13T14:58:42.895+0000] {logging_mixin.py:188} INFO - Uploaded /tmp/minio_downloads/1760101440.json to Snowflake stage
[2025-10-13T14:58:43.024+0000] {logging_mixin.py:188} INFO - Uploaded /tmp/minio_downloads/1760101450.json to Snowflake stage
[2025-10-13T14:58:43.148+0000] {logging_mixin.py:188} INFO - Uploaded /tmp/minio_downloads/1760101460.json to Snowflake stage
[2025-10-13T14:58:43.298+0000] {logging_mixin.py:188} INFO - Uploaded /tmp/minio_downloads/1760101470.json to Snowflake stage
[2025-10-13T14:58:43.444+0000] {logging_mixin.py:188} INFO - Uploaded /tmp/minio_downloads/1760101479.json to Snowflake stage
[2025-10-13T14:58:43.561+0000] {logging_mixin.py:188} INFO - Uploaded /tmp/minio_downloads/1760101489.json to Snowflake stage
[2025-10-13T14:58:43.676+0000] {logging_mixin.py:188} INFO - Uploaded /tmp/minio_downloads/1760101499.json to Snowflake stage
[2025-10-13T14:58:43.790+0000] {logging_mixin.py:188} INFO - Uploaded /tmp/minio_downloads/1760101508.json to Snowflake stage
[2025-10-13T14:58:43.951+0000] {logging_mixin.py:188} INFO - Uploaded /tmp/minio_downloads/1760101518.json to Snowflake stage
[2025-10-13T14:58:44.062+0000] {logging_mixin.py:188} INFO - Uploaded /tmp/minio_downloads/1760101527.json to Snowflake stage
[2025-10-13T14:58:52.291+0000] {logging_mixin.py:188} INFO - Uploaded /tmp/minio_downloads/1760101537.json to Snowflake stage
[2025-10-13T14:58:53.152+0000] {logging_mixin.py:188} INFO - Uploaded /tmp/minio_downloads/1760101546.json to Snowflake stage
[2025-10-13T14:58:53.420+0000] {logging_mixin.py:188} INFO - Uploaded /tmp/minio_downloads/1760101555.json to Snowflake stage
[2025-10-13T14:58:53.650+0000] {logging_mixin.py:188} INFO - Uploaded /tmp/minio_downloads/1760101565.json to Snowflake stage
[2025-10-13T14:58:53.963+0000] {logging_mixin.py:188} INFO - Uploaded /tmp/minio_downloads/1760101575.json to Snowflake stage
[2025-10-13T14:58:54.228+0000] {logging_mixin.py:188} INFO - Uploaded /tmp/minio_downloads/1760101584.json to Snowflake stage
[2025-10-13T14:58:54.586+0000] {logging_mixin.py:188} INFO - Uploaded /tmp/minio_downloads/1760101594.json to Snowflake stage
[2025-10-13T14:58:54.942+0000] {logging_mixin.py:188} INFO - Uploaded /tmp/minio_downloads/1760101603.json to Snowflake stage
[2025-10-13T14:58:55.442+0000] {connectionpool.py:824} WARNING - Retrying (Retry(total=0, connect=None, read=None, redirect=None, status=None)) after connection broken by 'ProtocolError('Connection aborted.', RemoteDisconnected('Remote end closed connection without response'))': /tableszzef3b0545-421a-4d82-a48a-cd9796133431/1760101613.json.gz?sv=2021-04-10&se=2025-10-13T16%3A00%3A46Z&skoid=cdf4cca4-b20b-4f27-a3d3-155e980a072f&sktid=8b8389f7-0e38-4006-b754-f756e0ac6052&skt=2025-10-13T12%3A00%3A43Z&ske=2025-10-20T11%3A59%3A43Z&sks=b&skv=2021-04-10&sr=c&sp=racwdl&sig=ibGJQ%2B3oFqMJpc4wlGOLD9ga8V9NZQa5qr2ILS7k0xc%3D
[2025-10-13T14:58:59.065+0000] {storage_client.py:318} WARNING - HEAD with url https://rrvy3ksfcb1stg.blob.core.windows.net/tableszzef3b0545-421a-4d82-a48a-cd9796133431/1760101613.json.gz?sv=2021-04-10&se=2025-10-13T16%3A00%3A46Z&skoid=cdf4cca4-b20b-4f27-a3d3-155e980a072f&sktid=8b8389f7-0e38-4006-b754-f756e0ac6052&skt=2025-10-13T12%3A00%3A43Z&ske=2025-10-20T11%3A59%3A43Z&sks=b&skv=2021-04-10&sr=c&sp=racwdl&sig=ibGJQ%2B3oFqMJpc4wlGOLD9ga8V9NZQa5qr2ILS7k0xc%3D failed for transient error: HTTPSConnectionPool(host='rrvy3ksfcb1stg.blob.core.windows.net', port=443): Max retries exceeded with url: /tableszzef3b0545-421a-4d82-a48a-cd9796133431/1760101613.json.gz?sv=2021-04-10&se=2025-10-13T16%3A00%3A46Z&skoid=cdf4cca4-b20b-4f27-a3d3-155e980a072f&sktid=8b8389f7-0e38-4006-b754-f756e0ac6052&skt=2025-10-13T12%3A00%3A43Z&ske=2025-10-20T11%3A59%3A43Z&sks=b&skv=2021-04-10&sr=c&sp=racwdl&sig=ibGJQ%2B3oFqMJpc4wlGOLD9ga8V9NZQa5qr2ILS7k0xc%3D (Caused by NewConnectionError('<snowflake.connector.vendored.urllib3.connection.HTTPSConnection object at 0x7fe69a750830>: Failed to establish a new connection: [Errno -2] Name or service not known'))
[2025-10-13T14:58:59.123+0000] {connectionpool.py:824} WARNING - Retrying (Retry(total=0, connect=None, read=None, redirect=None, status=None)) after connection broken by 'NewConnectionError('<snowflake.connector.vendored.urllib3.connection.HTTPSConnection object at 0x7fe69a751910>: Failed to establish a new connection: [Errno -2] Name or service not known')': /tableszzef3b0545-421a-4d82-a48a-cd9796133431/1760101613.json.gz?sv=2021-04-10&se=2025-10-13T16%3A00%3A46Z&skoid=cdf4cca4-b20b-4f27-a3d3-155e980a072f&sktid=8b8389f7-0e38-4006-b754-f756e0ac6052&skt=2025-10-13T12%3A00%3A43Z&ske=2025-10-20T11%3A59%3A43Z&sks=b&skv=2021-04-10&sr=c&sp=racwdl&sig=ibGJQ%2B3oFqMJpc4wlGOLD9ga8V9NZQa5qr2ILS7k0xc%3D
[2025-10-13T17:58:51.843+0000] {storage_client.py:318} WARNING - HEAD with url https://rrvy3ksfcb1stg.blob.core.windows.net/tableszzef3b0545-421a-4d82-a48a-cd9796133431/1760101613.json.gz?sv=2021-04-10&se=2025-10-13T16%3A00%3A46Z&skoid=cdf4cca4-b20b-4f27-a3d3-155e980a072f&sktid=8b8389f7-0e38-4006-b754-f756e0ac6052&skt=2025-10-13T12%3A00%3A43Z&ske=2025-10-20T11%3A59%3A43Z&sks=b&skv=2021-04-10&sr=c&sp=racwdl&sig=ibGJQ%2B3oFqMJpc4wlGOLD9ga8V9NZQa5qr2ILS7k0xc%3D failed for transient error: HTTPSConnectionPool(host='rrvy3ksfcb1stg.blob.core.windows.net', port=443): Max retries exceeded with url: /tableszzef3b0545-421a-4d82-a48a-cd9796133431/1760101613.json.gz?sv=2021-04-10&se=2025-10-13T16%3A00%3A46Z&skoid=cdf4cca4-b20b-4f27-a3d3-155e980a072f&sktid=8b8389f7-0e38-4006-b754-f756e0ac6052&skt=2025-10-13T12%3A00%3A43Z&ske=2025-10-20T11%3A59%3A43Z&sks=b&skv=2021-04-10&sr=c&sp=racwdl&sig=ibGJQ%2B3oFqMJpc4wlGOLD9ga8V9NZQa5qr2ILS7k0xc%3D (Caused by NewConnectionError('<snowflake.connector.vendored.urllib3.connection.HTTPSConnection object at 0x7fe69a752120>: Failed to establish a new connection: [Errno -2] Name or service not known'))
[2025-10-13T17:58:54.742+0000] {connectionpool.py:824} WARNING - Retrying (Retry(total=0, connect=None, read=None, redirect=None, status=None)) after connection broken by 'NewConnectionError('<snowflake.connector.vendored.urllib3.connection.HTTPSConnection object at 0x7fe69a750200>: Failed to establish a new connection: [Errno -2] Name or service not known')': /tableszzef3b0545-421a-4d82-a48a-cd9796133431/1760101613.json.gz?sv=2021-04-10&se=2025-10-13T16%3A00%3A46Z&skoid=cdf4cca4-b20b-4f27-a3d3-155e980a072f&sktid=8b8389f7-0e38-4006-b754-f756e0ac6052&skt=2025-10-13T12%3A00%3A43Z&ske=2025-10-20T11%3A59%3A43Z&sks=b&skv=2021-04-10&sr=c&sp=racwdl&sig=ibGJQ%2B3oFqMJpc4wlGOLD9ga8V9NZQa5qr2ILS7k0xc%3D
[2025-10-13T17:59:00.922+0000] {logging_mixin.py:188} INFO - Uploaded /tmp/minio_downloads/1760101613.json to Snowflake stage
[2025-10-13T17:59:01.323+0000] {logging_mixin.py:188} INFO - Uploaded /tmp/minio_downloads/1760101622.json to Snowflake stage
[2025-10-13T17:59:01.495+0000] {logging_mixin.py:188} INFO - Uploaded /tmp/minio_downloads/1760101631.json to Snowflake stage
[2025-10-13T17:59:01.944+0000] {logging_mixin.py:188} INFO - Uploaded /tmp/minio_downloads/1760101641.json to Snowflake stage
[2025-10-13T17:59:02.275+0000] {logging_mixin.py:188} INFO - Uploaded /tmp/minio_downloads/1760101650.json to Snowflake stage
[2025-10-13T17:59:02.702+0000] {logging_mixin.py:188} INFO - Uploaded /tmp/minio_downloads/1760101659.json to Snowflake stage
[2025-10-13T17:59:02.919+0000] {logging_mixin.py:188} INFO - Uploaded /tmp/minio_downloads/1760101668.json to Snowflake stage
[2025-10-13T17:59:03.434+0000] {logging_mixin.py:188} INFO - Uploaded /tmp/minio_downloads/1760101677.json to Snowflake stage
[2025-10-13T17:59:03.626+0000] {logging_mixin.py:188} INFO - Uploaded /tmp/minio_downloads/1760101687.json to Snowflake stage
[2025-10-13T17:59:03.884+0000] {logging_mixin.py:188} INFO - Uploaded /tmp/minio_downloads/1760101696.json to Snowflake stage
[2025-10-13T17:59:04.037+0000] {logging_mixin.py:188} INFO - Uploaded /tmp/minio_downloads/1760101705.json to Snowflake stage
[2025-10-13T17:59:04.217+0000] {logging_mixin.py:188} INFO - Uploaded /tmp/minio_downloads/1760101715.json to Snowflake stage
[2025-10-13T17:59:04.580+0000] {logging_mixin.py:188} INFO - Uploaded /tmp/minio_downloads/1760101724.json to Snowflake stage
[2025-10-13T17:59:04.752+0000] {logging_mixin.py:188} INFO - Uploaded /tmp/minio_downloads/1760101733.json to Snowflake stage
[2025-10-13T17:59:04.958+0000] {logging_mixin.py:188} INFO - Uploaded /tmp/minio_downloads/1760101743.json to Snowflake stage
[2025-10-13T17:59:05.134+0000] {logging_mixin.py:188} INFO - Uploaded /tmp/minio_downloads/1760101752.json to Snowflake stage
[2025-10-13T17:59:05.288+0000] {logging_mixin.py:188} INFO - Uploaded /tmp/minio_downloads/1760101762.json to Snowflake stage
[2025-10-13T17:59:05.516+0000] {logging_mixin.py:188} INFO - Uploaded /tmp/minio_downloads/1760101772.json to Snowflake stage
[2025-10-13T17:59:05.660+0000] {logging_mixin.py:188} INFO - Uploaded /tmp/minio_downloads/1760101781.json to Snowflake stage
[2025-10-13T17:59:05.838+0000] {logging_mixin.py:188} INFO - Uploaded /tmp/minio_downloads/1760101791.json to Snowflake stage
[2025-10-13T17:59:06.079+0000] {logging_mixin.py:188} INFO - Uploaded /tmp/minio_downloads/1760101801.json to Snowflake stage
[2025-10-13T17:59:06.225+0000] {logging_mixin.py:188} INFO - Uploaded /tmp/minio_downloads/1760101810.json to Snowflake stage
[2025-10-13T17:59:06.388+0000] {logging_mixin.py:188} INFO - Uploaded /tmp/minio_downloads/1760101819.json to Snowflake stage
[2025-10-13T17:59:06.620+0000] {logging_mixin.py:188} INFO - Uploaded /tmp/minio_downloads/1760101829.json to Snowflake stage
[2025-10-13T17:59:06.794+0000] {logging_mixin.py:188} INFO - Uploaded /tmp/minio_downloads/1760101838.json to Snowflake stage
[2025-10-13T17:59:06.930+0000] {logging_mixin.py:188} INFO - Uploaded /tmp/minio_downloads/1760101848.json to Snowflake stage
[2025-10-13T17:59:07.078+0000] {logging_mixin.py:188} INFO - Uploaded /tmp/minio_downloads/1760101857.json to Snowflake stage
[2025-10-13T17:59:07.219+0000] {logging_mixin.py:188} INFO - Uploaded /tmp/minio_downloads/1760101867.json to Snowflake stage
[2025-10-13T17:59:07.411+0000] {logging_mixin.py:188} INFO - Uploaded /tmp/minio_downloads/1760101877.json to Snowflake stage
[2025-10-13T17:59:07.531+0000] {logging_mixin.py:188} INFO - Uploaded /tmp/minio_downloads/1760101886.json to Snowflake stage
[2025-10-13T17:59:07.670+0000] {logging_mixin.py:188} INFO - Uploaded /tmp/minio_downloads/1760101896.json to Snowflake stage
[2025-10-13T17:59:08.307+0000] {logging_mixin.py:188} INFO - Uploaded /tmp/minio_downloads/1760101905.json to Snowflake stage
[2025-10-13T17:59:08.442+0000] {logging_mixin.py:188} INFO - Uploaded /tmp/minio_downloads/1760101915.json to Snowflake stage
[2025-10-13T17:59:08.568+0000] {logging_mixin.py:188} INFO - Uploaded /tmp/minio_downloads/1760101925.json to Snowflake stage
[2025-10-13T17:59:08.737+0000] {logging_mixin.py:188} INFO - Uploaded /tmp/minio_downloads/1760101935.json to Snowflake stage
[2025-10-13T17:59:08.891+0000] {logging_mixin.py:188} INFO - Uploaded /tmp/minio_downloads/1760101944.json to Snowflake stage
[2025-10-13T17:59:09.300+0000] {logging_mixin.py:188} INFO - Uploaded /tmp/minio_downloads/1760101954.json to Snowflake stage
[2025-10-13T17:59:09.462+0000] {logging_mixin.py:188} INFO - Uploaded /tmp/minio_downloads/1760101964.json to Snowflake stage
[2025-10-13T17:59:09.609+0000] {logging_mixin.py:188} INFO - Uploaded /tmp/minio_downloads/1760101974.json to Snowflake stage
[2025-10-13T17:59:09.760+0000] {logging_mixin.py:188} INFO - Uploaded /tmp/minio_downloads/1760101983.json to Snowflake stage
[2025-10-13T17:59:09.895+0000] {logging_mixin.py:188} INFO - Uploaded /tmp/minio_downloads/1760101993.json to Snowflake stage
[2025-10-13T17:59:10.018+0000] {logging_mixin.py:188} INFO - Uploaded /tmp/minio_downloads/1760102003.json to Snowflake stage
[2025-10-13T17:59:10.157+0000] {logging_mixin.py:188} INFO - Uploaded /tmp/minio_downloads/1760102012.json to Snowflake stage
[2025-10-13T17:59:10.356+0000] {logging_mixin.py:188} INFO - Uploaded /tmp/minio_downloads/1760102021.json to Snowflake stage
[2025-10-13T17:59:10.534+0000] {logging_mixin.py:188} INFO - Uploaded /tmp/minio_downloads/1760102031.json to Snowflake stage
[2025-10-13T17:59:10.702+0000] {logging_mixin.py:188} INFO - Uploaded /tmp/minio_downloads/1760102040.json to Snowflake stage
[2025-10-13T17:59:10.838+0000] {logging_mixin.py:188} INFO - Uploaded /tmp/minio_downloads/1760102050.json to Snowflake stage
[2025-10-13T17:59:10.975+0000] {logging_mixin.py:188} INFO - Uploaded /tmp/minio_downloads/1760102060.json to Snowflake stage
[2025-10-13T17:59:11.121+0000] {logging_mixin.py:188} INFO - Uploaded /tmp/minio_downloads/1760102069.json to Snowflake stage
[2025-10-13T17:59:11.261+0000] {logging_mixin.py:188} INFO - Uploaded /tmp/minio_downloads/1760102078.json to Snowflake stage
[2025-10-13T17:59:11.459+0000] {logging_mixin.py:188} INFO - Uploaded /tmp/minio_downloads/1760097976.json to Snowflake stage
[2025-10-13T17:59:11.592+0000] {logging_mixin.py:188} INFO - Uploaded /tmp/minio_downloads/1760097985.json to Snowflake stage
[2025-10-13T17:59:11.719+0000] {logging_mixin.py:188} INFO - Uploaded /tmp/minio_downloads/1760097994.json to Snowflake stage
[2025-10-13T17:59:11.847+0000] {logging_mixin.py:188} INFO - Uploaded /tmp/minio_downloads/1760098004.json to Snowflake stage
[2025-10-13T17:59:11.973+0000] {logging_mixin.py:188} INFO - Uploaded /tmp/minio_downloads/1760098013.json to Snowflake stage
[2025-10-13T17:59:12.111+0000] {logging_mixin.py:188} INFO - Uploaded /tmp/minio_downloads/1760098022.json to Snowflake stage
[2025-10-13T17:59:12.241+0000] {logging_mixin.py:188} INFO - Uploaded /tmp/minio_downloads/1760098031.json to Snowflake stage
[2025-10-13T17:59:12.376+0000] {logging_mixin.py:188} INFO - Uploaded /tmp/minio_downloads/1760098040.json to Snowflake stage
[2025-10-13T17:59:13.047+0000] {logging_mixin.py:188} INFO - Uploaded /tmp/minio_downloads/1760098049.json to Snowflake stage
[2025-10-13T17:59:13.230+0000] {logging_mixin.py:188} INFO - Uploaded /tmp/minio_downloads/1760098058.json to Snowflake stage
[2025-10-13T17:59:13.370+0000] {logging_mixin.py:188} INFO - Uploaded /tmp/minio_downloads/1760098066.json to Snowflake stage
[2025-10-13T17:59:13.515+0000] {logging_mixin.py:188} INFO - Uploaded /tmp/minio_downloads/1760098075.json to Snowflake stage
[2025-10-13T17:59:13.640+0000] {logging_mixin.py:188} INFO - Uploaded /tmp/minio_downloads/1760098084.json to Snowflake stage
[2025-10-13T17:59:13.818+0000] {logging_mixin.py:188} INFO - Uploaded /tmp/minio_downloads/1760098093.json to Snowflake stage
[2025-10-13T17:59:13.958+0000] {logging_mixin.py:188} INFO - Uploaded /tmp/minio_downloads/1760098103.json to Snowflake stage
[2025-10-13T17:59:14.097+0000] {logging_mixin.py:188} INFO - Uploaded /tmp/minio_downloads/1760098112.json to Snowflake stage
[2025-10-13T17:59:14.238+0000] {logging_mixin.py:188} INFO - Uploaded /tmp/minio_downloads/1760098121.json to Snowflake stage
[2025-10-13T17:59:14.365+0000] {logging_mixin.py:188} INFO - Uploaded /tmp/minio_downloads/1760098130.json to Snowflake stage
[2025-10-13T17:59:14.489+0000] {logging_mixin.py:188} INFO - Uploaded /tmp/minio_downloads/1760098139.json to Snowflake stage
[2025-10-13T17:59:14.617+0000] {logging_mixin.py:188} INFO - Uploaded /tmp/minio_downloads/1760098147.json to Snowflake stage
[2025-10-13T17:59:14.737+0000] {logging_mixin.py:188} INFO - Uploaded /tmp/minio_downloads/1760098156.json to Snowflake stage
[2025-10-13T17:59:14.896+0000] {logging_mixin.py:188} INFO - Uploaded /tmp/minio_downloads/1760098406.json to Snowflake stage
[2025-10-14T06:47:20.080+0000] {local_task_job_runner.py:214} ERROR - Heartbeat time limit exceeded!
[2025-10-14T06:47:21.909+0000] {local_task_job_runner.py:222} INFO - ::endgroup::
[2025-10-14T06:47:21.998+0000] {process_utils.py:132} INFO - Sending 15 to group 41742. PIDs of all processes in the group: [41742]
[2025-10-14T06:47:22.046+0000] {process_utils.py:87} INFO - Sending the signal 15 to group 41742
[2025-10-14T06:47:22.087+0000] {taskinstance.py:2611} ERROR - Received SIGTERM. Terminating subprocesses.
[2025-10-14T06:47:22.133+0000] {taskinstance.py:441} INFO - ::group::Post task execution logs
[2025-10-14T06:47:22.299+0000] {taskinstance.py:2905} ERROR - Task failed with exception
Traceback (most recent call last):
  File "/home/airflow/.local/lib/python3.12/site-packages/airflow/models/taskinstance.py", line 465, in _execute_task
    result = _execute_callable(context=context, **execute_callable_kwargs)
             ^^^^^^^^^^^^^^^^^^^^^^^^^^^^^^^^^^^^^^^^^^^^^^^^^^^^^^^^^^^^^
  File "/home/airflow/.local/lib/python3.12/site-packages/airflow/models/taskinstance.py", line 432, in _execute_callable
    return execute_callable(context=context, **execute_callable_kwargs)
           ^^^^^^^^^^^^^^^^^^^^^^^^^^^^^^^^^^^^^^^^^^^^^^^^^^^^^^^^^^^^
  File "/home/airflow/.local/lib/python3.12/site-packages/airflow/models/baseoperator.py", line 401, in wrapper
    return func(self, *args, **kwargs)
           ^^^^^^^^^^^^^^^^^^^^^^^^^^^
  File "/home/airflow/.local/lib/python3.12/site-packages/airflow/operators/python.py", line 235, in execute
    return_value = self.execute_callable()
                   ^^^^^^^^^^^^^^^^^^^^^^^
  File "/home/airflow/.local/lib/python3.12/site-packages/airflow/operators/python.py", line 252, in execute_callable
    return self.python_callable(*self.op_args, **self.op_kwargs)
           ^^^^^^^^^^^^^^^^^^^^^^^^^^^^^^^^^^^^^^^^^^^^^^^^^^^^^
  File "/opt/airflow/dags/minio_to_snowflake.py", line 56, in load_to_snowflake
    cur.execute(f"PUT file://{f} @%bronze_stock_quotes_raw")
  File "/home/airflow/.local/lib/python3.12/site-packages/snowflake/connector/cursor.py", line 1046, in execute
    sf_file_transfer_agent.execute()
  File "/home/airflow/.local/lib/python3.12/site-packages/snowflake/connector/file_transfer_agent.py", line 436, in execute
    self.transfer(self._file_metadata)
  File "/home/airflow/.local/lib/python3.12/site-packages/snowflake/connector/file_transfer_agent.py", line 652, in transfer
    cv_main_thread.wait()
  File "/usr/local/lib/python3.12/threading.py", line 355, in wait
    waiter.acquire()
  File "/home/airflow/.local/lib/python3.12/site-packages/airflow/models/taskinstance.py", line 2613, in signal_handler
    raise AirflowTaskTerminated("Task received SIGTERM signal")
airflow.exceptions.AirflowTaskTerminated: Task received SIGTERM signal
[2025-10-14T06:47:22.546+0000] {taskinstance.py:1206} INFO - Marking task as UP_FOR_RETRY. dag_id=minio_to_snowflake, task_id=load_snowflake, run_id=scheduled__2025-10-13T14:53:00+00:00, execution_date=20251013T145300, start_date=20251013T145742, end_date=20251014T064722
[2025-10-14T06:47:22.813+0000] {process_utils.py:80} INFO - Process psutil.Process(pid=41742, status='terminated', exitcode=2, started='14:57:41') (41742) terminated with exit code 2
