[2025-10-14T14:55:17.729+0000] {local_task_job_runner.py:120} INFO - ::group::Pre task execution logs
[2025-10-14T14:55:17.754+0000] {taskinstance.py:2076} INFO - Dependencies all met for dep_context=non-requeueable deps ti=<TaskInstance: minio_to_snowflake.load_snowflake scheduled__2025-10-14T14:43:00+00:00 [queued]>
[2025-10-14T14:55:17.761+0000] {taskinstance.py:2076} INFO - Dependencies all met for dep_context=requeueable deps ti=<TaskInstance: minio_to_snowflake.load_snowflake scheduled__2025-10-14T14:43:00+00:00 [queued]>
[2025-10-14T14:55:17.763+0000] {taskinstance.py:2306} INFO - Starting attempt 2 of 2
[2025-10-14T14:55:17.774+0000] {taskinstance.py:2330} INFO - Executing <Task(PythonOperator): load_snowflake> on 2025-10-14 14:43:00+00:00
[2025-10-14T14:55:17.784+0000] {standard_task_runner.py:90} INFO - Running: ['***', 'tasks', 'run', 'minio_to_snowflake', 'load_snowflake', 'scheduled__2025-10-14T14:43:00+00:00', '--job-id', '1861', '--raw', '--subdir', 'DAGS_FOLDER/minio_to_snowflake.py', '--cfg-path', '/tmp/tmpf4qym8fr']
[2025-10-14T14:55:17.787+0000] {standard_task_runner.py:91} INFO - Job 1861: Subtask load_snowflake
[2025-10-14T14:55:17.788+0000] {logging_mixin.py:188} WARNING - /home/***/.local/lib/python3.12/site-packages/***/task/task_runner/standard_task_runner.py:62 DeprecationWarning: This process (pid=67808) is multi-threaded, use of fork() may lead to deadlocks in the child.
[2025-10-14T14:55:17.789+0000] {standard_task_runner.py:64} INFO - Started process 67818 to run task
[2025-10-14T14:55:17.840+0000] {task_command.py:426} INFO - Running <TaskInstance: minio_to_snowflake.load_snowflake scheduled__2025-10-14T14:43:00+00:00 [running]> on host e78fd7c8819f
[2025-10-14T14:55:17.935+0000] {taskinstance.py:2648} INFO - Exporting env vars: AIRFLOW_CTX_DAG_OWNER='***' AIRFLOW_CTX_DAG_ID='minio_to_snowflake' AIRFLOW_CTX_TASK_ID='load_snowflake' AIRFLOW_CTX_EXECUTION_DATE='2025-10-14T14:43:00+00:00' AIRFLOW_CTX_TRY_NUMBER='2' AIRFLOW_CTX_DAG_RUN_ID='scheduled__2025-10-14T14:43:00+00:00'
[2025-10-14T14:55:17.936+0000] {taskinstance.py:430} INFO - ::endgroup::
[2025-10-14T14:55:17.961+0000] {connection.py:408} INFO - Snowflake Connector for Python Version: 3.11.0, Python Version: 3.12.4, Platform: Linux-5.15.167.4-microsoft-standard-WSL2-x86_64-with-glibc2.36
[2025-10-14T14:55:17.962+0000] {connection.py:1258} INFO - This connection is in OCSP Fail Open Mode. TLS Certificates would be checked for validity and revocation status. Any other Certificate Revocation related exceptions or OCSP Responder failures would be disregarded in favor of connectivity.
[2025-10-14T14:55:33.321+0000] {logging_mixin.py:188} INFO - Uploaded /tmp/minio_downloads/1760097974.json to Snowflake stage
[2025-10-14T14:55:33.916+0000] {logging_mixin.py:188} INFO - Uploaded /tmp/minio_downloads/1760097983.json to Snowflake stage
[2025-10-14T14:55:34.084+0000] {logging_mixin.py:188} INFO - Uploaded /tmp/minio_downloads/1760097992.json to Snowflake stage
[2025-10-14T14:55:34.256+0000] {logging_mixin.py:188} INFO - Uploaded /tmp/minio_downloads/1760098000.json to Snowflake stage
[2025-10-14T14:55:34.683+0000] {logging_mixin.py:188} INFO - Uploaded /tmp/minio_downloads/1760098010.json to Snowflake stage
[2025-10-14T14:55:34.872+0000] {logging_mixin.py:188} INFO - Uploaded /tmp/minio_downloads/1760098020.json to Snowflake stage
[2025-10-14T14:55:35.054+0000] {logging_mixin.py:188} INFO - Uploaded /tmp/minio_downloads/1760098029.json to Snowflake stage
[2025-10-14T14:55:35.510+0000] {logging_mixin.py:188} INFO - Uploaded /tmp/minio_downloads/1760098038.json to Snowflake stage
[2025-10-14T14:55:35.989+0000] {logging_mixin.py:188} INFO - Uploaded /tmp/minio_downloads/1760098047.json to Snowflake stage
[2025-10-14T14:55:36.240+0000] {logging_mixin.py:188} INFO - Uploaded /tmp/minio_downloads/1760098056.json to Snowflake stage
[2025-10-14T14:55:36.742+0000] {logging_mixin.py:188} INFO - Uploaded /tmp/minio_downloads/1760098064.json to Snowflake stage
[2025-10-14T14:55:37.488+0000] {logging_mixin.py:188} INFO - Uploaded /tmp/minio_downloads/1760098073.json to Snowflake stage
[2025-10-14T14:55:53.083+0000] {logging_mixin.py:188} INFO - Uploaded /tmp/minio_downloads/1760098082.json to Snowflake stage
[2025-10-14T14:55:54.186+0000] {logging_mixin.py:188} INFO - Uploaded /tmp/minio_downloads/1760098091.json to Snowflake stage
[2025-10-14T14:55:54.852+0000] {logging_mixin.py:188} INFO - Uploaded /tmp/minio_downloads/1760098101.json to Snowflake stage
[2025-10-14T14:55:55.465+0000] {logging_mixin.py:188} INFO - Uploaded /tmp/minio_downloads/1760098110.json to Snowflake stage
[2025-10-14T14:55:56.198+0000] {logging_mixin.py:188} INFO - Uploaded /tmp/minio_downloads/1760098119.json to Snowflake stage
[2025-10-14T14:55:56.567+0000] {logging_mixin.py:188} INFO - Uploaded /tmp/minio_downloads/1760098127.json to Snowflake stage
[2025-10-14T14:55:58.251+0000] {logging_mixin.py:188} INFO - Uploaded /tmp/minio_downloads/1760098137.json to Snowflake stage
[2025-10-14T14:55:58.433+0000] {logging_mixin.py:188} INFO - Uploaded /tmp/minio_downloads/1760098145.json to Snowflake stage
[2025-10-14T14:55:58.680+0000] {logging_mixin.py:188} INFO - Uploaded /tmp/minio_downloads/1760098154.json to Snowflake stage
[2025-10-14T14:55:58.858+0000] {logging_mixin.py:188} INFO - Uploaded /tmp/minio_downloads/1760098163.json to Snowflake stage
[2025-10-14T14:56:03.777+0000] {logging_mixin.py:188} INFO - Uploaded /tmp/minio_downloads/1760098403.json to Snowflake stage
[2025-10-14T14:56:04.937+0000] {logging_mixin.py:188} INFO - Uploaded /tmp/minio_downloads/1760098412.json to Snowflake stage
[2025-10-14T14:56:05.456+0000] {logging_mixin.py:188} INFO - Uploaded /tmp/minio_downloads/1760098422.json to Snowflake stage
[2025-10-14T14:56:05.840+0000] {logging_mixin.py:188} INFO - Uploaded /tmp/minio_downloads/1760098432.json to Snowflake stage
[2025-10-14T14:56:06.348+0000] {logging_mixin.py:188} INFO - Uploaded /tmp/minio_downloads/1760098441.json to Snowflake stage
[2025-10-14T14:56:07.525+0000] {logging_mixin.py:188} INFO - Uploaded /tmp/minio_downloads/1760098451.json to Snowflake stage
[2025-10-14T14:56:07.692+0000] {logging_mixin.py:188} INFO - Uploaded /tmp/minio_downloads/1760098461.json to Snowflake stage
[2025-10-14T14:56:08.304+0000] {logging_mixin.py:188} INFO - Uploaded /tmp/minio_downloads/1760098470.json to Snowflake stage
[2025-10-14T14:56:08.834+0000] {logging_mixin.py:188} INFO - Uploaded /tmp/minio_downloads/1760098480.json to Snowflake stage
[2025-10-14T14:56:09.777+0000] {logging_mixin.py:188} INFO - Uploaded /tmp/minio_downloads/1760098489.json to Snowflake stage
[2025-10-14T14:56:18.045+0000] {logging_mixin.py:188} INFO - Uploaded /tmp/minio_downloads/1760098499.json to Snowflake stage
[2025-10-14T14:56:25.998+0000] {logging_mixin.py:188} INFO - Uploaded /tmp/minio_downloads/1760098508.json to Snowflake stage
[2025-10-14T14:56:26.556+0000] {logging_mixin.py:188} INFO - Uploaded /tmp/minio_downloads/1760098517.json to Snowflake stage
[2025-10-14T14:56:27.201+0000] {logging_mixin.py:188} INFO - Uploaded /tmp/minio_downloads/1760098527.json to Snowflake stage
[2025-10-14T14:56:27.371+0000] {logging_mixin.py:188} INFO - Uploaded /tmp/minio_downloads/1760098536.json to Snowflake stage
[2025-10-14T14:56:29.146+0000] {logging_mixin.py:188} INFO - Uploaded /tmp/minio_downloads/1760098546.json to Snowflake stage
[2025-10-14T14:56:29.649+0000] {logging_mixin.py:188} INFO - Uploaded /tmp/minio_downloads/1760098556.json to Snowflake stage
[2025-10-14T14:56:29.810+0000] {logging_mixin.py:188} INFO - Uploaded /tmp/minio_downloads/1760098566.json to Snowflake stage
[2025-10-14T14:56:30.205+0000] {logging_mixin.py:188} INFO - Uploaded /tmp/minio_downloads/1760098575.json to Snowflake stage
[2025-10-14T14:56:30.383+0000] {logging_mixin.py:188} INFO - Uploaded /tmp/minio_downloads/1760098584.json to Snowflake stage
[2025-10-14T14:56:30.837+0000] {logging_mixin.py:188} INFO - Uploaded /tmp/minio_downloads/1760098594.json to Snowflake stage
[2025-10-14T14:56:30.982+0000] {logging_mixin.py:188} INFO - Uploaded /tmp/minio_downloads/1760098604.json to Snowflake stage
[2025-10-14T14:56:31.357+0000] {logging_mixin.py:188} INFO - Uploaded /tmp/minio_downloads/1760098614.json to Snowflake stage
[2025-10-14T14:56:31.815+0000] {logging_mixin.py:188} INFO - Uploaded /tmp/minio_downloads/1760098624.json to Snowflake stage
[2025-10-14T14:56:32.420+0000] {logging_mixin.py:188} INFO - Uploaded /tmp/minio_downloads/1760098634.json to Snowflake stage
[2025-10-14T14:56:32.585+0000] {logging_mixin.py:188} INFO - Uploaded /tmp/minio_downloads/1760098643.json to Snowflake stage
[2025-10-14T14:56:33.634+0000] {logging_mixin.py:188} INFO - Uploaded /tmp/minio_downloads/1760098653.json to Snowflake stage
[2025-10-14T14:56:36.132+0000] {logging_mixin.py:188} INFO - Uploaded /tmp/minio_downloads/1760098662.json to Snowflake stage
[2025-10-14T14:56:37.798+0000] {logging_mixin.py:188} INFO - Uploaded /tmp/minio_downloads/1760098672.json to Snowflake stage
[2025-10-14T14:56:38.167+0000] {logging_mixin.py:188} INFO - Uploaded /tmp/minio_downloads/1760098681.json to Snowflake stage
[2025-10-14T14:56:38.321+0000] {logging_mixin.py:188} INFO - Uploaded /tmp/minio_downloads/1760098691.json to Snowflake stage
[2025-10-14T14:56:38.499+0000] {logging_mixin.py:188} INFO - Uploaded /tmp/minio_downloads/1760098701.json to Snowflake stage
[2025-10-14T14:56:39.291+0000] {logging_mixin.py:188} INFO - Uploaded /tmp/minio_downloads/1760098710.json to Snowflake stage
[2025-10-14T14:56:39.941+0000] {logging_mixin.py:188} INFO - Uploaded /tmp/minio_downloads/1760098719.json to Snowflake stage
[2025-10-14T14:56:40.395+0000] {logging_mixin.py:188} INFO - Uploaded /tmp/minio_downloads/1760098728.json to Snowflake stage
[2025-10-14T14:56:41.067+0000] {logging_mixin.py:188} INFO - Uploaded /tmp/minio_downloads/1760098738.json to Snowflake stage
[2025-10-14T14:56:42.550+0000] {logging_mixin.py:188} INFO - Uploaded /tmp/minio_downloads/1760098747.json to Snowflake stage
[2025-10-14T14:56:43.566+0000] {logging_mixin.py:188} INFO - Uploaded /tmp/minio_downloads/1760098757.json to Snowflake stage
[2025-10-14T14:56:43.929+0000] {logging_mixin.py:188} INFO - Uploaded /tmp/minio_downloads/1760098767.json to Snowflake stage
[2025-10-14T14:56:44.729+0000] {logging_mixin.py:188} INFO - Uploaded /tmp/minio_downloads/1760098776.json to Snowflake stage
[2025-10-14T14:56:44.927+0000] {logging_mixin.py:188} INFO - Uploaded /tmp/minio_downloads/1760098785.json to Snowflake stage
[2025-10-14T14:56:45.077+0000] {logging_mixin.py:188} INFO - Uploaded /tmp/minio_downloads/1760098794.json to Snowflake stage
[2025-10-14T14:56:45.236+0000] {logging_mixin.py:188} INFO - Uploaded /tmp/minio_downloads/1760098804.json to Snowflake stage
[2025-10-14T14:56:45.775+0000] {logging_mixin.py:188} INFO - Uploaded /tmp/minio_downloads/1760098814.json to Snowflake stage
[2025-10-14T14:56:45.940+0000] {logging_mixin.py:188} INFO - Uploaded /tmp/minio_downloads/1760098823.json to Snowflake stage
[2025-10-14T14:56:46.409+0000] {logging_mixin.py:188} INFO - Uploaded /tmp/minio_downloads/1760098833.json to Snowflake stage
[2025-10-14T14:56:46.604+0000] {logging_mixin.py:188} INFO - Uploaded /tmp/minio_downloads/1760098842.json to Snowflake stage
[2025-10-14T14:56:47.104+0000] {logging_mixin.py:188} INFO - Uploaded /tmp/minio_downloads/1760098851.json to Snowflake stage
[2025-10-14T14:56:47.664+0000] {logging_mixin.py:188} INFO - Uploaded /tmp/minio_downloads/1760098860.json to Snowflake stage
[2025-10-14T14:56:48.895+0000] {logging_mixin.py:188} INFO - Uploaded /tmp/minio_downloads/1760098869.json to Snowflake stage
[2025-10-14T14:56:49.398+0000] {logging_mixin.py:188} INFO - Uploaded /tmp/minio_downloads/1760098878.json to Snowflake stage
[2025-10-14T14:56:49.570+0000] {logging_mixin.py:188} INFO - Uploaded /tmp/minio_downloads/1760098888.json to Snowflake stage
[2025-10-14T14:56:50.031+0000] {logging_mixin.py:188} INFO - Uploaded /tmp/minio_downloads/1760098897.json to Snowflake stage
[2025-10-14T14:56:50.597+0000] {logging_mixin.py:188} INFO - Uploaded /tmp/minio_downloads/1760098906.json to Snowflake stage
[2025-10-14T14:56:50.759+0000] {logging_mixin.py:188} INFO - Uploaded /tmp/minio_downloads/1760098915.json to Snowflake stage
[2025-10-14T14:56:50.905+0000] {logging_mixin.py:188} INFO - Uploaded /tmp/minio_downloads/1760098925.json to Snowflake stage
[2025-10-14T14:56:51.843+0000] {logging_mixin.py:188} INFO - Uploaded /tmp/minio_downloads/1760098934.json to Snowflake stage
[2025-10-14T14:56:52.126+0000] {logging_mixin.py:188} INFO - Uploaded /tmp/minio_downloads/1760098944.json to Snowflake stage
[2025-10-14T14:56:52.298+0000] {logging_mixin.py:188} INFO - Uploaded /tmp/minio_downloads/1760098954.json to Snowflake stage
[2025-10-14T14:56:52.706+0000] {logging_mixin.py:188} INFO - Uploaded /tmp/minio_downloads/1760098964.json to Snowflake stage
[2025-10-14T14:56:53.738+0000] {logging_mixin.py:188} INFO - Uploaded /tmp/minio_downloads/1760098973.json to Snowflake stage
[2025-10-14T14:56:54.623+0000] {logging_mixin.py:188} INFO - Uploaded /tmp/minio_downloads/1760098983.json to Snowflake stage
[2025-10-14T14:57:03.686+0000] {logging_mixin.py:188} INFO - Uploaded /tmp/minio_downloads/1760098992.json to Snowflake stage
[2025-10-14T14:57:04.550+0000] {logging_mixin.py:188} INFO - Uploaded /tmp/minio_downloads/1760099002.json to Snowflake stage
[2025-10-14T14:57:11.970+0000] {logging_mixin.py:188} INFO - Uploaded /tmp/minio_downloads/1760099012.json to Snowflake stage
[2025-10-14T14:57:13.699+0000] {logging_mixin.py:188} INFO - Uploaded /tmp/minio_downloads/1760099021.json to Snowflake stage
[2025-10-14T14:57:31.194+0000] {logging_mixin.py:188} INFO - Uploaded /tmp/minio_downloads/1760099030.json to Snowflake stage
[2025-10-14T14:57:34.468+0000] {logging_mixin.py:188} INFO - Uploaded /tmp/minio_downloads/1760099039.json to Snowflake stage
[2025-10-14T14:58:22.213+0000] {logging_mixin.py:188} INFO - Uploaded /tmp/minio_downloads/1760099049.json to Snowflake stage
[2025-10-14T14:58:25.692+0000] {logging_mixin.py:188} INFO - Uploaded /tmp/minio_downloads/1760099058.json to Snowflake stage
[2025-10-14T14:58:26.539+0000] {logging_mixin.py:188} INFO - Uploaded /tmp/minio_downloads/1760099068.json to Snowflake stage
[2025-10-14T14:58:28.135+0000] {logging_mixin.py:188} INFO - Uploaded /tmp/minio_downloads/1760099077.json to Snowflake stage
[2025-10-14T14:58:32.890+0000] {logging_mixin.py:188} INFO - Uploaded /tmp/minio_downloads/1760099086.json to Snowflake stage
[2025-10-14T14:58:33.902+0000] {logging_mixin.py:188} INFO - Uploaded /tmp/minio_downloads/1760099096.json to Snowflake stage
[2025-10-14T14:58:41.930+0000] {logging_mixin.py:188} INFO - Uploaded /tmp/minio_downloads/1760099105.json to Snowflake stage
[2025-10-14T14:58:42.546+0000] {logging_mixin.py:188} INFO - Uploaded /tmp/minio_downloads/1760099115.json to Snowflake stage
[2025-10-14T14:58:43.369+0000] {logging_mixin.py:188} INFO - Uploaded /tmp/minio_downloads/1760099125.json to Snowflake stage
[2025-10-14T14:58:44.858+0000] {logging_mixin.py:188} INFO - Uploaded /tmp/minio_downloads/1760099134.json to Snowflake stage
[2025-10-14T14:58:45.282+0000] {logging_mixin.py:188} INFO - Uploaded /tmp/minio_downloads/1760099144.json to Snowflake stage
[2025-10-14T14:58:45.663+0000] {logging_mixin.py:188} INFO - Uploaded /tmp/minio_downloads/1760099154.json to Snowflake stage
[2025-10-14T14:58:46.299+0000] {logging_mixin.py:188} INFO - Uploaded /tmp/minio_downloads/1760099163.json to Snowflake stage
[2025-10-14T14:58:46.501+0000] {logging_mixin.py:188} INFO - Uploaded /tmp/minio_downloads/1760099173.json to Snowflake stage
[2025-10-14T14:58:46.695+0000] {logging_mixin.py:188} INFO - Uploaded /tmp/minio_downloads/1760099183.json to Snowflake stage
[2025-10-14T14:58:47.315+0000] {logging_mixin.py:188} INFO - Uploaded /tmp/minio_downloads/1760099192.json to Snowflake stage
[2025-10-14T14:58:49.731+0000] {logging_mixin.py:188} INFO - Uploaded /tmp/minio_downloads/1760099201.json to Snowflake stage
[2025-10-14T14:58:50.638+0000] {logging_mixin.py:188} INFO - Uploaded /tmp/minio_downloads/1760099210.json to Snowflake stage
[2025-10-14T14:58:52.687+0000] {logging_mixin.py:188} INFO - Uploaded /tmp/minio_downloads/1760099220.json to Snowflake stage
[2025-10-14T14:58:53.180+0000] {logging_mixin.py:188} INFO - Uploaded /tmp/minio_downloads/1760099229.json to Snowflake stage
[2025-10-14T14:58:54.792+0000] {logging_mixin.py:188} INFO - Uploaded /tmp/minio_downloads/1760099238.json to Snowflake stage
[2025-10-14T14:58:55.376+0000] {logging_mixin.py:188} INFO - Uploaded /tmp/minio_downloads/1760099247.json to Snowflake stage
[2025-10-14T14:58:56.900+0000] {logging_mixin.py:188} INFO - Uploaded /tmp/minio_downloads/1760099256.json to Snowflake stage
[2025-10-14T14:58:57.499+0000] {logging_mixin.py:188} INFO - Uploaded /tmp/minio_downloads/1760099266.json to Snowflake stage
[2025-10-14T14:58:57.657+0000] {logging_mixin.py:188} INFO - Uploaded /tmp/minio_downloads/1760099275.json to Snowflake stage
[2025-10-14T14:58:58.473+0000] {logging_mixin.py:188} INFO - Uploaded /tmp/minio_downloads/1760099285.json to Snowflake stage
[2025-10-14T14:59:02.766+0000] {logging_mixin.py:188} INFO - Uploaded /tmp/minio_downloads/1760099294.json to Snowflake stage
[2025-10-14T14:59:05.219+0000] {logging_mixin.py:188} INFO - Uploaded /tmp/minio_downloads/1760099303.json to Snowflake stage
[2025-10-14T14:59:05.408+0000] {logging_mixin.py:188} INFO - Uploaded /tmp/minio_downloads/1760099312.json to Snowflake stage
[2025-10-14T14:59:05.575+0000] {logging_mixin.py:188} INFO - Uploaded /tmp/minio_downloads/1760099322.json to Snowflake stage
[2025-10-14T14:59:05.969+0000] {logging_mixin.py:188} INFO - Uploaded /tmp/minio_downloads/1760099331.json to Snowflake stage
[2025-10-14T14:59:06.171+0000] {logging_mixin.py:188} INFO - Uploaded /tmp/minio_downloads/1760099340.json to Snowflake stage
[2025-10-14T14:59:07.304+0000] {logging_mixin.py:188} INFO - Uploaded /tmp/minio_downloads/1760099349.json to Snowflake stage
[2025-10-14T14:59:07.763+0000] {logging_mixin.py:188} INFO - Uploaded /tmp/minio_downloads/1760099358.json to Snowflake stage
[2025-10-14T14:59:07.942+0000] {logging_mixin.py:188} INFO - Uploaded /tmp/minio_downloads/1760099368.json to Snowflake stage
[2025-10-14T14:59:08.217+0000] {logging_mixin.py:188} INFO - Uploaded /tmp/minio_downloads/1760099378.json to Snowflake stage
[2025-10-14T14:59:09.262+0000] {logging_mixin.py:188} INFO - Uploaded /tmp/minio_downloads/1760099387.json to Snowflake stage
[2025-10-14T14:59:10.571+0000] {logging_mixin.py:188} INFO - Uploaded /tmp/minio_downloads/1760099397.json to Snowflake stage
[2025-10-14T14:59:10.835+0000] {logging_mixin.py:188} INFO - Uploaded /tmp/minio_downloads/1760099406.json to Snowflake stage
[2025-10-14T14:59:12.266+0000] {logging_mixin.py:188} INFO - Uploaded /tmp/minio_downloads/1760099415.json to Snowflake stage
[2025-10-14T14:59:12.497+0000] {logging_mixin.py:188} INFO - Uploaded /tmp/minio_downloads/1760099425.json to Snowflake stage
[2025-10-14T14:59:13.208+0000] {logging_mixin.py:188} INFO - Uploaded /tmp/minio_downloads/1760099435.json to Snowflake stage
[2025-10-14T14:59:13.401+0000] {logging_mixin.py:188} INFO - Uploaded /tmp/minio_downloads/1760099444.json to Snowflake stage
[2025-10-14T14:59:13.791+0000] {logging_mixin.py:188} INFO - Uploaded /tmp/minio_downloads/1760099453.json to Snowflake stage
[2025-10-14T14:59:16.043+0000] {logging_mixin.py:188} INFO - Uploaded /tmp/minio_downloads/1760099463.json to Snowflake stage
[2025-10-14T14:59:16.514+0000] {logging_mixin.py:188} INFO - Uploaded /tmp/minio_downloads/1760099483.json to Snowflake stage
[2025-10-14T14:59:17.168+0000] {logging_mixin.py:188} INFO - Uploaded /tmp/minio_downloads/1760099493.json to Snowflake stage
[2025-10-14T14:59:17.347+0000] {logging_mixin.py:188} INFO - Uploaded /tmp/minio_downloads/1760099503.json to Snowflake stage
[2025-10-14T14:59:17.544+0000] {logging_mixin.py:188} INFO - Uploaded /tmp/minio_downloads/1760099513.json to Snowflake stage
[2025-10-14T14:59:49.054+0000] {logging_mixin.py:188} INFO - Uploaded /tmp/minio_downloads/1760099522.json to Snowflake stage
[2025-10-14T14:59:49.467+0000] {logging_mixin.py:188} INFO - Uploaded /tmp/minio_downloads/1760099532.json to Snowflake stage
[2025-10-14T14:59:50.163+0000] {logging_mixin.py:188} INFO - Uploaded /tmp/minio_downloads/1760099541.json to Snowflake stage
[2025-10-14T14:59:50.680+0000] {logging_mixin.py:188} INFO - Uploaded /tmp/minio_downloads/1760099550.json to Snowflake stage
[2025-10-14T14:59:51.620+0000] {logging_mixin.py:188} INFO - Uploaded /tmp/minio_downloads/1760099559.json to Snowflake stage
[2025-10-14T14:59:52.177+0000] {logging_mixin.py:188} INFO - Uploaded /tmp/minio_downloads/1760099568.json to Snowflake stage
[2025-10-14T14:59:52.709+0000] {logging_mixin.py:188} INFO - Uploaded /tmp/minio_downloads/1760099578.json to Snowflake stage
[2025-10-14T14:59:53.684+0000] {logging_mixin.py:188} INFO - Uploaded /tmp/minio_downloads/1760099588.json to Snowflake stage
[2025-10-14T14:59:54.481+0000] {logging_mixin.py:188} INFO - Uploaded /tmp/minio_downloads/1760099597.json to Snowflake stage
[2025-10-14T14:59:54.676+0000] {logging_mixin.py:188} INFO - Uploaded /tmp/minio_downloads/1760099606.json to Snowflake stage
[2025-10-14T14:59:55.165+0000] {logging_mixin.py:188} INFO - Uploaded /tmp/minio_downloads/1760099616.json to Snowflake stage
[2025-10-14T14:59:55.363+0000] {logging_mixin.py:188} INFO - Uploaded /tmp/minio_downloads/1760099625.json to Snowflake stage
[2025-10-14T14:59:55.804+0000] {logging_mixin.py:188} INFO - Uploaded /tmp/minio_downloads/1760099635.json to Snowflake stage
[2025-10-14T14:59:55.984+0000] {logging_mixin.py:188} INFO - Uploaded /tmp/minio_downloads/1760099645.json to Snowflake stage
[2025-10-14T14:59:56.688+0000] {logging_mixin.py:188} INFO - Uploaded /tmp/minio_downloads/1760099655.json to Snowflake stage
[2025-10-14T14:59:57.169+0000] {logging_mixin.py:188} INFO - Uploaded /tmp/minio_downloads/1760099664.json to Snowflake stage
[2025-10-14T14:59:57.691+0000] {logging_mixin.py:188} INFO - Uploaded /tmp/minio_downloads/1760099673.json to Snowflake stage
[2025-10-14T14:59:57.860+0000] {logging_mixin.py:188} INFO - Uploaded /tmp/minio_downloads/1760099682.json to Snowflake stage
[2025-10-14T14:59:58.261+0000] {logging_mixin.py:188} INFO - Uploaded /tmp/minio_downloads/1760099692.json to Snowflake stage
[2025-10-14T14:59:58.461+0000] {logging_mixin.py:188} INFO - Uploaded /tmp/minio_downloads/1760099701.json to Snowflake stage
[2025-10-14T14:59:58.940+0000] {logging_mixin.py:188} INFO - Uploaded /tmp/minio_downloads/1760099710.json to Snowflake stage
[2025-10-14T14:59:59.536+0000] {logging_mixin.py:188} INFO - Uploaded /tmp/minio_downloads/1760099719.json to Snowflake stage
[2025-10-14T15:00:00.116+0000] {logging_mixin.py:188} INFO - Uploaded /tmp/minio_downloads/1760099728.json to Snowflake stage
[2025-10-14T15:00:02.019+0000] {logging_mixin.py:188} INFO - Uploaded /tmp/minio_downloads/1760099737.json to Snowflake stage
[2025-10-14T15:00:02.308+0000] {logging_mixin.py:188} INFO - Uploaded /tmp/minio_downloads/1760099746.json to Snowflake stage
[2025-10-14T15:00:03.006+0000] {logging_mixin.py:188} INFO - Uploaded /tmp/minio_downloads/1760099756.json to Snowflake stage
[2025-10-14T15:00:03.216+0000] {logging_mixin.py:188} INFO - Uploaded /tmp/minio_downloads/1760099765.json to Snowflake stage
[2025-10-14T15:00:05.735+0000] {logging_mixin.py:188} INFO - Uploaded /tmp/minio_downloads/1760099775.json to Snowflake stage
[2025-10-14T15:00:06.553+0000] {logging_mixin.py:188} INFO - Uploaded /tmp/minio_downloads/1760099784.json to Snowflake stage
[2025-10-14T15:00:07.258+0000] {logging_mixin.py:188} INFO - Uploaded /tmp/minio_downloads/1760099793.json to Snowflake stage
[2025-10-14T15:00:07.450+0000] {logging_mixin.py:188} INFO - Uploaded /tmp/minio_downloads/1760099803.json to Snowflake stage
[2025-10-14T15:00:08.104+0000] {logging_mixin.py:188} INFO - Uploaded /tmp/minio_downloads/1760099812.json to Snowflake stage
[2025-10-14T15:00:08.290+0000] {logging_mixin.py:188} INFO - Uploaded /tmp/minio_downloads/1760099822.json to Snowflake stage
[2025-10-14T15:00:08.677+0000] {logging_mixin.py:188} INFO - Uploaded /tmp/minio_downloads/1760099832.json to Snowflake stage
[2025-10-14T15:00:10.182+0000] {logging_mixin.py:188} INFO - Uploaded /tmp/minio_downloads/1760099841.json to Snowflake stage
[2025-10-14T15:00:11.263+0000] {logging_mixin.py:188} INFO - Uploaded /tmp/minio_downloads/1760099850.json to Snowflake stage
[2025-10-14T15:00:11.458+0000] {logging_mixin.py:188} INFO - Uploaded /tmp/minio_downloads/1760099860.json to Snowflake stage
[2025-10-14T15:00:12.074+0000] {logging_mixin.py:188} INFO - Uploaded /tmp/minio_downloads/1760099869.json to Snowflake stage
[2025-10-14T15:00:29.047+0000] {logging_mixin.py:188} INFO - Uploaded /tmp/minio_downloads/1760099878.json to Snowflake stage
[2025-10-14T15:00:30.406+0000] {logging_mixin.py:188} INFO - Uploaded /tmp/minio_downloads/1760099887.json to Snowflake stage
[2025-10-14T15:00:31.689+0000] {logging_mixin.py:188} INFO - Uploaded /tmp/minio_downloads/1760099896.json to Snowflake stage
[2025-10-14T15:00:32.148+0000] {logging_mixin.py:188} INFO - Uploaded /tmp/minio_downloads/1760099905.json to Snowflake stage
[2025-10-14T15:00:32.802+0000] {logging_mixin.py:188} INFO - Uploaded /tmp/minio_downloads/1760099915.json to Snowflake stage
[2025-10-14T15:00:33.212+0000] {logging_mixin.py:188} INFO - Uploaded /tmp/minio_downloads/1760099925.json to Snowflake stage
[2025-10-14T15:00:37.732+0000] {logging_mixin.py:188} INFO - Uploaded /tmp/minio_downloads/1760099934.json to Snowflake stage
[2025-10-14T15:00:38.370+0000] {logging_mixin.py:188} INFO - Uploaded /tmp/minio_downloads/1760099943.json to Snowflake stage
[2025-10-14T15:00:38.586+0000] {logging_mixin.py:188} INFO - Uploaded /tmp/minio_downloads/1760099952.json to Snowflake stage
[2025-10-14T15:00:38.976+0000] {logging_mixin.py:188} INFO - Uploaded /tmp/minio_downloads/1760099962.json to Snowflake stage
[2025-10-14T15:00:39.248+0000] {logging_mixin.py:188} INFO - Uploaded /tmp/minio_downloads/1760099971.json to Snowflake stage
[2025-10-14T15:00:40.645+0000] {logging_mixin.py:188} INFO - Uploaded /tmp/minio_downloads/1760099980.json to Snowflake stage
[2025-10-14T15:00:41.460+0000] {logging_mixin.py:188} INFO - Uploaded /tmp/minio_downloads/1760099989.json to Snowflake stage
[2025-10-14T15:00:41.641+0000] {logging_mixin.py:188} INFO - Uploaded /tmp/minio_downloads/1760099999.json to Snowflake stage
[2025-10-14T15:00:46.292+0000] {logging_mixin.py:188} INFO - Uploaded /tmp/minio_downloads/1760100008.json to Snowflake stage
[2025-10-14T15:01:27.181+0000] {logging_mixin.py:188} INFO - Uploaded /tmp/minio_downloads/1760100017.json to Snowflake stage
[2025-10-14T15:02:07.023+0000] {logging_mixin.py:188} INFO - Uploaded /tmp/minio_downloads/1760100027.json to Snowflake stage
[2025-10-14T15:02:08.026+0000] {logging_mixin.py:188} INFO - Uploaded /tmp/minio_downloads/1760100036.json to Snowflake stage
[2025-10-14T15:02:08.500+0000] {logging_mixin.py:188} INFO - Uploaded /tmp/minio_downloads/1760100046.json to Snowflake stage
[2025-10-14T15:02:09.145+0000] {logging_mixin.py:188} INFO - Uploaded /tmp/minio_downloads/1760100055.json to Snowflake stage
[2025-10-14T15:02:10.069+0000] {logging_mixin.py:188} INFO - Uploaded /tmp/minio_downloads/1760100064.json to Snowflake stage
[2025-10-14T15:02:10.315+0000] {logging_mixin.py:188} INFO - Uploaded /tmp/minio_downloads/1760100074.json to Snowflake stage
[2025-10-14T15:02:14.230+0000] {logging_mixin.py:188} INFO - Uploaded /tmp/minio_downloads/1760100083.json to Snowflake stage
[2025-10-14T15:02:16.726+0000] {logging_mixin.py:188} INFO - Uploaded /tmp/minio_downloads/1760100092.json to Snowflake stage
[2025-10-14T15:02:17.222+0000] {logging_mixin.py:188} INFO - Uploaded /tmp/minio_downloads/1760100102.json to Snowflake stage
[2025-10-14T15:02:17.774+0000] {logging_mixin.py:188} INFO - Uploaded /tmp/minio_downloads/1760100112.json to Snowflake stage
[2025-10-14T15:02:39.504+0000] {taskinstance.py:441} INFO - ::group::Post task execution logs
[2025-10-14T15:02:39.594+0000] {taskinstance.py:2905} ERROR - Task failed with exception
Traceback (most recent call last):
  File "/home/airflow/.local/lib/python3.12/site-packages/airflow/models/taskinstance.py", line 465, in _execute_task
    result = _execute_callable(context=context, **execute_callable_kwargs)
             ^^^^^^^^^^^^^^^^^^^^^^^^^^^^^^^^^^^^^^^^^^^^^^^^^^^^^^^^^^^^^
  File "/home/airflow/.local/lib/python3.12/site-packages/airflow/models/taskinstance.py", line 432, in _execute_callable
    return execute_callable(context=context, **execute_callable_kwargs)
           ^^^^^^^^^^^^^^^^^^^^^^^^^^^^^^^^^^^^^^^^^^^^^^^^^^^^^^^^^^^^
  File "/home/airflow/.local/lib/python3.12/site-packages/airflow/models/baseoperator.py", line 401, in wrapper
    return func(self, *args, **kwargs)
           ^^^^^^^^^^^^^^^^^^^^^^^^^^^
  File "/home/airflow/.local/lib/python3.12/site-packages/airflow/operators/python.py", line 235, in execute
    return_value = self.execute_callable()
                   ^^^^^^^^^^^^^^^^^^^^^^^
  File "/home/airflow/.local/lib/python3.12/site-packages/airflow/operators/python.py", line 252, in execute_callable
    return self.python_callable(*self.op_args, **self.op_kwargs)
           ^^^^^^^^^^^^^^^^^^^^^^^^^^^^^^^^^^^^^^^^^^^^^^^^^^^^^
  File "/opt/airflow/dags/minio_to_snowflake.py", line 56, in load_to_snowflake
    cur.execute(f"PUT file://{f} @%bronze_stock_quotes_raw")
  File "/home/airflow/.local/lib/python3.12/site-packages/snowflake/connector/cursor.py", line 1080, in execute
    Error.errorhandler_wrapper(self.connection, self, error_class, errvalue)
  File "/home/airflow/.local/lib/python3.12/site-packages/snowflake/connector/errors.py", line 290, in errorhandler_wrapper
    handed_over = Error.hand_to_other_handler(
                  ^^^^^^^^^^^^^^^^^^^^^^^^^^^^
  File "/home/airflow/.local/lib/python3.12/site-packages/snowflake/connector/errors.py", line 345, in hand_to_other_handler
    cursor.errorhandler(connection, cursor, error_class, error_value)
  File "/home/airflow/.local/lib/python3.12/site-packages/snowflake/connector/errors.py", line 221, in default_errorhandler
    raise error_class(
snowflake.connector.errors.ProgrammingError: 000612 (02000): None: Result not found
[2025-10-14T15:02:39.713+0000] {taskinstance.py:1206} INFO - Marking task as FAILED. dag_id=minio_to_snowflake, task_id=load_snowflake, run_id=scheduled__2025-10-14T14:43:00+00:00, execution_date=20251014T144300, start_date=20251014T145517, end_date=20251014T150239
[2025-10-14T15:02:39.855+0000] {standard_task_runner.py:110} ERROR - Failed to execute job 1861 for task load_snowflake (000612 (02000): None: Result not found; 67818)
[2025-10-14T15:02:39.932+0000] {local_task_job_runner.py:243} INFO - Task exited with return code 1
[2025-10-14T15:02:40.116+0000] {taskinstance.py:3503} INFO - 0 downstream tasks scheduled from follow-on schedule check
[2025-10-14T15:02:40.156+0000] {local_task_job_runner.py:222} INFO - ::endgroup::
