[2025-10-14T15:08:22.312+0000] {local_task_job_runner.py:120} INFO - ::group::Pre task execution logs
[2025-10-14T15:08:22.337+0000] {taskinstance.py:2076} INFO - Dependencies all met for dep_context=non-requeueable deps ti=<TaskInstance: minio_to_snowflake.load_snowflake scheduled__2025-10-14T14:53:00+00:00 [queued]>
[2025-10-14T15:08:22.344+0000] {taskinstance.py:2076} INFO - Dependencies all met for dep_context=requeueable deps ti=<TaskInstance: minio_to_snowflake.load_snowflake scheduled__2025-10-14T14:53:00+00:00 [queued]>
[2025-10-14T15:08:22.345+0000] {taskinstance.py:2306} INFO - Starting attempt 1 of 2
[2025-10-14T15:08:22.356+0000] {taskinstance.py:2330} INFO - Executing <Task(PythonOperator): load_snowflake> on 2025-10-14 14:53:00+00:00
[2025-10-14T15:08:22.367+0000] {standard_task_runner.py:90} INFO - Running: ['***', 'tasks', 'run', 'minio_to_snowflake', 'load_snowflake', 'scheduled__2025-10-14T14:53:00+00:00', '--job-id', '1865', '--raw', '--subdir', 'DAGS_FOLDER/minio_to_snowflake.py', '--cfg-path', '/tmp/tmpvt2ay3dz']
[2025-10-14T15:08:22.370+0000] {standard_task_runner.py:91} INFO - Job 1865: Subtask load_snowflake
[2025-10-14T15:08:22.371+0000] {logging_mixin.py:188} WARNING - /home/***/.local/lib/python3.12/site-packages/***/task/task_runner/standard_task_runner.py:62 DeprecationWarning: This process (pid=72130) is multi-threaded, use of fork() may lead to deadlocks in the child.
[2025-10-14T15:08:22.371+0000] {standard_task_runner.py:64} INFO - Started process 72140 to run task
[2025-10-14T15:08:22.417+0000] {task_command.py:426} INFO - Running <TaskInstance: minio_to_snowflake.load_snowflake scheduled__2025-10-14T14:53:00+00:00 [running]> on host e78fd7c8819f
[2025-10-14T15:08:22.496+0000] {taskinstance.py:2648} INFO - Exporting env vars: AIRFLOW_CTX_DAG_OWNER='***' AIRFLOW_CTX_DAG_ID='minio_to_snowflake' AIRFLOW_CTX_TASK_ID='load_snowflake' AIRFLOW_CTX_EXECUTION_DATE='2025-10-14T14:53:00+00:00' AIRFLOW_CTX_TRY_NUMBER='1' AIRFLOW_CTX_DAG_RUN_ID='scheduled__2025-10-14T14:53:00+00:00'
[2025-10-14T15:08:22.497+0000] {taskinstance.py:430} INFO - ::endgroup::
[2025-10-14T15:08:22.522+0000] {connection.py:408} INFO - Snowflake Connector for Python Version: 3.11.0, Python Version: 3.12.4, Platform: Linux-5.15.167.4-microsoft-standard-WSL2-x86_64-with-glibc2.36
[2025-10-14T15:08:22.523+0000] {connection.py:1258} INFO - This connection is in OCSP Fail Open Mode. TLS Certificates would be checked for validity and revocation status. Any other Certificate Revocation related exceptions or OCSP Responder failures would be disregarded in favor of connectivity.
[2025-10-14T15:08:23.535+0000] {logging_mixin.py:188} INFO - Uploaded /tmp/minio_downloads/1760097974.json to Snowflake stage
[2025-10-14T15:08:23.675+0000] {logging_mixin.py:188} INFO - Uploaded /tmp/minio_downloads/1760097983.json to Snowflake stage
[2025-10-14T15:08:23.800+0000] {logging_mixin.py:188} INFO - Uploaded /tmp/minio_downloads/1760097992.json to Snowflake stage
[2025-10-14T15:08:23.938+0000] {logging_mixin.py:188} INFO - Uploaded /tmp/minio_downloads/1760098000.json to Snowflake stage
[2025-10-14T15:08:24.148+0000] {logging_mixin.py:188} INFO - Uploaded /tmp/minio_downloads/1760098010.json to Snowflake stage
[2025-10-14T15:08:24.289+0000] {logging_mixin.py:188} INFO - Uploaded /tmp/minio_downloads/1760098020.json to Snowflake stage
[2025-10-14T15:08:24.446+0000] {logging_mixin.py:188} INFO - Uploaded /tmp/minio_downloads/1760098029.json to Snowflake stage
[2025-10-14T15:08:24.570+0000] {logging_mixin.py:188} INFO - Uploaded /tmp/minio_downloads/1760098038.json to Snowflake stage
[2025-10-14T15:08:24.728+0000] {logging_mixin.py:188} INFO - Uploaded /tmp/minio_downloads/1760098047.json to Snowflake stage
[2025-10-14T15:08:24.861+0000] {logging_mixin.py:188} INFO - Uploaded /tmp/minio_downloads/1760098056.json to Snowflake stage
[2025-10-14T15:08:25.023+0000] {logging_mixin.py:188} INFO - Uploaded /tmp/minio_downloads/1760098064.json to Snowflake stage
[2025-10-14T15:08:25.157+0000] {logging_mixin.py:188} INFO - Uploaded /tmp/minio_downloads/1760098073.json to Snowflake stage
[2025-10-14T15:08:25.290+0000] {logging_mixin.py:188} INFO - Uploaded /tmp/minio_downloads/1760098082.json to Snowflake stage
[2025-10-14T15:08:25.453+0000] {logging_mixin.py:188} INFO - Uploaded /tmp/minio_downloads/1760098091.json to Snowflake stage
[2025-10-14T15:08:25.595+0000] {logging_mixin.py:188} INFO - Uploaded /tmp/minio_downloads/1760098101.json to Snowflake stage
[2025-10-14T15:08:25.732+0000] {logging_mixin.py:188} INFO - Uploaded /tmp/minio_downloads/1760098110.json to Snowflake stage
[2025-10-14T15:08:25.838+0000] {logging_mixin.py:188} INFO - Uploaded /tmp/minio_downloads/1760098119.json to Snowflake stage
[2025-10-14T15:08:25.959+0000] {logging_mixin.py:188} INFO - Uploaded /tmp/minio_downloads/1760098127.json to Snowflake stage
[2025-10-14T15:08:26.072+0000] {logging_mixin.py:188} INFO - Uploaded /tmp/minio_downloads/1760098137.json to Snowflake stage
[2025-10-14T15:08:26.184+0000] {logging_mixin.py:188} INFO - Uploaded /tmp/minio_downloads/1760098145.json to Snowflake stage
[2025-10-14T15:08:26.330+0000] {logging_mixin.py:188} INFO - Uploaded /tmp/minio_downloads/1760098154.json to Snowflake stage
[2025-10-14T15:08:26.469+0000] {logging_mixin.py:188} INFO - Uploaded /tmp/minio_downloads/1760098163.json to Snowflake stage
[2025-10-14T15:08:26.600+0000] {logging_mixin.py:188} INFO - Uploaded /tmp/minio_downloads/1760098403.json to Snowflake stage
[2025-10-14T15:08:26.731+0000] {logging_mixin.py:188} INFO - Uploaded /tmp/minio_downloads/1760098412.json to Snowflake stage
[2025-10-14T15:08:26.863+0000] {logging_mixin.py:188} INFO - Uploaded /tmp/minio_downloads/1760098422.json to Snowflake stage
[2025-10-14T15:08:27.003+0000] {logging_mixin.py:188} INFO - Uploaded /tmp/minio_downloads/1760098432.json to Snowflake stage
[2025-10-14T15:08:27.137+0000] {logging_mixin.py:188} INFO - Uploaded /tmp/minio_downloads/1760098441.json to Snowflake stage
[2025-10-14T15:08:27.264+0000] {logging_mixin.py:188} INFO - Uploaded /tmp/minio_downloads/1760098451.json to Snowflake stage
[2025-10-14T15:08:27.416+0000] {logging_mixin.py:188} INFO - Uploaded /tmp/minio_downloads/1760098461.json to Snowflake stage
[2025-10-14T15:08:27.606+0000] {logging_mixin.py:188} INFO - Uploaded /tmp/minio_downloads/1760098470.json to Snowflake stage
[2025-10-14T15:08:27.723+0000] {logging_mixin.py:188} INFO - Uploaded /tmp/minio_downloads/1760098480.json to Snowflake stage
[2025-10-14T15:08:27.878+0000] {logging_mixin.py:188} INFO - Uploaded /tmp/minio_downloads/1760098489.json to Snowflake stage
[2025-10-14T15:08:28.017+0000] {logging_mixin.py:188} INFO - Uploaded /tmp/minio_downloads/1760098499.json to Snowflake stage
[2025-10-14T15:08:28.143+0000] {logging_mixin.py:188} INFO - Uploaded /tmp/minio_downloads/1760098508.json to Snowflake stage
[2025-10-14T15:08:28.259+0000] {logging_mixin.py:188} INFO - Uploaded /tmp/minio_downloads/1760098517.json to Snowflake stage
[2025-10-14T15:08:28.487+0000] {logging_mixin.py:188} INFO - Uploaded /tmp/minio_downloads/1760098527.json to Snowflake stage
[2025-10-14T15:08:28.760+0000] {logging_mixin.py:188} INFO - Uploaded /tmp/minio_downloads/1760098536.json to Snowflake stage
[2025-10-14T15:08:29.107+0000] {logging_mixin.py:188} INFO - Uploaded /tmp/minio_downloads/1760098546.json to Snowflake stage
[2025-10-14T15:08:29.356+0000] {logging_mixin.py:188} INFO - Uploaded /tmp/minio_downloads/1760098556.json to Snowflake stage
[2025-10-14T15:08:29.549+0000] {logging_mixin.py:188} INFO - Uploaded /tmp/minio_downloads/1760098566.json to Snowflake stage
[2025-10-14T15:08:29.762+0000] {logging_mixin.py:188} INFO - Uploaded /tmp/minio_downloads/1760098575.json to Snowflake stage
[2025-10-14T15:08:29.958+0000] {logging_mixin.py:188} INFO - Uploaded /tmp/minio_downloads/1760098584.json to Snowflake stage
[2025-10-14T15:08:30.156+0000] {logging_mixin.py:188} INFO - Uploaded /tmp/minio_downloads/1760098594.json to Snowflake stage
[2025-10-14T15:08:30.361+0000] {logging_mixin.py:188} INFO - Uploaded /tmp/minio_downloads/1760098604.json to Snowflake stage
[2025-10-14T15:08:30.576+0000] {logging_mixin.py:188} INFO - Uploaded /tmp/minio_downloads/1760098614.json to Snowflake stage
[2025-10-14T15:08:30.777+0000] {logging_mixin.py:188} INFO - Uploaded /tmp/minio_downloads/1760098624.json to Snowflake stage
[2025-10-14T15:08:30.977+0000] {logging_mixin.py:188} INFO - Uploaded /tmp/minio_downloads/1760098634.json to Snowflake stage
[2025-10-14T15:08:31.182+0000] {logging_mixin.py:188} INFO - Uploaded /tmp/minio_downloads/1760098643.json to Snowflake stage
[2025-10-14T15:08:31.394+0000] {logging_mixin.py:188} INFO - Uploaded /tmp/minio_downloads/1760098653.json to Snowflake stage
[2025-10-14T15:08:31.627+0000] {logging_mixin.py:188} INFO - Uploaded /tmp/minio_downloads/1760098662.json to Snowflake stage
[2025-10-14T15:08:31.763+0000] {logging_mixin.py:188} INFO - Uploaded /tmp/minio_downloads/1760098672.json to Snowflake stage
[2025-10-14T15:08:31.900+0000] {logging_mixin.py:188} INFO - Uploaded /tmp/minio_downloads/1760098681.json to Snowflake stage
[2025-10-14T15:08:32.067+0000] {logging_mixin.py:188} INFO - Uploaded /tmp/minio_downloads/1760098691.json to Snowflake stage
[2025-10-14T15:08:32.188+0000] {logging_mixin.py:188} INFO - Uploaded /tmp/minio_downloads/1760098701.json to Snowflake stage
[2025-10-14T15:08:32.313+0000] {logging_mixin.py:188} INFO - Uploaded /tmp/minio_downloads/1760098710.json to Snowflake stage
[2025-10-14T15:08:32.422+0000] {logging_mixin.py:188} INFO - Uploaded /tmp/minio_downloads/1760098719.json to Snowflake stage
[2025-10-14T15:08:32.564+0000] {logging_mixin.py:188} INFO - Uploaded /tmp/minio_downloads/1760098728.json to Snowflake stage
[2025-10-14T15:08:32.712+0000] {logging_mixin.py:188} INFO - Uploaded /tmp/minio_downloads/1760098738.json to Snowflake stage
[2025-10-14T15:08:32.855+0000] {logging_mixin.py:188} INFO - Uploaded /tmp/minio_downloads/1760098747.json to Snowflake stage
[2025-10-14T15:08:33.010+0000] {logging_mixin.py:188} INFO - Uploaded /tmp/minio_downloads/1760098757.json to Snowflake stage
[2025-10-14T15:08:33.266+0000] {logging_mixin.py:188} INFO - Uploaded /tmp/minio_downloads/1760098767.json to Snowflake stage
[2025-10-14T15:08:33.385+0000] {logging_mixin.py:188} INFO - Uploaded /tmp/minio_downloads/1760098776.json to Snowflake stage
[2025-10-14T15:08:33.518+0000] {logging_mixin.py:188} INFO - Uploaded /tmp/minio_downloads/1760098785.json to Snowflake stage
[2025-10-14T15:08:33.646+0000] {logging_mixin.py:188} INFO - Uploaded /tmp/minio_downloads/1760098794.json to Snowflake stage
[2025-10-14T15:08:33.758+0000] {logging_mixin.py:188} INFO - Uploaded /tmp/minio_downloads/1760098804.json to Snowflake stage
[2025-10-14T15:08:33.933+0000] {logging_mixin.py:188} INFO - Uploaded /tmp/minio_downloads/1760098814.json to Snowflake stage
[2025-10-14T15:08:34.049+0000] {logging_mixin.py:188} INFO - Uploaded /tmp/minio_downloads/1760098823.json to Snowflake stage
[2025-10-14T15:08:34.183+0000] {logging_mixin.py:188} INFO - Uploaded /tmp/minio_downloads/1760098833.json to Snowflake stage
[2025-10-14T15:08:34.299+0000] {logging_mixin.py:188} INFO - Uploaded /tmp/minio_downloads/1760098842.json to Snowflake stage
[2025-10-14T15:08:34.409+0000] {logging_mixin.py:188} INFO - Uploaded /tmp/minio_downloads/1760098851.json to Snowflake stage
[2025-10-14T15:08:34.543+0000] {logging_mixin.py:188} INFO - Uploaded /tmp/minio_downloads/1760098860.json to Snowflake stage
[2025-10-14T15:08:34.670+0000] {logging_mixin.py:188} INFO - Uploaded /tmp/minio_downloads/1760098869.json to Snowflake stage
[2025-10-14T15:08:34.841+0000] {logging_mixin.py:188} INFO - Uploaded /tmp/minio_downloads/1760098878.json to Snowflake stage
[2025-10-14T15:08:34.968+0000] {logging_mixin.py:188} INFO - Uploaded /tmp/minio_downloads/1760098888.json to Snowflake stage
[2025-10-14T15:08:35.081+0000] {logging_mixin.py:188} INFO - Uploaded /tmp/minio_downloads/1760098897.json to Snowflake stage
[2025-10-14T15:08:35.214+0000] {logging_mixin.py:188} INFO - Uploaded /tmp/minio_downloads/1760098906.json to Snowflake stage
[2025-10-14T15:08:35.346+0000] {logging_mixin.py:188} INFO - Uploaded /tmp/minio_downloads/1760098915.json to Snowflake stage
[2025-10-14T15:08:35.471+0000] {logging_mixin.py:188} INFO - Uploaded /tmp/minio_downloads/1760098925.json to Snowflake stage
[2025-10-14T15:08:35.607+0000] {logging_mixin.py:188} INFO - Uploaded /tmp/minio_downloads/1760098934.json to Snowflake stage
[2025-10-14T15:08:35.747+0000] {logging_mixin.py:188} INFO - Uploaded /tmp/minio_downloads/1760098944.json to Snowflake stage
[2025-10-14T15:08:35.860+0000] {logging_mixin.py:188} INFO - Uploaded /tmp/minio_downloads/1760098954.json to Snowflake stage
[2025-10-14T15:08:35.991+0000] {logging_mixin.py:188} INFO - Uploaded /tmp/minio_downloads/1760098964.json to Snowflake stage
[2025-10-14T15:08:36.156+0000] {logging_mixin.py:188} INFO - Uploaded /tmp/minio_downloads/1760098973.json to Snowflake stage
[2025-10-14T15:08:36.285+0000] {logging_mixin.py:188} INFO - Uploaded /tmp/minio_downloads/1760098983.json to Snowflake stage
[2025-10-14T15:08:36.404+0000] {logging_mixin.py:188} INFO - Uploaded /tmp/minio_downloads/1760098992.json to Snowflake stage
[2025-10-14T15:08:36.541+0000] {logging_mixin.py:188} INFO - Uploaded /tmp/minio_downloads/1760099002.json to Snowflake stage
[2025-10-14T15:08:36.675+0000] {logging_mixin.py:188} INFO - Uploaded /tmp/minio_downloads/1760099012.json to Snowflake stage
[2025-10-14T15:08:36.783+0000] {logging_mixin.py:188} INFO - Uploaded /tmp/minio_downloads/1760099021.json to Snowflake stage
[2025-10-14T15:08:36.923+0000] {logging_mixin.py:188} INFO - Uploaded /tmp/minio_downloads/1760099030.json to Snowflake stage
[2025-10-14T15:08:37.051+0000] {logging_mixin.py:188} INFO - Uploaded /tmp/minio_downloads/1760099039.json to Snowflake stage
[2025-10-14T15:08:37.234+0000] {logging_mixin.py:188} INFO - Uploaded /tmp/minio_downloads/1760099049.json to Snowflake stage
[2025-10-14T15:08:37.360+0000] {logging_mixin.py:188} INFO - Uploaded /tmp/minio_downloads/1760099058.json to Snowflake stage
[2025-10-14T15:08:37.484+0000] {logging_mixin.py:188} INFO - Uploaded /tmp/minio_downloads/1760099068.json to Snowflake stage
[2025-10-14T15:08:37.603+0000] {logging_mixin.py:188} INFO - Uploaded /tmp/minio_downloads/1760099077.json to Snowflake stage
[2025-10-14T15:08:37.733+0000] {logging_mixin.py:188} INFO - Uploaded /tmp/minio_downloads/1760099086.json to Snowflake stage
[2025-10-14T15:08:37.857+0000] {logging_mixin.py:188} INFO - Uploaded /tmp/minio_downloads/1760099096.json to Snowflake stage
[2025-10-14T15:08:37.986+0000] {logging_mixin.py:188} INFO - Uploaded /tmp/minio_downloads/1760099105.json to Snowflake stage
[2025-10-14T15:08:38.134+0000] {logging_mixin.py:188} INFO - Uploaded /tmp/minio_downloads/1760099115.json to Snowflake stage
[2025-10-14T15:08:38.263+0000] {logging_mixin.py:188} INFO - Uploaded /tmp/minio_downloads/1760099125.json to Snowflake stage
[2025-10-14T15:08:38.386+0000] {logging_mixin.py:188} INFO - Uploaded /tmp/minio_downloads/1760099134.json to Snowflake stage
[2025-10-14T15:08:38.538+0000] {logging_mixin.py:188} INFO - Uploaded /tmp/minio_downloads/1760099144.json to Snowflake stage
[2025-10-14T15:08:38.746+0000] {logging_mixin.py:188} INFO - Uploaded /tmp/minio_downloads/1760099154.json to Snowflake stage
[2025-10-14T15:08:38.890+0000] {logging_mixin.py:188} INFO - Uploaded /tmp/minio_downloads/1760099163.json to Snowflake stage
[2025-10-14T15:08:39.070+0000] {logging_mixin.py:188} INFO - Uploaded /tmp/minio_downloads/1760099173.json to Snowflake stage
[2025-10-14T15:08:39.236+0000] {logging_mixin.py:188} INFO - Uploaded /tmp/minio_downloads/1760099183.json to Snowflake stage
[2025-10-14T15:08:39.409+0000] {logging_mixin.py:188} INFO - Uploaded /tmp/minio_downloads/1760099192.json to Snowflake stage
[2025-10-14T15:08:39.568+0000] {logging_mixin.py:188} INFO - Uploaded /tmp/minio_downloads/1760099201.json to Snowflake stage
[2025-10-14T15:08:39.684+0000] {logging_mixin.py:188} INFO - Uploaded /tmp/minio_downloads/1760099210.json to Snowflake stage
[2025-10-14T15:08:39.811+0000] {logging_mixin.py:188} INFO - Uploaded /tmp/minio_downloads/1760099220.json to Snowflake stage
[2025-10-14T15:08:39.914+0000] {logging_mixin.py:188} INFO - Uploaded /tmp/minio_downloads/1760099229.json to Snowflake stage
[2025-10-14T15:08:40.049+0000] {logging_mixin.py:188} INFO - Uploaded /tmp/minio_downloads/1760099238.json to Snowflake stage
[2025-10-14T15:08:40.186+0000] {logging_mixin.py:188} INFO - Uploaded /tmp/minio_downloads/1760099247.json to Snowflake stage
[2025-10-14T15:08:40.312+0000] {logging_mixin.py:188} INFO - Uploaded /tmp/minio_downloads/1760099256.json to Snowflake stage
[2025-10-14T15:08:40.477+0000] {logging_mixin.py:188} INFO - Uploaded /tmp/minio_downloads/1760099266.json to Snowflake stage
[2025-10-14T15:08:40.610+0000] {logging_mixin.py:188} INFO - Uploaded /tmp/minio_downloads/1760099275.json to Snowflake stage
[2025-10-14T15:08:40.758+0000] {logging_mixin.py:188} INFO - Uploaded /tmp/minio_downloads/1760099285.json to Snowflake stage
[2025-10-14T15:08:40.895+0000] {logging_mixin.py:188} INFO - Uploaded /tmp/minio_downloads/1760099294.json to Snowflake stage
[2025-10-14T15:08:41.046+0000] {logging_mixin.py:188} INFO - Uploaded /tmp/minio_downloads/1760099303.json to Snowflake stage
[2025-10-14T15:08:41.187+0000] {logging_mixin.py:188} INFO - Uploaded /tmp/minio_downloads/1760099312.json to Snowflake stage
[2025-10-14T15:08:41.302+0000] {logging_mixin.py:188} INFO - Uploaded /tmp/minio_downloads/1760099322.json to Snowflake stage
[2025-10-14T15:08:41.425+0000] {logging_mixin.py:188} INFO - Uploaded /tmp/minio_downloads/1760099331.json to Snowflake stage
[2025-10-14T15:08:41.559+0000] {logging_mixin.py:188} INFO - Uploaded /tmp/minio_downloads/1760099340.json to Snowflake stage
[2025-10-14T15:08:41.707+0000] {logging_mixin.py:188} INFO - Uploaded /tmp/minio_downloads/1760099349.json to Snowflake stage
[2025-10-14T15:08:41.831+0000] {logging_mixin.py:188} INFO - Uploaded /tmp/minio_downloads/1760099358.json to Snowflake stage
[2025-10-14T15:08:41.953+0000] {logging_mixin.py:188} INFO - Uploaded /tmp/minio_downloads/1760099368.json to Snowflake stage
[2025-10-14T15:08:42.099+0000] {logging_mixin.py:188} INFO - Uploaded /tmp/minio_downloads/1760099378.json to Snowflake stage
[2025-10-14T15:08:42.223+0000] {logging_mixin.py:188} INFO - Uploaded /tmp/minio_downloads/1760099387.json to Snowflake stage
[2025-10-14T15:08:42.350+0000] {logging_mixin.py:188} INFO - Uploaded /tmp/minio_downloads/1760099397.json to Snowflake stage
[2025-10-14T15:08:42.473+0000] {logging_mixin.py:188} INFO - Uploaded /tmp/minio_downloads/1760099406.json to Snowflake stage
[2025-10-14T15:08:42.605+0000] {logging_mixin.py:188} INFO - Uploaded /tmp/minio_downloads/1760099415.json to Snowflake stage
[2025-10-14T15:08:42.736+0000] {logging_mixin.py:188} INFO - Uploaded /tmp/minio_downloads/1760099425.json to Snowflake stage
[2025-10-14T15:08:43.169+0000] {logging_mixin.py:188} INFO - Uploaded /tmp/minio_downloads/1760099435.json to Snowflake stage
[2025-10-14T15:08:43.297+0000] {logging_mixin.py:188} INFO - Uploaded /tmp/minio_downloads/1760099444.json to Snowflake stage
[2025-10-14T15:08:43.453+0000] {logging_mixin.py:188} INFO - Uploaded /tmp/minio_downloads/1760099453.json to Snowflake stage
[2025-10-14T15:08:43.609+0000] {logging_mixin.py:188} INFO - Uploaded /tmp/minio_downloads/1760099463.json to Snowflake stage
[2025-10-14T15:08:43.756+0000] {logging_mixin.py:188} INFO - Uploaded /tmp/minio_downloads/1760099483.json to Snowflake stage
[2025-10-14T15:08:43.894+0000] {logging_mixin.py:188} INFO - Uploaded /tmp/minio_downloads/1760099493.json to Snowflake stage
[2025-10-14T15:08:44.053+0000] {logging_mixin.py:188} INFO - Uploaded /tmp/minio_downloads/1760099503.json to Snowflake stage
[2025-10-14T15:08:44.185+0000] {logging_mixin.py:188} INFO - Uploaded /tmp/minio_downloads/1760099513.json to Snowflake stage
[2025-10-14T15:08:44.335+0000] {logging_mixin.py:188} INFO - Uploaded /tmp/minio_downloads/1760099522.json to Snowflake stage
[2025-10-14T15:08:44.477+0000] {logging_mixin.py:188} INFO - Uploaded /tmp/minio_downloads/1760099532.json to Snowflake stage
[2025-10-14T15:08:44.612+0000] {logging_mixin.py:188} INFO - Uploaded /tmp/minio_downloads/1760099541.json to Snowflake stage
[2025-10-14T15:08:44.742+0000] {logging_mixin.py:188} INFO - Uploaded /tmp/minio_downloads/1760099550.json to Snowflake stage
[2025-10-14T15:08:44.895+0000] {logging_mixin.py:188} INFO - Uploaded /tmp/minio_downloads/1760099559.json to Snowflake stage
[2025-10-14T15:08:45.023+0000] {logging_mixin.py:188} INFO - Uploaded /tmp/minio_downloads/1760099568.json to Snowflake stage
[2025-10-14T15:08:45.151+0000] {logging_mixin.py:188} INFO - Uploaded /tmp/minio_downloads/1760099578.json to Snowflake stage
[2025-10-14T15:08:45.280+0000] {logging_mixin.py:188} INFO - Uploaded /tmp/minio_downloads/1760099588.json to Snowflake stage
[2025-10-14T15:08:45.423+0000] {logging_mixin.py:188} INFO - Uploaded /tmp/minio_downloads/1760099597.json to Snowflake stage
[2025-10-14T15:08:45.549+0000] {logging_mixin.py:188} INFO - Uploaded /tmp/minio_downloads/1760099606.json to Snowflake stage
[2025-10-14T15:08:45.694+0000] {logging_mixin.py:188} INFO - Uploaded /tmp/minio_downloads/1760099616.json to Snowflake stage
[2025-10-14T15:08:46.061+0000] {logging_mixin.py:188} INFO - Uploaded /tmp/minio_downloads/1760099625.json to Snowflake stage
[2025-10-14T15:08:46.216+0000] {logging_mixin.py:188} INFO - Uploaded /tmp/minio_downloads/1760099635.json to Snowflake stage
[2025-10-14T15:08:46.348+0000] {logging_mixin.py:188} INFO - Uploaded /tmp/minio_downloads/1760099645.json to Snowflake stage
[2025-10-14T15:08:46.485+0000] {logging_mixin.py:188} INFO - Uploaded /tmp/minio_downloads/1760099655.json to Snowflake stage
[2025-10-14T15:08:46.629+0000] {logging_mixin.py:188} INFO - Uploaded /tmp/minio_downloads/1760099664.json to Snowflake stage
[2025-10-14T15:08:46.750+0000] {logging_mixin.py:188} INFO - Uploaded /tmp/minio_downloads/1760099673.json to Snowflake stage
[2025-10-14T15:08:46.875+0000] {logging_mixin.py:188} INFO - Uploaded /tmp/minio_downloads/1760099682.json to Snowflake stage
[2025-10-14T15:08:47.014+0000] {logging_mixin.py:188} INFO - Uploaded /tmp/minio_downloads/1760099692.json to Snowflake stage
[2025-10-14T15:08:47.171+0000] {logging_mixin.py:188} INFO - Uploaded /tmp/minio_downloads/1760099701.json to Snowflake stage
[2025-10-14T15:08:47.316+0000] {logging_mixin.py:188} INFO - Uploaded /tmp/minio_downloads/1760099710.json to Snowflake stage
[2025-10-14T15:08:47.430+0000] {logging_mixin.py:188} INFO - Uploaded /tmp/minio_downloads/1760099719.json to Snowflake stage
[2025-10-14T15:08:47.610+0000] {logging_mixin.py:188} INFO - Uploaded /tmp/minio_downloads/1760099728.json to Snowflake stage
[2025-10-14T15:08:47.786+0000] {logging_mixin.py:188} INFO - Uploaded /tmp/minio_downloads/1760099737.json to Snowflake stage
[2025-10-14T15:08:47.917+0000] {logging_mixin.py:188} INFO - Uploaded /tmp/minio_downloads/1760099746.json to Snowflake stage
[2025-10-14T15:08:48.047+0000] {logging_mixin.py:188} INFO - Uploaded /tmp/minio_downloads/1760099756.json to Snowflake stage
[2025-10-14T15:08:48.203+0000] {logging_mixin.py:188} INFO - Uploaded /tmp/minio_downloads/1760099765.json to Snowflake stage
[2025-10-14T15:08:48.317+0000] {logging_mixin.py:188} INFO - Uploaded /tmp/minio_downloads/1760099775.json to Snowflake stage
[2025-10-14T15:08:48.432+0000] {logging_mixin.py:188} INFO - Uploaded /tmp/minio_downloads/1760099784.json to Snowflake stage
[2025-10-14T15:08:48.571+0000] {logging_mixin.py:188} INFO - Uploaded /tmp/minio_downloads/1760099793.json to Snowflake stage
[2025-10-14T15:08:48.742+0000] {logging_mixin.py:188} INFO - Uploaded /tmp/minio_downloads/1760099803.json to Snowflake stage
[2025-10-14T15:08:48.885+0000] {logging_mixin.py:188} INFO - Uploaded /tmp/minio_downloads/1760099812.json to Snowflake stage
[2025-10-14T15:08:49.041+0000] {logging_mixin.py:188} INFO - Uploaded /tmp/minio_downloads/1760099822.json to Snowflake stage
[2025-10-14T15:08:49.173+0000] {logging_mixin.py:188} INFO - Uploaded /tmp/minio_downloads/1760099832.json to Snowflake stage
[2025-10-14T15:08:49.340+0000] {logging_mixin.py:188} INFO - Uploaded /tmp/minio_downloads/1760099841.json to Snowflake stage
[2025-10-14T15:08:49.489+0000] {logging_mixin.py:188} INFO - Uploaded /tmp/minio_downloads/1760099850.json to Snowflake stage
[2025-10-14T15:08:49.618+0000] {logging_mixin.py:188} INFO - Uploaded /tmp/minio_downloads/1760099860.json to Snowflake stage
[2025-10-14T15:08:49.738+0000] {logging_mixin.py:188} INFO - Uploaded /tmp/minio_downloads/1760099869.json to Snowflake stage
[2025-10-14T15:08:49.891+0000] {logging_mixin.py:188} INFO - Uploaded /tmp/minio_downloads/1760099878.json to Snowflake stage
[2025-10-14T15:08:50.015+0000] {logging_mixin.py:188} INFO - Uploaded /tmp/minio_downloads/1760099887.json to Snowflake stage
[2025-10-14T15:08:50.140+0000] {logging_mixin.py:188} INFO - Uploaded /tmp/minio_downloads/1760099896.json to Snowflake stage
[2025-10-14T15:08:50.256+0000] {logging_mixin.py:188} INFO - Uploaded /tmp/minio_downloads/1760099905.json to Snowflake stage
[2025-10-14T15:08:50.395+0000] {logging_mixin.py:188} INFO - Uploaded /tmp/minio_downloads/1760099915.json to Snowflake stage
[2025-10-14T15:08:50.531+0000] {logging_mixin.py:188} INFO - Uploaded /tmp/minio_downloads/1760099925.json to Snowflake stage
[2025-10-14T15:08:50.671+0000] {logging_mixin.py:188} INFO - Uploaded /tmp/minio_downloads/1760099934.json to Snowflake stage
[2025-10-14T15:08:50.805+0000] {logging_mixin.py:188} INFO - Uploaded /tmp/minio_downloads/1760099943.json to Snowflake stage
[2025-10-14T15:08:50.937+0000] {logging_mixin.py:188} INFO - Uploaded /tmp/minio_downloads/1760099952.json to Snowflake stage
[2025-10-14T15:08:51.085+0000] {logging_mixin.py:188} INFO - Uploaded /tmp/minio_downloads/1760099962.json to Snowflake stage
[2025-10-14T15:08:51.221+0000] {logging_mixin.py:188} INFO - Uploaded /tmp/minio_downloads/1760099971.json to Snowflake stage
[2025-10-14T15:08:51.349+0000] {logging_mixin.py:188} INFO - Uploaded /tmp/minio_downloads/1760099980.json to Snowflake stage
[2025-10-14T15:08:51.509+0000] {logging_mixin.py:188} INFO - Uploaded /tmp/minio_downloads/1760099989.json to Snowflake stage
[2025-10-14T15:08:51.645+0000] {logging_mixin.py:188} INFO - Uploaded /tmp/minio_downloads/1760099999.json to Snowflake stage
[2025-10-14T15:08:51.800+0000] {logging_mixin.py:188} INFO - Uploaded /tmp/minio_downloads/1760100008.json to Snowflake stage
[2025-10-14T15:08:51.930+0000] {logging_mixin.py:188} INFO - Uploaded /tmp/minio_downloads/1760100017.json to Snowflake stage
[2025-10-14T15:08:52.085+0000] {logging_mixin.py:188} INFO - Uploaded /tmp/minio_downloads/1760100027.json to Snowflake stage
[2025-10-14T15:08:52.218+0000] {logging_mixin.py:188} INFO - Uploaded /tmp/minio_downloads/1760100036.json to Snowflake stage
[2025-10-14T15:08:52.351+0000] {logging_mixin.py:188} INFO - Uploaded /tmp/minio_downloads/1760100046.json to Snowflake stage
[2025-10-14T15:08:52.475+0000] {logging_mixin.py:188} INFO - Uploaded /tmp/minio_downloads/1760100055.json to Snowflake stage
[2025-10-14T15:08:52.594+0000] {logging_mixin.py:188} INFO - Uploaded /tmp/minio_downloads/1760100064.json to Snowflake stage
[2025-10-14T15:08:52.713+0000] {logging_mixin.py:188} INFO - Uploaded /tmp/minio_downloads/1760100074.json to Snowflake stage
[2025-10-14T15:08:52.831+0000] {logging_mixin.py:188} INFO - Uploaded /tmp/minio_downloads/1760100083.json to Snowflake stage
[2025-10-14T15:08:52.948+0000] {logging_mixin.py:188} INFO - Uploaded /tmp/minio_downloads/1760100092.json to Snowflake stage
[2025-10-14T15:08:53.091+0000] {logging_mixin.py:188} INFO - Uploaded /tmp/minio_downloads/1760100102.json to Snowflake stage
[2025-10-14T15:08:53.231+0000] {logging_mixin.py:188} INFO - Uploaded /tmp/minio_downloads/1760100112.json to Snowflake stage
[2025-10-14T15:08:53.409+0000] {logging_mixin.py:188} INFO - Uploaded /tmp/minio_downloads/1760100121.json to Snowflake stage
[2025-10-14T15:08:53.576+0000] {logging_mixin.py:188} INFO - Uploaded /tmp/minio_downloads/1760100130.json to Snowflake stage
[2025-10-14T15:08:53.704+0000] {logging_mixin.py:188} INFO - Uploaded /tmp/minio_downloads/1760100139.json to Snowflake stage
[2025-10-14T15:08:53.840+0000] {logging_mixin.py:188} INFO - Uploaded /tmp/minio_downloads/1760100149.json to Snowflake stage
[2025-10-14T15:08:53.996+0000] {logging_mixin.py:188} INFO - Uploaded /tmp/minio_downloads/1760100159.json to Snowflake stage
[2025-10-14T15:08:54.125+0000] {logging_mixin.py:188} INFO - Uploaded /tmp/minio_downloads/1760100168.json to Snowflake stage
[2025-10-14T15:08:54.285+0000] {logging_mixin.py:188} INFO - Uploaded /tmp/minio_downloads/1760100177.json to Snowflake stage
[2025-10-14T15:08:54.401+0000] {logging_mixin.py:188} INFO - Uploaded /tmp/minio_downloads/1760100186.json to Snowflake stage
[2025-10-14T15:08:54.536+0000] {logging_mixin.py:188} INFO - Uploaded /tmp/minio_downloads/1760100195.json to Snowflake stage
[2025-10-14T15:08:54.661+0000] {logging_mixin.py:188} INFO - Uploaded /tmp/minio_downloads/1760100205.json to Snowflake stage
[2025-10-14T15:08:54.833+0000] {logging_mixin.py:188} INFO - Uploaded /tmp/minio_downloads/1760100214.json to Snowflake stage
[2025-10-14T15:08:54.982+0000] {logging_mixin.py:188} INFO - Uploaded /tmp/minio_downloads/1760100224.json to Snowflake stage
[2025-10-14T15:08:55.138+0000] {logging_mixin.py:188} INFO - Uploaded /tmp/minio_downloads/1760100233.json to Snowflake stage
[2025-10-14T15:08:55.287+0000] {logging_mixin.py:188} INFO - Uploaded /tmp/minio_downloads/1760100243.json to Snowflake stage
[2025-10-14T15:08:55.433+0000] {logging_mixin.py:188} INFO - Uploaded /tmp/minio_downloads/1760100253.json to Snowflake stage
[2025-10-14T15:08:55.565+0000] {logging_mixin.py:188} INFO - Uploaded /tmp/minio_downloads/1760100262.json to Snowflake stage
[2025-10-14T15:08:55.725+0000] {logging_mixin.py:188} INFO - Uploaded /tmp/minio_downloads/1760100271.json to Snowflake stage
[2025-10-14T15:08:55.841+0000] {logging_mixin.py:188} INFO - Uploaded /tmp/minio_downloads/1760100280.json to Snowflake stage
[2025-10-14T15:08:55.969+0000] {logging_mixin.py:188} INFO - Uploaded /tmp/minio_downloads/1760100289.json to Snowflake stage
[2025-10-14T15:08:56.088+0000] {logging_mixin.py:188} INFO - Uploaded /tmp/minio_downloads/1760100299.json to Snowflake stage
[2025-10-14T15:08:56.214+0000] {logging_mixin.py:188} INFO - Uploaded /tmp/minio_downloads/1760100308.json to Snowflake stage
[2025-10-14T15:08:56.418+0000] {logging_mixin.py:188} INFO - Uploaded /tmp/minio_downloads/1760100317.json to Snowflake stage
[2025-10-14T15:08:56.547+0000] {logging_mixin.py:188} INFO - Uploaded /tmp/minio_downloads/1760100326.json to Snowflake stage
[2025-10-14T15:08:56.671+0000] {logging_mixin.py:188} INFO - Uploaded /tmp/minio_downloads/1760100335.json to Snowflake stage
[2025-10-14T15:08:56.819+0000] {logging_mixin.py:188} INFO - Uploaded /tmp/minio_downloads/1760100345.json to Snowflake stage
[2025-10-14T15:08:56.953+0000] {logging_mixin.py:188} INFO - Uploaded /tmp/minio_downloads/1760100354.json to Snowflake stage
[2025-10-14T15:08:57.225+0000] {logging_mixin.py:188} INFO - Uploaded /tmp/minio_downloads/1760100363.json to Snowflake stage
[2025-10-14T15:08:57.434+0000] {logging_mixin.py:188} INFO - Uploaded /tmp/minio_downloads/1760100373.json to Snowflake stage
[2025-10-14T15:08:57.775+0000] {logging_mixin.py:188} INFO - Uploaded /tmp/minio_downloads/1760100382.json to Snowflake stage
[2025-10-14T15:08:58.054+0000] {logging_mixin.py:188} INFO - Uploaded /tmp/minio_downloads/1760100391.json to Snowflake stage
[2025-10-14T15:08:58.213+0000] {logging_mixin.py:188} INFO - Uploaded /tmp/minio_downloads/1760100400.json to Snowflake stage
[2025-10-14T15:08:58.425+0000] {logging_mixin.py:188} INFO - Uploaded /tmp/minio_downloads/1760100409.json to Snowflake stage
[2025-10-14T15:08:58.635+0000] {logging_mixin.py:188} INFO - Uploaded /tmp/minio_downloads/1760100419.json to Snowflake stage
[2025-10-14T15:08:58.854+0000] {logging_mixin.py:188} INFO - Uploaded /tmp/minio_downloads/1760100428.json to Snowflake stage
[2025-10-14T15:08:59.040+0000] {logging_mixin.py:188} INFO - Uploaded /tmp/minio_downloads/1760100437.json to Snowflake stage
[2025-10-14T15:08:59.247+0000] {logging_mixin.py:188} INFO - Uploaded /tmp/minio_downloads/1760100446.json to Snowflake stage
[2025-10-14T15:08:59.444+0000] {logging_mixin.py:188} INFO - Uploaded /tmp/minio_downloads/1760100456.json to Snowflake stage
[2025-10-14T15:08:59.656+0000] {logging_mixin.py:188} INFO - Uploaded /tmp/minio_downloads/1760100464.json to Snowflake stage
[2025-10-14T15:08:59.873+0000] {logging_mixin.py:188} INFO - Uploaded /tmp/minio_downloads/1760100474.json to Snowflake stage
[2025-10-14T15:09:00.016+0000] {logging_mixin.py:188} INFO - Uploaded /tmp/minio_downloads/1760100484.json to Snowflake stage
[2025-10-14T15:09:00.151+0000] {logging_mixin.py:188} INFO - Uploaded /tmp/minio_downloads/1760100493.json to Snowflake stage
[2025-10-14T15:09:00.266+0000] {logging_mixin.py:188} INFO - Uploaded /tmp/minio_downloads/1760100502.json to Snowflake stage
[2025-10-14T15:09:00.383+0000] {logging_mixin.py:188} INFO - Uploaded /tmp/minio_downloads/1760100512.json to Snowflake stage
[2025-10-14T15:09:00.538+0000] {logging_mixin.py:188} INFO - Uploaded /tmp/minio_downloads/1760100521.json to Snowflake stage
[2025-10-14T15:09:00.650+0000] {logging_mixin.py:188} INFO - Uploaded /tmp/minio_downloads/1760100530.json to Snowflake stage
[2025-10-14T15:09:00.783+0000] {logging_mixin.py:188} INFO - Uploaded /tmp/minio_downloads/1760100539.json to Snowflake stage
[2025-10-14T15:09:00.917+0000] {logging_mixin.py:188} INFO - Uploaded /tmp/minio_downloads/1760100548.json to Snowflake stage
[2025-10-14T15:09:01.074+0000] {logging_mixin.py:188} INFO - Uploaded /tmp/minio_downloads/1760100558.json to Snowflake stage
[2025-10-14T15:09:01.207+0000] {logging_mixin.py:188} INFO - Uploaded /tmp/minio_downloads/1760100566.json to Snowflake stage
[2025-10-14T15:09:01.339+0000] {logging_mixin.py:188} INFO - Uploaded /tmp/minio_downloads/1760100576.json to Snowflake stage
[2025-10-14T15:09:01.480+0000] {logging_mixin.py:188} INFO - Uploaded /tmp/minio_downloads/1760100585.json to Snowflake stage
[2025-10-14T15:09:01.603+0000] {logging_mixin.py:188} INFO - Uploaded /tmp/minio_downloads/1760100594.json to Snowflake stage
[2025-10-14T15:09:01.729+0000] {logging_mixin.py:188} INFO - Uploaded /tmp/minio_downloads/1760100604.json to Snowflake stage
[2025-10-14T15:09:01.908+0000] {logging_mixin.py:188} INFO - Uploaded /tmp/minio_downloads/1760100613.json to Snowflake stage
[2025-10-14T15:09:02.050+0000] {logging_mixin.py:188} INFO - Uploaded /tmp/minio_downloads/1760100623.json to Snowflake stage
[2025-10-14T15:09:02.179+0000] {logging_mixin.py:188} INFO - Uploaded /tmp/minio_downloads/1760100633.json to Snowflake stage
[2025-10-14T15:09:02.291+0000] {logging_mixin.py:188} INFO - Uploaded /tmp/minio_downloads/1760100642.json to Snowflake stage
[2025-10-14T15:09:02.429+0000] {logging_mixin.py:188} INFO - Uploaded /tmp/minio_downloads/1760100652.json to Snowflake stage
[2025-10-14T15:09:02.543+0000] {logging_mixin.py:188} INFO - Uploaded /tmp/minio_downloads/1760100661.json to Snowflake stage
[2025-10-14T15:09:02.697+0000] {logging_mixin.py:188} INFO - Uploaded /tmp/minio_downloads/1760100671.json to Snowflake stage
[2025-10-14T15:09:02.850+0000] {logging_mixin.py:188} INFO - Uploaded /tmp/minio_downloads/1760100680.json to Snowflake stage
[2025-10-14T15:09:02.977+0000] {logging_mixin.py:188} INFO - Uploaded /tmp/minio_downloads/1760100689.json to Snowflake stage
[2025-10-14T15:09:03.251+0000] {logging_mixin.py:188} INFO - Uploaded /tmp/minio_downloads/1760100698.json to Snowflake stage
[2025-10-14T15:09:03.368+0000] {logging_mixin.py:188} INFO - Uploaded /tmp/minio_downloads/1760100708.json to Snowflake stage
[2025-10-14T15:09:03.495+0000] {logging_mixin.py:188} INFO - Uploaded /tmp/minio_downloads/1760100717.json to Snowflake stage
[2025-10-14T15:09:03.829+0000] {logging_mixin.py:188} INFO - Uploaded /tmp/minio_downloads/1760100726.json to Snowflake stage
[2025-10-14T15:09:03.963+0000] {logging_mixin.py:188} INFO - Uploaded /tmp/minio_downloads/1760100736.json to Snowflake stage
[2025-10-14T15:09:04.158+0000] {logging_mixin.py:188} INFO - Uploaded /tmp/minio_downloads/1760100745.json to Snowflake stage
[2025-10-14T15:09:04.288+0000] {logging_mixin.py:188} INFO - Uploaded /tmp/minio_downloads/1760100755.json to Snowflake stage
[2025-10-14T15:09:04.425+0000] {logging_mixin.py:188} INFO - Uploaded /tmp/minio_downloads/1760100764.json to Snowflake stage
[2025-10-14T15:09:04.583+0000] {logging_mixin.py:188} INFO - Uploaded /tmp/minio_downloads/1760100774.json to Snowflake stage
[2025-10-14T15:09:04.698+0000] {logging_mixin.py:188} INFO - Uploaded /tmp/minio_downloads/1760100783.json to Snowflake stage
[2025-10-14T15:09:04.820+0000] {logging_mixin.py:188} INFO - Uploaded /tmp/minio_downloads/1760100793.json to Snowflake stage
[2025-10-14T15:09:05.017+0000] {logging_mixin.py:188} INFO - Uploaded /tmp/minio_downloads/1760100802.json to Snowflake stage
[2025-10-14T15:09:05.137+0000] {logging_mixin.py:188} INFO - Uploaded /tmp/minio_downloads/1760100811.json to Snowflake stage
[2025-10-14T15:09:05.262+0000] {logging_mixin.py:188} INFO - Uploaded /tmp/minio_downloads/1760100820.json to Snowflake stage
[2025-10-14T15:09:05.416+0000] {logging_mixin.py:188} INFO - Uploaded /tmp/minio_downloads/1760100830.json to Snowflake stage
[2025-10-14T15:09:05.559+0000] {logging_mixin.py:188} INFO - Uploaded /tmp/minio_downloads/1760100840.json to Snowflake stage
[2025-10-14T15:09:05.728+0000] {logging_mixin.py:188} INFO - Uploaded /tmp/minio_downloads/1760100849.json to Snowflake stage
[2025-10-14T15:09:05.871+0000] {logging_mixin.py:188} INFO - Uploaded /tmp/minio_downloads/1760100858.json to Snowflake stage
[2025-10-14T15:09:05.998+0000] {logging_mixin.py:188} INFO - Uploaded /tmp/minio_downloads/1760100867.json to Snowflake stage
[2025-10-14T15:09:06.119+0000] {logging_mixin.py:188} INFO - Uploaded /tmp/minio_downloads/1760100876.json to Snowflake stage
[2025-10-14T15:09:06.229+0000] {logging_mixin.py:188} INFO - Uploaded /tmp/minio_downloads/1760100886.json to Snowflake stage
[2025-10-14T15:09:06.341+0000] {logging_mixin.py:188} INFO - Uploaded /tmp/minio_downloads/1760100896.json to Snowflake stage
[2025-10-14T15:09:06.514+0000] {logging_mixin.py:188} INFO - Uploaded /tmp/minio_downloads/1760100905.json to Snowflake stage
[2025-10-14T15:09:06.661+0000] {logging_mixin.py:188} INFO - Uploaded /tmp/minio_downloads/1760100915.json to Snowflake stage
[2025-10-14T15:09:06.786+0000] {logging_mixin.py:188} INFO - Uploaded /tmp/minio_downloads/1760100924.json to Snowflake stage
[2025-10-14T15:09:06.916+0000] {logging_mixin.py:188} INFO - Uploaded /tmp/minio_downloads/1760100933.json to Snowflake stage
[2025-10-14T15:09:07.067+0000] {logging_mixin.py:188} INFO - Uploaded /tmp/minio_downloads/1760100943.json to Snowflake stage
[2025-10-14T15:09:07.193+0000] {logging_mixin.py:188} INFO - Uploaded /tmp/minio_downloads/1760100953.json to Snowflake stage
[2025-10-14T15:09:07.338+0000] {logging_mixin.py:188} INFO - Uploaded /tmp/minio_downloads/1760100962.json to Snowflake stage
[2025-10-14T15:09:07.450+0000] {logging_mixin.py:188} INFO - Uploaded /tmp/minio_downloads/1760100972.json to Snowflake stage
[2025-10-14T15:09:07.581+0000] {logging_mixin.py:188} INFO - Uploaded /tmp/minio_downloads/1760100981.json to Snowflake stage
[2025-10-14T15:09:07.743+0000] {logging_mixin.py:188} INFO - Uploaded /tmp/minio_downloads/1760100991.json to Snowflake stage
[2025-10-14T15:09:07.886+0000] {logging_mixin.py:188} INFO - Uploaded /tmp/minio_downloads/1760101001.json to Snowflake stage
[2025-10-14T15:09:08.029+0000] {logging_mixin.py:188} INFO - Uploaded /tmp/minio_downloads/1760101010.json to Snowflake stage
[2025-10-14T15:09:08.175+0000] {logging_mixin.py:188} INFO - Uploaded /tmp/minio_downloads/1760101020.json to Snowflake stage
[2025-10-14T15:09:08.294+0000] {logging_mixin.py:188} INFO - Uploaded /tmp/minio_downloads/1760101030.json to Snowflake stage
[2025-10-14T15:09:08.422+0000] {logging_mixin.py:188} INFO - Uploaded /tmp/minio_downloads/1760101039.json to Snowflake stage
[2025-10-14T15:09:08.554+0000] {logging_mixin.py:188} INFO - Uploaded /tmp/minio_downloads/1760101048.json to Snowflake stage
[2025-10-14T15:09:08.755+0000] {logging_mixin.py:188} INFO - Uploaded /tmp/minio_downloads/1760101057.json to Snowflake stage
[2025-10-14T15:09:08.873+0000] {logging_mixin.py:188} INFO - Uploaded /tmp/minio_downloads/1760101067.json to Snowflake stage
[2025-10-14T15:09:09.000+0000] {logging_mixin.py:188} INFO - Uploaded /tmp/minio_downloads/1760101076.json to Snowflake stage
[2025-10-14T15:09:09.112+0000] {logging_mixin.py:188} INFO - Uploaded /tmp/minio_downloads/1760101086.json to Snowflake stage
[2025-10-14T15:09:09.270+0000] {logging_mixin.py:188} INFO - Uploaded /tmp/minio_downloads/1760101096.json to Snowflake stage
[2025-10-14T15:09:09.392+0000] {logging_mixin.py:188} INFO - Uploaded /tmp/minio_downloads/1760101106.json to Snowflake stage
[2025-10-14T15:09:09.524+0000] {logging_mixin.py:188} INFO - Uploaded /tmp/minio_downloads/1760101115.json to Snowflake stage
[2025-10-14T15:09:09.648+0000] {logging_mixin.py:188} INFO - Uploaded /tmp/minio_downloads/1760101125.json to Snowflake stage
[2025-10-14T15:09:09.771+0000] {logging_mixin.py:188} INFO - Uploaded /tmp/minio_downloads/1760101134.json to Snowflake stage
[2025-10-14T15:09:09.921+0000] {logging_mixin.py:188} INFO - Uploaded /tmp/minio_downloads/1760101144.json to Snowflake stage
[2025-10-14T15:09:10.049+0000] {logging_mixin.py:188} INFO - Uploaded /tmp/minio_downloads/1760101153.json to Snowflake stage
[2025-10-14T15:09:10.169+0000] {logging_mixin.py:188} INFO - Uploaded /tmp/minio_downloads/1760101163.json to Snowflake stage
[2025-10-14T15:09:10.326+0000] {logging_mixin.py:188} INFO - Uploaded /tmp/minio_downloads/1760101172.json to Snowflake stage
[2025-10-14T15:09:10.510+0000] {logging_mixin.py:188} INFO - Uploaded /tmp/minio_downloads/1760101181.json to Snowflake stage
[2025-10-14T15:09:10.632+0000] {logging_mixin.py:188} INFO - Uploaded /tmp/minio_downloads/1760101190.json to Snowflake stage
[2025-10-14T15:09:10.767+0000] {logging_mixin.py:188} INFO - Uploaded /tmp/minio_downloads/1760101200.json to Snowflake stage
[2025-10-14T15:09:10.893+0000] {logging_mixin.py:188} INFO - Uploaded /tmp/minio_downloads/1760101210.json to Snowflake stage
[2025-10-14T15:09:11.035+0000] {logging_mixin.py:188} INFO - Uploaded /tmp/minio_downloads/1760101220.json to Snowflake stage
[2025-10-14T15:09:11.744+0000] {logging_mixin.py:188} INFO - Uploaded /tmp/minio_downloads/1760101229.json to Snowflake stage
[2025-10-14T15:09:11.882+0000] {logging_mixin.py:188} INFO - Uploaded /tmp/minio_downloads/1760101239.json to Snowflake stage
[2025-10-14T15:09:12.107+0000] {logging_mixin.py:188} INFO - Uploaded /tmp/minio_downloads/1760101249.json to Snowflake stage
[2025-10-14T15:09:12.239+0000] {logging_mixin.py:188} INFO - Uploaded /tmp/minio_downloads/1760101259.json to Snowflake stage
[2025-10-14T15:09:12.370+0000] {logging_mixin.py:188} INFO - Uploaded /tmp/minio_downloads/1760101268.json to Snowflake stage
[2025-10-14T15:09:12.494+0000] {logging_mixin.py:188} INFO - Uploaded /tmp/minio_downloads/1760101278.json to Snowflake stage
[2025-10-14T15:09:12.646+0000] {logging_mixin.py:188} INFO - Uploaded /tmp/minio_downloads/1760101287.json to Snowflake stage
[2025-10-14T15:09:12.788+0000] {logging_mixin.py:188} INFO - Uploaded /tmp/minio_downloads/1760101296.json to Snowflake stage
[2025-10-14T15:09:12.916+0000] {logging_mixin.py:188} INFO - Uploaded /tmp/minio_downloads/1760101306.json to Snowflake stage
[2025-10-14T15:09:13.031+0000] {logging_mixin.py:188} INFO - Uploaded /tmp/minio_downloads/1760101316.json to Snowflake stage
[2025-10-14T15:09:13.146+0000] {logging_mixin.py:188} INFO - Uploaded /tmp/minio_downloads/1760101325.json to Snowflake stage
[2025-10-14T15:09:13.294+0000] {logging_mixin.py:188} INFO - Uploaded /tmp/minio_downloads/1760101335.json to Snowflake stage
[2025-10-14T15:09:13.435+0000] {logging_mixin.py:188} INFO - Uploaded /tmp/minio_downloads/1760101344.json to Snowflake stage
[2025-10-14T15:09:13.575+0000] {logging_mixin.py:188} INFO - Uploaded /tmp/minio_downloads/1760101354.json to Snowflake stage
[2025-10-14T15:09:13.700+0000] {logging_mixin.py:188} INFO - Uploaded /tmp/minio_downloads/1760101363.json to Snowflake stage
[2025-10-14T15:09:13.863+0000] {logging_mixin.py:188} INFO - Uploaded /tmp/minio_downloads/1760101373.json to Snowflake stage
[2025-10-14T15:09:13.980+0000] {logging_mixin.py:188} INFO - Uploaded /tmp/minio_downloads/1760101382.json to Snowflake stage
[2025-10-14T15:09:14.098+0000] {logging_mixin.py:188} INFO - Uploaded /tmp/minio_downloads/1760101391.json to Snowflake stage
[2025-10-14T15:09:14.275+0000] {logging_mixin.py:188} INFO - Uploaded /tmp/minio_downloads/1760101401.json to Snowflake stage
[2025-10-14T15:09:14.392+0000] {logging_mixin.py:188} INFO - Uploaded /tmp/minio_downloads/1760101410.json to Snowflake stage
[2025-10-14T15:09:14.539+0000] {logging_mixin.py:188} INFO - Uploaded /tmp/minio_downloads/1760101421.json to Snowflake stage
[2025-10-14T15:09:14.712+0000] {logging_mixin.py:188} INFO - Uploaded /tmp/minio_downloads/1760101430.json to Snowflake stage
[2025-10-14T15:09:14.849+0000] {logging_mixin.py:188} INFO - Uploaded /tmp/minio_downloads/1760101440.json to Snowflake stage
[2025-10-14T15:09:14.992+0000] {logging_mixin.py:188} INFO - Uploaded /tmp/minio_downloads/1760101450.json to Snowflake stage
[2025-10-14T15:09:15.119+0000] {logging_mixin.py:188} INFO - Uploaded /tmp/minio_downloads/1760101460.json to Snowflake stage
[2025-10-14T15:09:15.308+0000] {logging_mixin.py:188} INFO - Uploaded /tmp/minio_downloads/1760101470.json to Snowflake stage
[2025-10-14T15:09:15.433+0000] {logging_mixin.py:188} INFO - Uploaded /tmp/minio_downloads/1760101479.json to Snowflake stage
[2025-10-14T15:09:15.564+0000] {logging_mixin.py:188} INFO - Uploaded /tmp/minio_downloads/1760101489.json to Snowflake stage
[2025-10-14T15:09:15.691+0000] {logging_mixin.py:188} INFO - Uploaded /tmp/minio_downloads/1760101499.json to Snowflake stage
[2025-10-14T15:09:15.807+0000] {logging_mixin.py:188} INFO - Uploaded /tmp/minio_downloads/1760101508.json to Snowflake stage
[2025-10-14T15:09:15.947+0000] {logging_mixin.py:188} INFO - Uploaded /tmp/minio_downloads/1760101518.json to Snowflake stage
[2025-10-14T15:09:16.060+0000] {logging_mixin.py:188} INFO - Uploaded /tmp/minio_downloads/1760101527.json to Snowflake stage
[2025-10-14T15:09:16.178+0000] {logging_mixin.py:188} INFO - Uploaded /tmp/minio_downloads/1760101537.json to Snowflake stage
[2025-10-14T15:09:16.303+0000] {logging_mixin.py:188} INFO - Uploaded /tmp/minio_downloads/1760101546.json to Snowflake stage
[2025-10-14T15:09:16.421+0000] {logging_mixin.py:188} INFO - Uploaded /tmp/minio_downloads/1760101555.json to Snowflake stage
[2025-10-14T15:09:16.548+0000] {logging_mixin.py:188} INFO - Uploaded /tmp/minio_downloads/1760101565.json to Snowflake stage
[2025-10-14T15:09:16.882+0000] {logging_mixin.py:188} INFO - Uploaded /tmp/minio_downloads/1760101575.json to Snowflake stage
[2025-10-14T15:09:17.025+0000] {logging_mixin.py:188} INFO - Uploaded /tmp/minio_downloads/1760101584.json to Snowflake stage
[2025-10-14T15:09:17.149+0000] {logging_mixin.py:188} INFO - Uploaded /tmp/minio_downloads/1760101594.json to Snowflake stage
[2025-10-14T15:09:17.308+0000] {logging_mixin.py:188} INFO - Uploaded /tmp/minio_downloads/1760101603.json to Snowflake stage
[2025-10-14T15:09:17.446+0000] {logging_mixin.py:188} INFO - Uploaded /tmp/minio_downloads/1760101613.json to Snowflake stage
[2025-10-14T15:09:17.566+0000] {logging_mixin.py:188} INFO - Uploaded /tmp/minio_downloads/1760101622.json to Snowflake stage
[2025-10-14T15:09:17.722+0000] {logging_mixin.py:188} INFO - Uploaded /tmp/minio_downloads/1760101631.json to Snowflake stage
[2025-10-14T15:09:17.872+0000] {logging_mixin.py:188} INFO - Uploaded /tmp/minio_downloads/1760101641.json to Snowflake stage
[2025-10-14T15:09:18.000+0000] {logging_mixin.py:188} INFO - Uploaded /tmp/minio_downloads/1760101650.json to Snowflake stage
[2025-10-14T15:09:18.208+0000] {logging_mixin.py:188} INFO - Uploaded /tmp/minio_downloads/1760101659.json to Snowflake stage
[2025-10-14T15:09:18.394+0000] {logging_mixin.py:188} INFO - Uploaded /tmp/minio_downloads/1760101668.json to Snowflake stage
[2025-10-14T15:09:18.538+0000] {logging_mixin.py:188} INFO - Uploaded /tmp/minio_downloads/1760101677.json to Snowflake stage
[2025-10-14T15:09:18.699+0000] {logging_mixin.py:188} INFO - Uploaded /tmp/minio_downloads/1760101687.json to Snowflake stage
[2025-10-14T15:09:18.937+0000] {logging_mixin.py:188} INFO - Uploaded /tmp/minio_downloads/1760101696.json to Snowflake stage
[2025-10-14T15:09:19.343+0000] {logging_mixin.py:188} INFO - Uploaded /tmp/minio_downloads/1760101705.json to Snowflake stage
[2025-10-14T15:09:19.551+0000] {logging_mixin.py:188} INFO - Uploaded /tmp/minio_downloads/1760101715.json to Snowflake stage
[2025-10-14T15:09:19.714+0000] {logging_mixin.py:188} INFO - Uploaded /tmp/minio_downloads/1760101724.json to Snowflake stage
[2025-10-14T15:09:19.928+0000] {logging_mixin.py:188} INFO - Uploaded /tmp/minio_downloads/1760101733.json to Snowflake stage
